OpenROAD unknown 
Features included (+) or not (-): -GPU +GUI -Python
This program is licensed under the BSD-3 license. See the LICENSE file for details.
Components of this program may be licensed under more restrictive licenses which must be honored.
[INFO ORD-0030] Using 4 thread(s).
read_liberty /OpenROAD-flow-scripts/flow/platforms/sky130hd/lib/sky130_fd_sc_hd__tt_025C_1v80.lib
read_db ./results/sky130hd/similarity_asic_transfer_broadcast/base/5_1_grt.odb
read_sdc ./results/sky130hd/similarity_asic_transfer_broadcast/base/5_1_grt.sdc
source /OpenROAD-flow-scripts/flow/platforms/sky130hd/setRC.tcl
detailed_route -output_drc ./reports/sky130hd/similarity_asic_transfer_broadcast/base/5_route_drc.rpt -output_maze ./results/sky130hd/similarity_asic_transfer_broadcast/base/maze.log -droute_end_iter 64 -verbose 1 -drc_report_iter_step 5
[INFO DRT-0149] Reading tech and libs.
[WARNING DRT-0349] LEF58_ENCLOSURE with no CUTCLASS is not supported. Skipping for layer mcon
[WARNING DRT-0349] LEF58_ENCLOSURE with no CUTCLASS is not supported. Skipping for layer mcon
[WARNING DRT-0349] LEF58_ENCLOSURE with no CUTCLASS is not supported. Skipping for layer via
[WARNING DRT-0349] LEF58_ENCLOSURE with no CUTCLASS is not supported. Skipping for layer via
[WARNING DRT-0349] LEF58_ENCLOSURE with no CUTCLASS is not supported. Skipping for layer via2
[WARNING DRT-0349] LEF58_ENCLOSURE with no CUTCLASS is not supported. Skipping for layer via2
[WARNING DRT-0349] LEF58_ENCLOSURE with no CUTCLASS is not supported. Skipping for layer via3
[WARNING DRT-0349] LEF58_ENCLOSURE with no CUTCLASS is not supported. Skipping for layer via3
[WARNING DRT-0349] LEF58_ENCLOSURE with no CUTCLASS is not supported. Skipping for layer via4
[WARNING DRT-0349] LEF58_ENCLOSURE with no CUTCLASS is not supported. Skipping for layer via4

Units:                1000
Number of layers:     13
Number of macros:     441
Number of vias:       29
Number of viarulegen: 25

[INFO DRT-0150] Reading design.

Design:                   similarity_asic_transfer_broadcast
Die area:                 ( 0 0 ) ( 940665 940665 )
Number of track patterns: 12
Number of DEF vias:       0
Number of components:     39311
Number of terminals:      36
Number of snets:          2
Number of nets:           37476

[INFO DRT-0167] List of default vias:
  Layer via
    default via: M1M2_PR
  Layer via2
    default via: M2M3_PR
  Layer via3
    default via: M3M4_PR
  Layer via4
    default via: M4M5_PR
[INFO DRT-0162] Library cell analysis.
[INFO DRT-0163] Instance analysis.
[INFO DRT-0164] Number of unique instances = 211.
[INFO DRT-0168] Init region query.
[INFO DRT-0024]   Complete FR_MASTERSLICE.
[INFO DRT-0024]   Complete Fr_VIA.
[INFO DRT-0024]   Complete li1.
[INFO DRT-0024]   Complete mcon.
[INFO DRT-0024]   Complete met1.
[INFO DRT-0024]   Complete via.
[INFO DRT-0024]   Complete met2.
[INFO DRT-0024]   Complete via2.
[INFO DRT-0024]   Complete met3.
[INFO DRT-0024]   Complete via3.
[INFO DRT-0024]   Complete met4.
[INFO DRT-0024]   Complete via4.
[INFO DRT-0024]   Complete met5.
[INFO DRT-0033] FR_MASTERSLICE shape region query size = 0.
[INFO DRT-0033] FR_VIA shape region query size = 0.
[INFO DRT-0033] li1 shape region query size = 1056985.
[INFO DRT-0033] mcon shape region query size = 604442.
[INFO DRT-0033] met1 shape region query size = 229991.
[INFO DRT-0033] via shape region query size = 59515.
[INFO DRT-0033] met2 shape region query size = 35730.
[INFO DRT-0033] via2 shape region query size = 47612.
[INFO DRT-0033] met3 shape region query size = 35722.
[INFO DRT-0033] via3 shape region query size = 47612.
[INFO DRT-0033] met4 shape region query size = 14318.
[INFO DRT-0033] via4 shape region query size = 2346.
[INFO DRT-0033] met5 shape region query size = 2482.
[INFO DRT-0165] Start pin access.
[INFO DRT-0076]   Complete 1000 pins.
[INFO DRT-0078]   Complete 1709 pins.
[INFO DRT-0079]   Complete 100 unique inst patterns.
[INFO DRT-0079]   Complete 200 unique inst patterns.
[INFO DRT-0081]   Complete 211 unique inst patterns.
[INFO DRT-0082]   Complete 10000 groups.
[INFO DRT-0084]   Complete 19283 groups.
#scanned instances     = 39311
#unique  instances     = 211
#stdCellGenAp          = 7598
#stdCellValidPlanarAp  = 90
#stdCellValidViaAp     = 5234
#stdCellPinNoAp        = 10
#stdCellPinCnt         = 105116
#instTermValidViaApCnt = 0
#macroGenAp            = 0
#macroValidPlanarAp    = 0
#macroValidViaAp       = 0
#macroNoAp             = 0
[INFO DRT-0166] Complete pin access.
[INFO DRT-0267] cpu time = 00:10:24, elapsed time = 00:02:38, memory = 552.99 (MB), peak = 568.04 (MB)
[INFO DRT-0156] guideIn read 100000 guides.
[INFO DRT-0156] guideIn read 200000 guides.

[INFO DRT-0157] Number of guides:     234698

[INFO DRT-0169] Post process guides.
[INFO DRT-0176] GCELLGRID X 0 DO 136 STEP 6900 ;
[INFO DRT-0177] GCELLGRID Y 0 DO 136 STEP 6900 ;
[INFO DRT-0026]   Complete 100000 origin guides.
[INFO DRT-0026]   Complete 200000 origin guides.
[INFO DRT-0028]   Complete FR_MASTERSLICE.
[INFO DRT-0028]   Complete Fr_VIA.
[INFO DRT-0028]   Complete li1.
[INFO DRT-0028]   Complete mcon.
[INFO DRT-0028]   Complete met1.
[INFO DRT-0028]   Complete via.
[INFO DRT-0028]   Complete met2.
[INFO DRT-0028]   Complete via2.
[INFO DRT-0028]   Complete met3.
[INFO DRT-0028]   Complete via3.
[INFO DRT-0028]   Complete met4.
[INFO DRT-0028]   Complete via4.
[INFO DRT-0028]   Complete met5.
[INFO DRT-0178] Init guide query.
[INFO DRT-0035]   Complete FR_MASTERSLICE (guide).
[INFO DRT-0035]   Complete Fr_VIA (guide).
[INFO DRT-0035]   Complete li1 (guide).
[INFO DRT-0035]   Complete mcon (guide).
[INFO DRT-0035]   Complete met1 (guide).
[INFO DRT-0035]   Complete via (guide).
[INFO DRT-0035]   Complete met2 (guide).
[INFO DRT-0035]   Complete via2 (guide).
[INFO DRT-0035]   Complete met3 (guide).
[INFO DRT-0035]   Complete via3 (guide).
[INFO DRT-0035]   Complete met4 (guide).
[INFO DRT-0035]   Complete via4 (guide).
[INFO DRT-0035]   Complete met5 (guide).
[INFO DRT-0036] FR_MASTERSLICE guide region query size = 0.
[INFO DRT-0036] FR_VIA guide region query size = 0.
[INFO DRT-0036] li1 guide region query size = 77247.
[INFO DRT-0036] mcon guide region query size = 0.
[INFO DRT-0036] met1 guide region query size = 70519.
[INFO DRT-0036] via guide region query size = 0.
[INFO DRT-0036] met2 guide region query size = 33960.
[INFO DRT-0036] via2 guide region query size = 0.
[INFO DRT-0036] met3 guide region query size = 1129.
[INFO DRT-0036] via3 guide region query size = 0.
[INFO DRT-0036] met4 guide region query size = 455.
[INFO DRT-0036] via4 guide region query size = 0.
[INFO DRT-0036] met5 guide region query size = 3.
[INFO DRT-0179] Init gr pin query.
[INFO DRT-0267] cpu time = 00:00:00, elapsed time = 00:00:00, memory = 625.43 (MB), peak = 625.37 (MB)
[INFO DRT-0245] skipped writing guide updates to database.
[INFO DRT-0181] Start track assignment.
[INFO DRT-0184] Done with 111662 vertical wires in 3 frboxes and 71651 horizontal wires in 3 frboxes.
[INFO DRT-0186] Done with 10868 vertical wires in 3 frboxes and 18763 horizontal wires in 3 frboxes.
[INFO DRT-0182] Complete track assignment.
[INFO DRT-0267] cpu time = 00:00:12, elapsed time = 00:00:05, memory = 932.56 (MB), peak = 932.43 (MB)
[INFO DRT-0187] Start routing data preparation.
[INFO DRT-0267] cpu time = 00:00:00, elapsed time = 00:00:00, memory = 932.62 (MB), peak = 932.43 (MB)
[INFO DRT-0194] Start detail routing.
[INFO DRT-0195] Start 0th optimization iteration.
    Completing 10% with 0 violations.
    elapsed time = 00:00:12, memory = 1231.79 (MB).
    Completing 20% with 0 violations.
    elapsed time = 00:00:24, memory = 1633.20 (MB).
    Completing 30% with 2354 violations.
    elapsed time = 00:00:39, memory = 1697.99 (MB).
    Completing 40% with 2354 violations.
    elapsed time = 00:00:53, memory = 1666.72 (MB).
    Completing 50% with 2354 violations.
    elapsed time = 00:01:06, memory = 1797.26 (MB).
    Completing 60% with 5141 violations.
    elapsed time = 00:01:24, memory = 1841.29 (MB).
    Completing 70% with 5141 violations.
    elapsed time = 00:01:35, memory = 1851.31 (MB).
    Completing 80% with 7846 violations.
    elapsed time = 00:01:56, memory = 1879.32 (MB).
    Completing 90% with 7846 violations.
    elapsed time = 00:02:13, memory = 1879.33 (MB).
    Completing 100% with 10738 violations.
    elapsed time = 00:02:33, memory = 1847.33 (MB).
[INFO DRT-0199]   Number of violations = 12242.
Viol/Layer         li1   mcon   met1    via   met2   met3   via3   met4
Cut Spacing          0     11      0      0      0      0      0      0
Metal Spacing        0      0   1799      0    424      7      0      2
Min Hole             0      0     43      0      0      0      0      0
Recheck             23      0   1012      0    448     14      0      7
Short                0      3   7576      3    841      4      1     24
[INFO DRT-0267] cpu time = 00:09:52, elapsed time = 00:02:33, memory = 1817.39 (MB), peak = 1937.20 (MB)
Total wire length = 899992 um.
Total wire length on LAYER li1 = 0 um.
Total wire length on LAYER met1 = 436337 um.
Total wire length on LAYER met2 = 404771 um.
Total wire length on LAYER met3 = 33885 um.
Total wire length on LAYER met4 = 24949 um.
Total wire length on LAYER met5 = 47 um.
Total number of vias = 200824.
Up-via summary (total 200824):

-------------------------
 FR_MASTERSLICE         0
            li1     92710
           met1    105562
           met2      1799
           met3       747
           met4         6
-------------------------
               200824


[INFO DRT-0195] Start 1st optimization iteration.
    Completing 10% with 12242 violations.
    elapsed time = 00:00:12, memory = 1891.40 (MB).
    Completing 20% with 12242 violations.
    elapsed time = 00:00:25, memory = 1887.40 (MB).
    Completing 30% with 10529 violations.
    elapsed time = 00:00:40, memory = 1979.41 (MB).
    Completing 40% with 10529 violations.
    elapsed time = 00:00:55, memory = 1933.42 (MB).
    Completing 50% with 10529 violations.
    elapsed time = 00:01:09, memory = 1865.42 (MB).
    Completing 60% with 9039 violations.
    elapsed time = 00:01:26, memory = 1919.43 (MB).
    Completing 70% with 9039 violations.
    elapsed time = 00:01:38, memory = 1925.44 (MB).
    Completing 80% with 7407 violations.
    elapsed time = 00:01:55, memory = 1953.44 (MB).
    Completing 90% with 7407 violations.
    elapsed time = 00:02:07, memory = 1925.44 (MB).
    Completing 100% with 5972 violations.
    elapsed time = 00:02:23, memory = 1859.44 (MB).
[INFO DRT-0199]   Number of violations = 5972.
Viol/Layer        mcon   met1   met2   met4
Cut Spacing         27      0      0      0
Metal Spacing        0    774    150      1
Min Hole             0      1      0      0
Short                0   4795    224      0
[INFO DRT-0267] cpu time = 00:09:13, elapsed time = 00:02:24, memory = 1859.44 (MB), peak = 2013.21 (MB)
Total wire length = 892083 um.
Total wire length on LAYER li1 = 0 um.
Total wire length on LAYER met1 = 431921 um.
Total wire length on LAYER met2 = 401164 um.
Total wire length on LAYER met3 = 34222 um.
Total wire length on LAYER met4 = 24726 um.
Total wire length on LAYER met5 = 47 um.
Total number of vias = 198869.
Up-via summary (total 198869):

-------------------------
 FR_MASTERSLICE         0
            li1     92681
           met1    103597
           met2      1881
           met3       704
           met4         6
-------------------------
               198869


[INFO DRT-0195] Start 2nd optimization iteration.
    Completing 10% with 5972 violations.
    elapsed time = 00:00:10, memory = 1935.44 (MB).
    Completing 20% with 5972 violations.
    elapsed time = 00:00:22, memory = 1931.44 (MB).
    Completing 30% with 5778 violations.
    elapsed time = 00:00:34, memory = 1883.45 (MB).
    Completing 40% with 5778 violations.
    elapsed time = 00:00:49, memory = 1913.45 (MB).
    Completing 50% with 5778 violations.
    elapsed time = 00:01:01, memory = 1899.45 (MB).
    Completing 60% with 5739 violations.
    elapsed time = 00:01:17, memory = 1885.45 (MB).
    Completing 70% with 5739 violations.
    elapsed time = 00:01:30, memory = 1897.45 (MB).
    Completing 80% with 5612 violations.
    elapsed time = 00:01:44, memory = 1919.45 (MB).
    Completing 90% with 5612 violations.
    elapsed time = 00:01:57, memory = 1913.45 (MB).
    Completing 100% with 5465 violations.
    elapsed time = 00:02:13, memory = 1859.45 (MB).
[INFO DRT-0199]   Number of violations = 5465.
Viol/Layer        mcon   met1   met2   met3
Cut Spacing         16      0      0      0
Metal Spacing        0    657    130      1
Short                0   4508    145      8
[INFO DRT-0267] cpu time = 00:08:36, elapsed time = 00:02:14, memory = 1867.45 (MB), peak = 2013.21 (MB)
Total wire length = 890169 um.
Total wire length on LAYER li1 = 0 um.
Total wire length on LAYER met1 = 431149 um.
Total wire length on LAYER met2 = 400190 um.
Total wire length on LAYER met3 = 34090 um.
Total wire length on LAYER met4 = 24696 um.
Total wire length on LAYER met5 = 43 um.
Total number of vias = 198105.
Up-via summary (total 198105):

-------------------------
 FR_MASTERSLICE         0
            li1     92682
           met1    102905
           met2      1828
           met3       684
           met4         6
-------------------------
               198105


[INFO DRT-0195] Start 3rd optimization iteration.
    Completing 10% with 5465 violations.
    elapsed time = 00:00:08, memory = 1939.45 (MB).
    Completing 20% with 5465 violations.
    elapsed time = 00:00:16, memory = 1917.45 (MB).
    Completing 30% with 4332 violations.
    elapsed time = 00:00:25, memory = 1929.45 (MB).
    Completing 40% with 4332 violations.
    elapsed time = 00:00:32, memory = 1917.45 (MB).
    Completing 50% with 4332 violations.
    elapsed time = 00:00:42, memory = 1853.45 (MB).
    Completing 60% with 3070 violations.
    elapsed time = 00:00:50, memory = 1915.45 (MB).
    Completing 70% with 3070 violations.
    elapsed time = 00:01:00, memory = 1921.45 (MB).
    Completing 80% with 1684 violations.
    elapsed time = 00:01:11, memory = 1959.45 (MB).
    Completing 90% with 1684 violations.
    elapsed time = 00:01:18, memory = 1935.45 (MB).
    Completing 100% with 372 violations.
    elapsed time = 00:01:30, memory = 1841.45 (MB).
[INFO DRT-0199]   Number of violations = 372.
Viol/Layer        met1    via   met2
Cut Spacing          0      1      0
Metal Spacing      105      0     33
Short              211      0     22
[INFO DRT-0267] cpu time = 00:05:45, elapsed time = 00:01:31, memory = 1853.45 (MB), peak = 2015.26 (MB)
Total wire length = 889270 um.
Total wire length on LAYER li1 = 0 um.
Total wire length on LAYER met1 = 412975 um.
Total wire length on LAYER met2 = 400774 um.
Total wire length on LAYER met3 = 50455 um.
Total wire length on LAYER met4 = 25021 um.
Total wire length on LAYER met5 = 43 um.
Total number of vias = 201410.
Up-via summary (total 201410):

-------------------------
 FR_MASTERSLICE         0
            li1     92674
           met1    104231
           met2      3769
           met3       730
           met4         6
-------------------------
               201410


[INFO DRT-0195] Start 4th optimization iteration.
    Completing 10% with 372 violations.
    elapsed time = 00:00:00, memory = 1919.45 (MB).
    Completing 20% with 372 violations.
    elapsed time = 00:00:01, memory = 1927.45 (MB).
    Completing 30% with 299 violations.
    elapsed time = 00:00:02, memory = 1845.45 (MB).
    Completing 40% with 299 violations.
    elapsed time = 00:00:03, memory = 1977.45 (MB).
    Completing 50% with 299 violations.
    elapsed time = 00:00:04, memory = 1903.45 (MB).
    Completing 60% with 229 violations.
    elapsed time = 00:00:04, memory = 1933.45 (MB).
    Completing 70% with 229 violations.
    elapsed time = 00:00:05, memory = 1933.45 (MB).
    Completing 80% with 81 violations.
    elapsed time = 00:00:07, memory = 1917.45 (MB).
    Completing 90% with 81 violations.
    elapsed time = 00:00:08, memory = 1941.45 (MB).
    Completing 100% with 0 violations.
    elapsed time = 00:00:09, memory = 1903.45 (MB).
[INFO DRT-0199]   Number of violations = 0.
[INFO DRT-0267] cpu time = 00:00:31, elapsed time = 00:00:09, memory = 1903.45 (MB), peak = 2015.26 (MB)
Total wire length = 889190 um.
Total wire length on LAYER li1 = 0 um.
Total wire length on LAYER met1 = 412432 um.
Total wire length on LAYER met2 = 400754 um.
Total wire length on LAYER met3 = 50938 um.
Total wire length on LAYER met4 = 25021 um.
Total wire length on LAYER met5 = 43 um.
Total number of vias = 201440.
Up-via summary (total 201440):

-------------------------
 FR_MASTERSLICE         0
            li1     92675
           met1    104223
           met2      3806
           met3       730
           met4         6
-------------------------
               201440


[INFO DRT-0198] Complete detail routing.
Total wire length = 889190 um.
Total wire length on LAYER li1 = 0 um.
Total wire length on LAYER met1 = 412432 um.
Total wire length on LAYER met2 = 400754 um.
Total wire length on LAYER met3 = 50938 um.
Total wire length on LAYER met4 = 25021 um.
Total wire length on LAYER met5 = 43 um.
Total number of vias = 201440.
Up-via summary (total 201440):

-------------------------
 FR_MASTERSLICE         0
            li1     92675
           met1    104223
           met2      3806
           met3       730
           met4         6
-------------------------
               201440


[INFO DRT-0267] cpu time = 00:34:00, elapsed time = 00:08:53, memory = 1903.52 (MB), peak = 2015.26 (MB)

[INFO DRT-0180] Post processing.
[INFO DRT-0501] Runtime: 699.09s
Took 700 seconds: detailed_route -output_drc ./reports/sky130hd/similarity_asic_transfer_broadcast/base/5_route_drc.rpt -output_maze ./results/sky130hd/similarity_asic_transfer_broadcast/base/maze.log -droute_end_iter 64 -verbose 1 -drc_report_iter_step 5
[INFO GRT-0012] Found 16 antenna violations.
[INFO DPL-0006] Core area: 877611.70 um^2
[INFO DPL-0007] Movable instances area: 0.00 um^2
[INFO DPL-0008] Fixed instances area within core: 334627.18 um^2
[INFO DPL-0009] Utilization: 38.1%
[INFO DPL-0005] Diamond search max displacement: +/- 500 sites horizontally, +/- 100 rows vertically.
[INFO DPL-1102] Legalizing using negotiation legalizer.
[INFO DPL-1103] Negotiation base search window: +/-20 sites horizontally, +/-5 rows vertically 
	Automatic search window extension enabled.
	Search window extendable up to the max displacement cap of +/-500 sites, +/-100 rows near walls.
[INFO DPL-1104] NegotiationLegalizer DRC penalty: 5.
[INFO DPL-0392] Negotiation cell height distribution (1 unique row-count(s)):
[INFO DPL-0393]   height 1 row(s): 39330 cells
[INFO DPL-0500] Runtime: 0.17s
[INFO GRT-0015] Inserted 19 diodes.
[INFO DRT-0024]   Complete FR_MASTERSLICE.
[INFO DRT-0024]   Complete Fr_VIA.
[INFO DRT-0024]   Complete li1.
[INFO DRT-0024]   Complete mcon.
[INFO DRT-0024]   Complete met1.
[INFO DRT-0024]   Complete via.
[INFO DRT-0024]   Complete met2.
[INFO DRT-0024]   Complete via2.
[INFO DRT-0024]   Complete met3.
[INFO DRT-0024]   Complete via3.
[INFO DRT-0024]   Complete met4.
[INFO DRT-0024]   Complete via4.
[INFO DRT-0024]   Complete met5.
[INFO DRT-0165] Start pin access.
[INFO DRT-0076]   Complete 1000 pins.
[INFO DRT-0078]   Complete 1709 pins.
[INFO DRT-0079]   Complete 100 unique inst patterns.
[INFO DRT-0079]   Complete 200 unique inst patterns.
[INFO DRT-0081]   Complete 211 unique inst patterns.
[INFO DRT-0082]   Complete 10000 groups.
[INFO DRT-0084]   Complete 19285 groups.
#scanned instances     = 39330
#unique  instances     = 211
#stdCellGenAp          = 7598
#stdCellValidPlanarAp  = 90
#stdCellValidViaAp     = 5234
#stdCellPinNoAp        = 10
#stdCellPinCnt         = 105116
#instTermValidViaApCnt = 0
#macroGenAp            = 0
#macroValidPlanarAp    = 0
#macroValidViaAp       = 0
#macroNoAp             = 0
[INFO DRT-0166] Complete pin access.
[INFO DRT-0267] cpu time = 00:10:30, elapsed time = 00:02:39, memory = 1791.08 (MB), peak = 2015.26 (MB)
[INFO DRT-0156] guideIn read 100000 guides.
[INFO DRT-0156] guideIn read 200000 guides.

[INFO DRT-0157] Number of guides:     234354

[INFO DRT-0169] Post process guides.
[INFO DRT-0176] GCELLGRID X 0 DO 136 STEP 6900 ;
[INFO DRT-0177] GCELLGRID Y 0 DO 136 STEP 6900 ;
[INFO DRT-0026]   Complete 100000 origin guides.
[INFO DRT-0026]   Complete 200000 origin guides.
[INFO DRT-0028]   Complete FR_MASTERSLICE.
[INFO DRT-0028]   Complete Fr_VIA.
[INFO DRT-0028]   Complete li1.
[INFO DRT-0028]   Complete mcon.
[INFO DRT-0028]   Complete met1.
[INFO DRT-0028]   Complete via.
[INFO DRT-0028]   Complete met2.
[INFO DRT-0028]   Complete via2.
[INFO DRT-0028]   Complete met3.
[INFO DRT-0028]   Complete via3.
[INFO DRT-0028]   Complete met4.
[INFO DRT-0028]   Complete via4.
[INFO DRT-0028]   Complete met5.
[INFO DRT-0178] Init guide query.
[INFO DRT-0035]   Complete FR_MASTERSLICE (guide).
[INFO DRT-0035]   Complete Fr_VIA (guide).
[INFO DRT-0035]   Complete li1 (guide).
[INFO DRT-0035]   Complete mcon (guide).
[INFO DRT-0035]   Complete met1 (guide).
[INFO DRT-0035]   Complete via (guide).
[INFO DRT-0035]   Complete met2 (guide).
[INFO DRT-0035]   Complete via2 (guide).
[INFO DRT-0035]   Complete met3 (guide).
[INFO DRT-0035]   Complete via3 (guide).
[INFO DRT-0035]   Complete met4 (guide).
[INFO DRT-0035]   Complete via4 (guide).
[INFO DRT-0035]   Complete met5 (guide).
[INFO DRT-0036] FR_MASTERSLICE guide region query size = 0.
[INFO DRT-0036] FR_VIA guide region query size = 0.
[INFO DRT-0036] li1 guide region query size = 77251.
[INFO DRT-0036] mcon guide region query size = 0.
[INFO DRT-0036] met1 guide region query size = 70459.
[INFO DRT-0036] via guide region query size = 0.
[INFO DRT-0036] met2 guide region query size = 33871.
[INFO DRT-0036] via2 guide region query size = 0.
[INFO DRT-0036] met3 guide region query size = 1071.
[INFO DRT-0036] via3 guide region query size = 0.
[INFO DRT-0036] met4 guide region query size = 440.
[INFO DRT-0036] via4 guide region query size = 0.
[INFO DRT-0036] met5 guide region query size = 3.
[INFO DRT-0179] Init gr pin query.
[INFO DRT-0267] cpu time = 00:00:00, elapsed time = 00:00:00, memory = 1763.09 (MB), peak = 2015.26 (MB)
[INFO DRT-0245] skipped writing guide updates to database.
[INFO DRT-0181] Start track assignment.
[INFO DRT-0184] Done with 111562 vertical wires in 3 frboxes and 71533 horizontal wires in 3 frboxes.
[INFO DRT-0186] Done with 10845 vertical wires in 3 frboxes and 18765 horizontal wires in 3 frboxes.
[INFO DRT-0182] Complete track assignment.
[INFO DRT-0267] cpu time = 00:00:12, elapsed time = 00:00:05, memory = 1935.09 (MB), peak = 2015.26 (MB)
[INFO DRT-0187] Start routing data preparation.
[INFO DRT-0267] cpu time = 00:00:00, elapsed time = 00:00:00, memory = 1935.09 (MB), peak = 2015.26 (MB)
[INFO DRT-0194] Start detail routing.
[INFO DRT-0195] Start 0th optimization iteration.
    Completing 10% with 0 violations.
    elapsed time = 00:00:04, memory = 1895.09 (MB).
    Completing 20% with 0 violations.
    elapsed time = 00:00:09, memory = 1910.12 (MB).
    Completing 30% with 505 violations.
    elapsed time = 00:00:15, memory = 2098.71 (MB).
    Completing 40% with 505 violations.
    elapsed time = 00:00:19, memory = 2088.71 (MB).
    Completing 50% with 505 violations.
    elapsed time = 00:00:24, memory = 2030.73 (MB).
    Completing 60% with 920 violations.
    elapsed time = 00:00:30, memory = 2090.73 (MB).
    Completing 70% with 920 violations.
    elapsed time = 00:00:34, memory = 2060.73 (MB).
    Completing 80% with 1434 violations.
    elapsed time = 00:00:40, memory = 2100.91 (MB).
    Completing 90% with 1434 violations.
    elapsed time = 00:00:44, memory = 2076.91 (MB).
    Completing 100% with 1805 violations.
    elapsed time = 00:00:50, memory = 1984.91 (MB).
[INFO DRT-0199]   Number of violations = 2018.
Viol/Layer        met1   met2
Metal Spacing      108     71
Min Hole             1      0
Recheck            120     93
Short             1246    379
[INFO DRT-0267] cpu time = 00:03:12, elapsed time = 00:00:50, memory = 2000.91 (MB), peak = 2154.74 (MB)
Total wire length = 889806 um.
Total wire length on LAYER li1 = 0 um.
Total wire length on LAYER met1 = 415590 um.
Total wire length on LAYER met2 = 402258 um.
Total wire length on LAYER met3 = 48267 um.
Total wire length on LAYER met4 = 23647 um.
Total wire length on LAYER met5 = 43 um.
Total number of vias = 201268.
Up-via summary (total 201268):

-------------------------
 FR_MASTERSLICE         0
            li1     92707
           met1    104258
           met2      3601
           met3       696
           met4         6
-------------------------
               201268


[INFO DRT-0195] Start 1st optimization iteration.
    Completing 10% with 2018 violations.
    elapsed time = 00:00:04, memory = 2078.91 (MB).
    Completing 20% with 2018 violations.
    elapsed time = 00:00:09, memory = 2098.91 (MB).
    Completing 30% with 1716 violations.
    elapsed time = 00:00:14, memory = 2099.27 (MB).
    Completing 40% with 1716 violations.
    elapsed time = 00:00:19, memory = 2109.27 (MB).
    Completing 50% with 1716 violations.
    elapsed time = 00:00:24, memory = 2113.27 (MB).
    Completing 60% with 1461 violations.
    elapsed time = 00:00:29, memory = 2109.27 (MB).
    Completing 70% with 1461 violations.
    elapsed time = 00:00:33, memory = 2109.27 (MB).
    Completing 80% with 1238 violations.
    elapsed time = 00:00:39, memory = 2109.27 (MB).
    Completing 90% with 1238 violations.
    elapsed time = 00:00:43, memory = 2109.27 (MB).
    Completing 100% with 1122 violations.
    elapsed time = 00:00:48, memory = 2103.27 (MB).
[INFO DRT-0199]   Number of violations = 1122.
Viol/Layer        met1    via   met2
Metal Spacing       74      0     22
Short              922      1    103
[INFO DRT-0267] cpu time = 00:03:04, elapsed time = 00:00:48, memory = 2103.27 (MB), peak = 2154.74 (MB)
Total wire length = 889669 um.
Total wire length on LAYER li1 = 0 um.
Total wire length on LAYER met1 = 415531 um.
Total wire length on LAYER met2 = 402122 um.
Total wire length on LAYER met3 = 48325 um.
Total wire length on LAYER met4 = 23647 um.
Total wire length on LAYER met5 = 43 um.
Total number of vias = 201189.
Up-via summary (total 201189):

-------------------------
 FR_MASTERSLICE         0
            li1     92701
           met1    104173
           met2      3613
           met3       696
           met4         6
-------------------------
               201189


[INFO DRT-0195] Start 2nd optimization iteration.
    Completing 10% with 1122 violations.
    elapsed time = 00:00:01, memory = 2103.27 (MB).
    Completing 20% with 1122 violations.
    elapsed time = 00:00:02, memory = 2103.27 (MB).
    Completing 30% with 1070 violations.
    elapsed time = 00:00:05, memory = 2103.27 (MB).
    Completing 40% with 1070 violations.
    elapsed time = 00:00:08, memory = 2103.27 (MB).
    Completing 50% with 1070 violations.
    elapsed time = 00:00:10, memory = 2103.27 (MB).
    Completing 60% with 988 violations.
    elapsed time = 00:00:13, memory = 2101.27 (MB).
    Completing 70% with 988 violations.
    elapsed time = 00:00:15, memory = 2101.27 (MB).
    Completing 80% with 945 violations.
    elapsed time = 00:00:18, memory = 2099.27 (MB).
    Completing 90% with 945 violations.
    elapsed time = 00:00:20, memory = 2099.27 (MB).
    Completing 100% with 867 violations.
    elapsed time = 00:00:23, memory = 2097.27 (MB).
[INFO DRT-0199]   Number of violations = 867.
Viol/Layer        met1   met2
Metal Spacing       26     17
Short              745     79
[INFO DRT-0267] cpu time = 00:01:29, elapsed time = 00:00:23, memory = 2097.27 (MB), peak = 2154.74 (MB)
Total wire length = 889541 um.
Total wire length on LAYER li1 = 0 um.
Total wire length on LAYER met1 = 415471 um.
Total wire length on LAYER met2 = 402022 um.
Total wire length on LAYER met3 = 48356 um.
Total wire length on LAYER met4 = 23647 um.
Total wire length on LAYER met5 = 43 um.
Total number of vias = 201171.
Up-via summary (total 201171):

-------------------------
 FR_MASTERSLICE         0
            li1     92706
           met1    104145
           met2      3618
           met3       696
           met4         6
-------------------------
               201171


[INFO DRT-0195] Start 3rd optimization iteration.
    Completing 10% with 867 violations.
    elapsed time = 00:00:01, memory = 2097.27 (MB).
    Completing 20% with 867 violations.
    elapsed time = 00:00:05, memory = 2105.27 (MB).
    Completing 30% with 694 violations.
    elapsed time = 00:00:08, memory = 2095.27 (MB).
    Completing 40% with 694 violations.
    elapsed time = 00:00:10, memory = 2095.27 (MB).
    Completing 50% with 694 violations.
    elapsed time = 00:00:13, memory = 2095.27 (MB).
    Completing 60% with 524 violations.
    elapsed time = 00:00:15, memory = 2105.27 (MB).
    Completing 70% with 524 violations.
    elapsed time = 00:00:19, memory = 2109.27 (MB).
    Completing 80% with 250 violations.
    elapsed time = 00:00:22, memory = 2105.27 (MB).
    Completing 90% with 250 violations.
    elapsed time = 00:00:24, memory = 2105.27 (MB).
    Completing 100% with 28 violations.
    elapsed time = 00:00:27, memory = 2103.27 (MB).
[INFO DRT-0199]   Number of violations = 28.
Viol/Layer        met1   met2
Metal Spacing        2      1
Short               25      0
[INFO DRT-0267] cpu time = 00:01:44, elapsed time = 00:00:27, memory = 2103.27 (MB), peak = 2154.74 (MB)
Total wire length = 889172 um.
Total wire length on LAYER li1 = 0 um.
Total wire length on LAYER met1 = 411539 um.
Total wire length on LAYER met2 = 401970 um.
Total wire length on LAYER met3 = 51766 um.
Total wire length on LAYER met4 = 23853 um.
Total wire length on LAYER met5 = 43 um.
Total number of vias = 201716.
Up-via summary (total 201716):

-------------------------
 FR_MASTERSLICE         0
            li1     92704
           met1    104371
           met2      3925
           met3       710
           met4         6
-------------------------
               201716


[INFO DRT-0195] Start 4th guides tiles iteration.
    Completing 10% with 28 violations.
    elapsed time = 00:00:00, memory = 2103.27 (MB).
    Completing 30% with 28 violations.
    elapsed time = 00:00:00, memory = 2103.27 (MB).
    Completing 50% with 28 violations.
    elapsed time = 00:00:00, memory = 2103.27 (MB).
    Completing 60% with 28 violations.
    elapsed time = 00:00:00, memory = 2103.27 (MB).
    Completing 80% with 2 violations.
    elapsed time = 00:00:00, memory = 2103.27 (MB).
    Completing 100% with 2 violations.
    elapsed time = 00:00:00, memory = 2103.27 (MB).
[INFO DRT-0199]   Number of violations = 2.
Viol/Layer        met1
Short                2
[INFO DRT-0267] cpu time = 00:00:00, elapsed time = 00:00:00, memory = 2103.27 (MB), peak = 2154.74 (MB)
Total wire length = 889148 um.
Total wire length on LAYER li1 = 0 um.
Total wire length on LAYER met1 = 411222 um.
Total wire length on LAYER met2 = 401958 um.
Total wire length on LAYER met3 = 52072 um.
Total wire length on LAYER met4 = 23853 um.
Total wire length on LAYER met5 = 43 um.
Total number of vias = 201702.
Up-via summary (total 201702):

-------------------------
 FR_MASTERSLICE         0
            li1     92704
           met1    104355
           met2      3927
           met3       710
           met4         6
-------------------------
               201702


[INFO DRT-0195] Start 5th guides tiles iteration.
    Completing 100% with 2 violations.
    elapsed time = 00:00:00, memory = 2103.27 (MB).
[INFO DRT-0199]   Number of violations = 2.
Viol/Layer        met1
Short                2
[INFO DRT-0267] cpu time = 00:00:00, elapsed time = 00:00:00, memory = 2103.33 (MB), peak = 2154.74 (MB)
Total wire length = 889148 um.
Total wire length on LAYER li1 = 0 um.
Total wire length on LAYER met1 = 411222 um.
Total wire length on LAYER met2 = 401958 um.
Total wire length on LAYER met3 = 52072 um.
Total wire length on LAYER met4 = 23853 um.
Total wire length on LAYER met5 = 43 um.
Total number of vias = 201702.
Up-via summary (total 201702):

-------------------------
 FR_MASTERSLICE         0
            li1     92704
           met1    104355
           met2      3927
           met3       710
           met4         6
-------------------------
               201702


[INFO DRT-0195] Start 6th stubborn tiles iteration.
    Completing 10% with 2 violations.
    elapsed time = 00:00:00, memory = 2103.33 (MB).
    Completing 20% with 2 violations.
    elapsed time = 00:00:01, memory = 2103.33 (MB).
    Completing 30% with 2 violations.
    elapsed time = 00:00:01, memory = 2103.33 (MB).
    Completing 40% with 2 violations.
    elapsed time = 00:00:02, memory = 2103.33 (MB).
    Completing 50% with 2 violations.
    elapsed time = 00:00:03, memory = 2103.33 (MB).
    Completing 60% with 2 violations.
    elapsed time = 00:00:03, memory = 2103.33 (MB).
    Completing 70% with 2 violations.
    elapsed time = 00:00:04, memory = 2103.33 (MB).
    Completing 80% with 2 violations.
    elapsed time = 00:00:04, memory = 2103.33 (MB).
    Completing 90% with 2 violations.
    elapsed time = 00:00:05, memory = 2103.33 (MB).
    Completing 100% with 0 violations.
    elapsed time = 00:00:06, memory = 2103.33 (MB).
[INFO DRT-0199]   Number of violations = 0.
[INFO DRT-0267] cpu time = 00:00:25, elapsed time = 00:00:06, memory = 2103.33 (MB), peak = 2154.74 (MB)
Total wire length = 889148 um.
Total wire length on LAYER li1 = 0 um.
Total wire length on LAYER met1 = 411219 um.
Total wire length on LAYER met2 = 401960 um.
Total wire length on LAYER met3 = 52072 um.
Total wire length on LAYER met4 = 23853 um.
Total wire length on LAYER met5 = 43 um.
Total number of vias = 201702.
Up-via summary (total 201702):

-------------------------
 FR_MASTERSLICE         0
            li1     92704
           met1    104355
           met2      3927
           met3       710
           met4         6
-------------------------
               201702


[INFO DRT-0198] Complete detail routing.
Total wire length = 889148 um.
Total wire length on LAYER li1 = 0 um.
Total wire length on LAYER met1 = 411219 um.
Total wire length on LAYER met2 = 401960 um.
Total wire length on LAYER met3 = 52072 um.
Total wire length on LAYER met4 = 23853 um.
Total wire length on LAYER met5 = 43 um.
Total number of vias = 201702.
Up-via summary (total 201702):

-------------------------
 FR_MASTERSLICE         0
            li1     92704
           met1    104355
           met2      3927
           met3       710
           met4         6
-------------------------
               201702


[INFO DRT-0267] cpu time = 00:09:58, elapsed time = 00:02:37, memory = 2103.39 (MB), peak = 2154.74 (MB)

[INFO DRT-0180] Post processing.
[INFO DRT-0501] Runtime: 325.01s
[INFO ANT-0002] Found 2 net violations.
[INFO ANT-0001] Found 3 pin violations.
[INFO GRT-0012] Found 2 antenna violations.
[INFO DPL-0006] Core area: 877611.70 um^2
[INFO DPL-0007] Movable instances area: 0.00 um^2
[INFO DPL-0008] Fixed instances area within core: 334634.69 um^2
[INFO DPL-0009] Utilization: 38.1%
[INFO DPL-0005] Diamond search max displacement: +/- 500 sites horizontally, +/- 100 rows vertically.
[INFO DPL-1102] Legalizing using negotiation legalizer.
[INFO DPL-1103] Negotiation base search window: +/-20 sites horizontally, +/-5 rows vertically 
	Automatic search window extension enabled.
	Search window extendable up to the max displacement cap of +/-500 sites, +/-100 rows near walls.
[INFO DPL-1104] NegotiationLegalizer DRC penalty: 5.
[INFO DPL-0392] Negotiation cell height distribution (1 unique row-count(s)):
[INFO DPL-0393]   height 1 row(s): 39333 cells
[INFO DPL-0500] Runtime: 0.18s
[INFO GRT-0015] Inserted 3 diodes.
[INFO DRT-0024]   Complete FR_MASTERSLICE.
[INFO DRT-0024]   Complete Fr_VIA.
[INFO DRT-0024]   Complete li1.
[INFO DRT-0024]   Complete mcon.
[INFO DRT-0024]   Complete met1.
[INFO DRT-0024]   Complete via.
[INFO DRT-0024]   Complete met2.
[INFO DRT-0024]   Complete via2.
[INFO DRT-0024]   Complete met3.
[INFO DRT-0024]   Complete via3.
[INFO DRT-0024]   Complete met4.
[INFO DRT-0024]   Complete via4.
[INFO DRT-0024]   Complete met5.
[INFO DRT-0165] Start pin access.
[INFO DRT-0076]   Complete 1000 pins.
[INFO DRT-0078]   Complete 1709 pins.
[INFO DRT-0079]   Complete 100 unique inst patterns.
[INFO DRT-0079]   Complete 200 unique inst patterns.
[INFO DRT-0081]   Complete 211 unique inst patterns.
[INFO DRT-0082]   Complete 10000 groups.
[INFO DRT-0084]   Complete 19287 groups.
#scanned instances     = 39333
#unique  instances     = 211
#stdCellGenAp          = 7598
#stdCellValidPlanarAp  = 90
#stdCellValidViaAp     = 5234
#stdCellPinNoAp        = 10
#stdCellPinCnt         = 105116
#instTermValidViaApCnt = 0
#macroGenAp            = 0
#macroValidPlanarAp    = 0
#macroValidViaAp       = 0
#macroNoAp             = 0
[INFO DRT-0166] Complete pin access.
[INFO DRT-0267] cpu time = 00:10:31, elapsed time = 00:02:39, memory = 2013.46 (MB), peak = 2154.74 (MB)
[INFO DRT-0156] guideIn read 100000 guides.
[INFO DRT-0156] guideIn read 200000 guides.

[INFO DRT-0157] Number of guides:     234359

[INFO DRT-0169] Post process guides.
[INFO DRT-0176] GCELLGRID X 0 DO 136 STEP 6900 ;
[INFO DRT-0177] GCELLGRID Y 0 DO 136 STEP 6900 ;
[INFO DRT-0026]   Complete 100000 origin guides.
[INFO DRT-0026]   Complete 200000 origin guides.
[INFO DRT-0028]   Complete FR_MASTERSLICE.
[INFO DRT-0028]   Complete Fr_VIA.
[INFO DRT-0028]   Complete li1.
[INFO DRT-0028]   Complete mcon.
[INFO DRT-0028]   Complete met1.
[INFO DRT-0028]   Complete via.
[INFO DRT-0028]   Complete met2.
[INFO DRT-0028]   Complete via2.
[INFO DRT-0028]   Complete met3.
[INFO DRT-0028]   Complete via3.
[INFO DRT-0028]   Complete met4.
[INFO DRT-0028]   Complete via4.
[INFO DRT-0028]   Complete met5.
[INFO DRT-0178] Init guide query.
[INFO DRT-0035]   Complete FR_MASTERSLICE (guide).
[INFO DRT-0035]   Complete Fr_VIA (guide).
[INFO DRT-0035]   Complete li1 (guide).
[INFO DRT-0035]   Complete mcon (guide).
[INFO DRT-0035]   Complete met1 (guide).
[INFO DRT-0035]   Complete via (guide).
[INFO DRT-0035]   Complete met2 (guide).
[INFO DRT-0035]   Complete via2 (guide).
[INFO DRT-0035]   Complete met3 (guide).
[INFO DRT-0035]   Complete via3 (guide).
[INFO DRT-0035]   Complete met4 (guide).
[INFO DRT-0035]   Complete via4 (guide).
[INFO DRT-0035]   Complete met5 (guide).
[INFO DRT-0036] FR_MASTERSLICE guide region query size = 0.
[INFO DRT-0036] FR_VIA guide region query size = 0.
[INFO DRT-0036] li1 guide region query size = 77253.
[INFO DRT-0036] mcon guide region query size = 0.
[INFO DRT-0036] met1 guide region query size = 70463.
[INFO DRT-0036] via guide region query size = 0.
[INFO DRT-0036] met2 guide region query size = 33872.
[INFO DRT-0036] via2 guide region query size = 0.
[INFO DRT-0036] met3 guide region query size = 1071.
[INFO DRT-0036] via3 guide region query size = 0.
[INFO DRT-0036] met4 guide region query size = 440.
[INFO DRT-0036] via4 guide region query size = 0.
[INFO DRT-0036] met5 guide region query size = 3.
[INFO DRT-0179] Init gr pin query.
[INFO DRT-0267] cpu time = 00:00:00, elapsed time = 00:00:00, memory = 2013.46 (MB), peak = 2154.74 (MB)
[INFO DRT-0245] skipped writing guide updates to database.
[INFO DRT-0181] Start track assignment.
[INFO DRT-0184] Done with 111565 vertical wires in 3 frboxes and 71537 horizontal wires in 3 frboxes.
[INFO DRT-0186] Done with 10858 vertical wires in 3 frboxes and 18883 horizontal wires in 3 frboxes.
[INFO DRT-0182] Complete track assignment.
[INFO DRT-0267] cpu time = 00:00:12, elapsed time = 00:00:05, memory = 2225.46 (MB), peak = 2233.46 (MB)
[INFO DRT-0187] Start routing data preparation.
[INFO DRT-0267] cpu time = 00:00:00, elapsed time = 00:00:00, memory = 2225.46 (MB), peak = 2233.46 (MB)
[INFO DRT-0194] Start detail routing.
[INFO DRT-0195] Start 0th optimization iteration.
    Completing 10% with 0 violations.
    elapsed time = 00:00:04, memory = 2271.50 (MB).
    Completing 20% with 0 violations.
    elapsed time = 00:00:08, memory = 2204.31 (MB).
    Completing 30% with 30 violations.
    elapsed time = 00:00:12, memory = 2210.96 (MB).
    Completing 40% with 30 violations.
    elapsed time = 00:00:16, memory = 2220.96 (MB).
    Completing 50% with 30 violations.
    elapsed time = 00:00:20, memory = 2221.20 (MB).
    Completing 60% with 71 violations.
    elapsed time = 00:00:25, memory = 2221.20 (MB).
    Completing 70% with 71 violations.
    elapsed time = 00:00:28, memory = 2219.23 (MB).
    Completing 80% with 80 violations.
    elapsed time = 00:00:33, memory = 2203.23 (MB).
    Completing 90% with 80 violations.
    elapsed time = 00:00:37, memory = 2203.23 (MB).
    Completing 100% with 106 violations.
    elapsed time = 00:00:41, memory = 2205.23 (MB).
[INFO DRT-0199]   Number of violations = 124.
Viol/Layer        met1   met2
Metal Spacing        4      3
Recheck             11      7
Short               62     37
[INFO DRT-0267] cpu time = 00:02:39, elapsed time = 00:00:42, memory = 2205.23 (MB), peak = 2277.62 (MB)
Total wire length = 889232 um.
Total wire length on LAYER li1 = 0 um.
Total wire length on LAYER met1 = 411531 um.
Total wire length on LAYER met2 = 401982 um.
Total wire length on LAYER met3 = 51825 um.
Total wire length on LAYER met4 = 23849 um.
Total wire length on LAYER met5 = 43 um.
Total number of vias = 201688.
Up-via summary (total 201688):

-------------------------
 FR_MASTERSLICE         0
            li1     92707
           met1    104356
           met2      3911
           met3       708
           met4         6
-------------------------
               201688


[INFO DRT-0195] Start 1st optimization iteration.
    Completing 10% with 124 violations.
    elapsed time = 00:00:03, memory = 2205.23 (MB).
    Completing 20% with 124 violations.
    elapsed time = 00:00:07, memory = 2205.23 (MB).
    Completing 30% with 115 violations.
    elapsed time = 00:00:12, memory = 2205.23 (MB).
    Completing 40% with 115 violations.
    elapsed time = 00:00:16, memory = 2205.23 (MB).
    Completing 50% with 115 violations.
    elapsed time = 00:00:20, memory = 2205.23 (MB).
    Completing 60% with 98 violations.
    elapsed time = 00:00:24, memory = 2205.24 (MB).
    Completing 70% with 98 violations.
    elapsed time = 00:00:28, memory = 2205.24 (MB).
    Completing 80% with 69 violations.
    elapsed time = 00:00:33, memory = 2203.24 (MB).
    Completing 90% with 69 violations.
    elapsed time = 00:00:37, memory = 2203.24 (MB).
    Completing 100% with 43 violations.
    elapsed time = 00:00:41, memory = 2203.24 (MB).
[INFO DRT-0199]   Number of violations = 43.
Viol/Layer        met1   met2
Metal Spacing        0      2
Short               35      6
[INFO DRT-0267] cpu time = 00:02:37, elapsed time = 00:00:41, memory = 2203.24 (MB), peak = 2277.62 (MB)
Total wire length = 889222 um.
Total wire length on LAYER li1 = 0 um.
Total wire length on LAYER met1 = 411539 um.
Total wire length on LAYER met2 = 401962 um.
Total wire length on LAYER met3 = 51827 um.
Total wire length on LAYER met4 = 23849 um.
Total wire length on LAYER met5 = 43 um.
Total number of vias = 201685.
Up-via summary (total 201685):

-------------------------
 FR_MASTERSLICE         0
            li1     92705
           met1    104353
           met2      3913
           met3       708
           met4         6
-------------------------
               201685


[INFO DRT-0195] Start 2nd optimization iteration.
    Completing 10% with 43 violations.
    elapsed time = 00:00:00, memory = 2203.24 (MB).
    Completing 20% with 43 violations.
    elapsed time = 00:00:00, memory = 2203.24 (MB).
    Completing 30% with 41 violations.
    elapsed time = 00:00:01, memory = 2203.24 (MB).
    Completing 40% with 41 violations.
    elapsed time = 00:00:01, memory = 2203.24 (MB).
    Completing 50% with 41 violations.
    elapsed time = 00:00:01, memory = 2203.24 (MB).
    Completing 60% with 37 violations.
    elapsed time = 00:00:01, memory = 2203.24 (MB).
    Completing 70% with 37 violations.
    elapsed time = 00:00:01, memory = 2203.24 (MB).
    Completing 80% with 34 violations.
    elapsed time = 00:00:02, memory = 2203.24 (MB).
    Completing 90% with 34 violations.
    elapsed time = 00:00:02, memory = 2203.24 (MB).
    Completing 100% with 34 violations.
    elapsed time = 00:00:02, memory = 2201.24 (MB).
[INFO DRT-0199]   Number of violations = 34.
Viol/Layer        met1   met2
Metal Spacing        1      0
Short               27      6
[INFO DRT-0267] cpu time = 00:00:07, elapsed time = 00:00:02, memory = 2201.24 (MB), peak = 2277.62 (MB)
Total wire length = 889207 um.
Total wire length on LAYER li1 = 0 um.
Total wire length on LAYER met1 = 411526 um.
Total wire length on LAYER met2 = 401960 um.
Total wire length on LAYER met3 = 51827 um.
Total wire length on LAYER met4 = 23849 um.
Total wire length on LAYER met5 = 43 um.
Total number of vias = 201690.
Up-via summary (total 201690):

-------------------------
 FR_MASTERSLICE         0
            li1     92708
           met1    104355
           met2      3913
           met3       708
           met4         6
-------------------------
               201690


[INFO DRT-0195] Start 3rd guides tiles iteration.
    Completing 10% with 34 violations.
    elapsed time = 00:00:00, memory = 2201.24 (MB).
    Completing 20% with 34 violations.
    elapsed time = 00:00:00, memory = 2201.24 (MB).
    Completing 30% with 34 violations.
    elapsed time = 00:00:00, memory = 2201.24 (MB).
    Completing 40% with 34 violations.
    elapsed time = 00:00:00, memory = 2201.24 (MB).
    Completing 50% with 34 violations.
    elapsed time = 00:00:00, memory = 2201.24 (MB).
    Completing 60% with 34 violations.
    elapsed time = 00:00:01, memory = 2201.24 (MB).
    Completing 70% with 16 violations.
    elapsed time = 00:00:01, memory = 2201.24 (MB).
    Completing 80% with 16 violations.
    elapsed time = 00:00:01, memory = 2201.24 (MB).
    Completing 90% with 16 violations.
    elapsed time = 00:00:02, memory = 2201.24 (MB).
    Completing 100% with 0 violations.
    elapsed time = 00:00:02, memory = 2201.24 (MB).
[INFO DRT-0199]   Number of violations = 0.
[INFO DRT-0267] cpu time = 00:00:03, elapsed time = 00:00:02, memory = 2201.24 (MB), peak = 2277.62 (MB)
Total wire length = 889178 um.
Total wire length on LAYER li1 = 0 um.
Total wire length on LAYER met1 = 410889 um.
Total wire length on LAYER met2 = 401659 um.
Total wire length on LAYER met3 = 52435 um.
Total wire length on LAYER met4 = 24149 um.
Total wire length on LAYER met5 = 43 um.
Total number of vias = 201724.
Up-via summary (total 201724):

-------------------------
 FR_MASTERSLICE         0
            li1     92707
           met1    104365
           met2      3934
           met3       712
           met4         6
-------------------------
               201724


[INFO DRT-0198] Complete detail routing.
Total wire length = 889178 um.
Total wire length on LAYER li1 = 0 um.
Total wire length on LAYER met1 = 410889 um.
Total wire length on LAYER met2 = 401659 um.
Total wire length on LAYER met3 = 52435 um.
Total wire length on LAYER met4 = 24149 um.
Total wire length on LAYER met5 = 43 um.
Total number of vias = 201724.
Up-via summary (total 201724):

-------------------------
 FR_MASTERSLICE         0
            li1     92707
           met1    104365
           met2      3934
           met3       712
           met4         6
-------------------------
               201724


[INFO DRT-0267] cpu time = 00:05:27, elapsed time = 00:01:28, memory = 2201.24 (MB), peak = 2277.62 (MB)

[INFO DRT-0180] Post processing.
[INFO DRT-0501] Runtime: 255.46s
[INFO ANT-0002] Found 0 net violations.
[INFO ANT-0001] Found 0 pin violations.
[INFO ANT-0002] Found 0 net violations.
[INFO ANT-0001] Found 0 pin violations.
Design area 334635 um^2 38% utilization.
write_db ./results/sky130hd/similarity_asic_transfer_broadcast/base/5_2_route.odb
Elapsed time: 22:10.50[h:]min:sec. CPU time: user 5087.36 sys 1.63 (382%). Peak memory: 2332284KB.
Log                       Ext     Elapsed/s Peak Memory/MB sha1sum result [0:20)
5_2_route                 .odb         1330           2277 f0688dc5bace6f193a5e
