
==========================================================================
finish report_tns
--------------------------------------------------------------------------
tns max 0.00

==========================================================================
finish report_wns
--------------------------------------------------------------------------
wns max 0.00

==========================================================================
finish report_worst_slack
--------------------------------------------------------------------------
worst slack max 18.45

==========================================================================
finish report_clock_min_period
--------------------------------------------------------------------------
clk period_min = 1.55 fmax = 647.14

==========================================================================
finish report_clock_skew
--------------------------------------------------------------------------
Clock clk
   0.29 source latency u_core.g_local.u_array.g_row[2].g_col[3].b_local[5]$_SDFF_PP0_/CK ^
  -0.27 target latency u_core.g_local.u_array.g_row[3].g_col[3].b_local[5]$_SDFF_PP0_/CK ^
   0.00 CRPR
--------------
   0.02 setup skew


==========================================================================
finish report_checks -path_delay min
--------------------------------------------------------------------------
Startpoint: u_core.b_source[0]$_SDFF_PP1_
            (rising edge-triggered flip-flop clocked by clk)
Endpoint: u_core.b_source[0]$_SDFF_PP1_
          (rising edge-triggered flip-flop clocked by clk)
Path Group: clk
Path Type: min

Fanout     Cap    Slew   Delay    Time   Description
-----------------------------------------------------------------------------
                          0.00    0.00   clock clk (rise edge)
                          0.00    0.00   clock source latency
     1   34.61    0.00    0.00    0.00 ^ clk (in)
                                         clk (net)
                  0.01    0.01    0.01 ^ clkbuf_0_clk/A (CLKBUF_X3)
     4   44.68    0.04    0.06    0.07 ^ clkbuf_0_clk/Z (CLKBUF_X3)
                                         clknet_0_clk (net)
                  0.04    0.00    0.07 ^ clkbuf_2_2_0_clk/A (CLKBUF_X3)
    16   75.78    0.06    0.10    0.17 ^ clkbuf_2_2_0_clk/Z (CLKBUF_X3)
                                         clknet_2_2_0_clk (net)
                  0.06    0.00    0.17 ^ clkbuf_6_45_0_clk/A (CLKBUF_X3)
     9   29.48    0.03    0.07    0.24 ^ clkbuf_6_45_0_clk/Z (CLKBUF_X3)
                                         clknet_6_45_0_clk (net)
                  0.03    0.00    0.24 ^ clkbuf_leaf_161_clk/A (CLKBUF_X3)
     7    8.40    0.01    0.04    0.28 ^ clkbuf_leaf_161_clk/Z (CLKBUF_X3)
                                         clknet_leaf_161_clk (net)
                  0.01    0.00    0.28 ^ u_core.b_source[0]$_SDFF_PP1_/CK (DFF_X1)
     1    1.06    0.01    0.06    0.35 ^ u_core.b_source[0]$_SDFF_PP1_/QN (DFF_X1)
                                         _00010_ (net)
                  0.01    0.00    0.35 ^ _48759_/A2 (OR2_X1)
     1    1.38    0.01    0.02    0.37 ^ _48759_/ZN (OR2_X1)
                                         _06756_ (net)
                  0.01    0.00    0.37 ^ u_core.b_source[0]$_SDFF_PP1_/D (DFF_X1)
                                  0.37   data arrival time

                          0.00    0.00   clock clk (rise edge)
                          0.00    0.00   clock source latency
     1   34.61    0.00    0.00    0.00 ^ clk (in)
                                         clk (net)
                  0.01    0.01    0.01 ^ clkbuf_0_clk/A (CLKBUF_X3)
     4   44.68    0.04    0.06    0.07 ^ clkbuf_0_clk/Z (CLKBUF_X3)
                                         clknet_0_clk (net)
                  0.04    0.00    0.07 ^ clkbuf_2_2_0_clk/A (CLKBUF_X3)
    16   75.78    0.06    0.10    0.17 ^ clkbuf_2_2_0_clk/Z (CLKBUF_X3)
                                         clknet_2_2_0_clk (net)
                  0.06    0.00    0.17 ^ clkbuf_6_45_0_clk/A (CLKBUF_X3)
     9   29.48    0.03    0.07    0.24 ^ clkbuf_6_45_0_clk/Z (CLKBUF_X3)
                                         clknet_6_45_0_clk (net)
                  0.03    0.00    0.24 ^ clkbuf_leaf_161_clk/A (CLKBUF_X3)
     7    8.40    0.01    0.04    0.28 ^ clkbuf_leaf_161_clk/Z (CLKBUF_X3)
                                         clknet_leaf_161_clk (net)
                  0.01    0.00    0.28 ^ u_core.b_source[0]$_SDFF_PP1_/CK (DFF_X1)
                          0.00    0.28   clock reconvergence pessimism
                          0.01    0.29   library hold time
                                  0.29   data required time
-----------------------------------------------------------------------------
                                  0.29   data required time
                                 -0.37   data arrival time
-----------------------------------------------------------------------------
                                  0.08   slack (MET)



==========================================================================
finish report_checks -path_delay max
--------------------------------------------------------------------------
Startpoint: u_core.g_local.u_array.g_row[6].g_col[3].b_local[2]$_SDFF_PP0_
            (rising edge-triggered flip-flop clocked by clk)
Endpoint: u_core.g_local.u_array.g_row[6].g_col[3].accumulator[31]$_SDFFE_PP0P_
          (rising edge-triggered flip-flop clocked by clk)
Path Group: clk
Path Type: max

Fanout     Cap    Slew   Delay    Time   Description
-----------------------------------------------------------------------------
                          0.00    0.00   clock clk (rise edge)
                          0.00    0.00   clock source latency
     1   34.61    0.00    0.00    0.00 ^ clk (in)
                                         clk (net)
                  0.01    0.01    0.01 ^ clkbuf_0_clk/A (CLKBUF_X3)
     4   44.68    0.04    0.06    0.07 ^ clkbuf_0_clk/Z (CLKBUF_X3)
                                         clknet_0_clk (net)
                  0.04    0.00    0.08 ^ clkbuf_2_1_0_clk/A (CLKBUF_X3)
    16   77.15    0.06    0.10    0.17 ^ clkbuf_2_1_0_clk/Z (CLKBUF_X3)
                                         clknet_2_1_0_clk (net)
                  0.06    0.00    0.18 ^ clkbuf_6_28_0_clk/A (CLKBUF_X3)
    12   30.64    0.03    0.07    0.25 ^ clkbuf_6_28_0_clk/Z (CLKBUF_X3)
                                         clknet_6_28_0_clk (net)
                  0.03    0.00    0.25 ^ clkbuf_leaf_324_clk/A (CLKBUF_X3)
     6    8.90    0.01    0.04    0.29 ^ clkbuf_leaf_324_clk/Z (CLKBUF_X3)
                                         clknet_leaf_324_clk (net)
                  0.01    0.00    0.29 ^ u_core.g_local.u_array.g_row[6].g_col[3].b_local[2]$_SDFF_PP0_/CK (DFF_X1)
     9   11.32    0.03    0.11    0.40 ^ u_core.g_local.u_array.g_row[6].g_col[3].b_local[2]$_SDFF_PP0_/Q (DFF_X1)
                                         u_core.g_local.u_array.g_row[6].g_col[3].b_local[2] (net)
                  0.03    0.00    0.40 ^ _44321_/A2 (AND2_X1)
     3    9.45    0.02    0.06    0.46 ^ _44321_/ZN (AND2_X1)
                                         _01060_ (net)
                  0.02    0.00    0.46 ^ _64946_/CI (FA_X1)
     5   15.71    0.03    0.12    0.58 v _64946_/S (FA_X1)
                                         _29986_ (net)
                  0.03    0.00    0.58 v _65034_/CI (FA_X1)
     8   28.40    0.07    0.18    0.76 ^ _65034_/S (FA_X1)
                                         _30219_ (net)
                  0.07    0.00    0.76 ^ place799/A (BUF_X1)
    10   38.89    0.09    0.12    0.88 ^ place799/Z (BUF_X1)
                                         net799 (net)
                  0.09    0.00    0.88 ^ _65061_/B (FA_X1)
     1    3.68    0.02    0.11    0.99 v _65061_/S (FA_X1)
                                         _30276_ (net)
                  0.02    0.00    0.99 v _65090_/B (FA_X1)
     1    3.81    0.02    0.13    1.12 ^ _65090_/S (FA_X1)
                                         _30339_ (net)
                  0.02    0.00    1.12 ^ _70795_/B (HA_X1)
     1    3.76    0.03    0.06    1.18 ^ _70795_/S (HA_X1)
                                         _41121_ (net)
                  0.03    0.00    1.18 ^ _72238_/B (HA_X1)
     4    7.75    0.05    0.08    1.26 ^ _72238_/S (HA_X1)
                                         _04977_ (net)
                  0.05    0.00    1.26 ^ _56530_/A1 (NAND2_X1)
     1    2.05    0.02    0.02    1.28 v _56530_/ZN (NAND2_X1)
                                         _18509_ (net)
                  0.02    0.00    1.28 v _56533_/A (AOI21_X1)
     2    4.14    0.03    0.05    1.33 ^ _56533_/ZN (AOI21_X1)
                                         _18512_ (net)
                  0.03    0.00    1.33 ^ _56550_/A4 (NAND4_X1)
     1    1.24    0.02    0.03    1.36 v _56550_/ZN (NAND4_X1)
                                         _18529_ (net)
                  0.02    0.00    1.36 v _56551_/A3 (OR3_X1)
     2    2.82    0.01    0.09    1.45 v _56551_/ZN (OR3_X1)
                                         _18530_ (net)
                  0.01    0.00    1.45 v _56552_/A3 (AND3_X1)
     2    4.72    0.01    0.04    1.50 v _56552_/ZN (AND3_X1)
                                         _18531_ (net)
                  0.01    0.00    1.50 v _56553_/B2 (OAI21_X1)
     4   10.06    0.06    0.07    1.57 ^ _56553_/ZN (OAI21_X1)
                                         _18532_ (net)
                  0.06    0.00    1.57 ^ _56554_/A3 (AND3_X1)
     1    2.45    0.01    0.05    1.63 ^ _56554_/ZN (AND3_X1)
                                         _18533_ (net)
                  0.01    0.00    1.63 ^ _56557_/C1 (OAI221_X1)
     2    4.14    0.03    0.03    1.66 v _56557_/ZN (OAI221_X1)
                                         _18536_ (net)
                  0.03    0.00    1.66 v _63129_/B2 (AOI21_X1)
     2    3.14    0.03    0.05    1.70 ^ _63129_/ZN (AOI21_X1)
                                         _23746_ (net)
                  0.03    0.00    1.70 ^ _63139_/A2 (NOR3_X1)
     1    1.09    0.01    0.01    1.72 v _63139_/ZN (NOR3_X1)
                                         _23756_ (net)
                  0.01    0.00    1.72 v _63141_/A2 (OR3_X1)
     1    1.15    0.01    0.08    1.79 v _63141_/ZN (OR3_X1)
                                         _09382_ (net)
                  0.01    0.00    1.79 v u_core.g_local.u_array.g_row[6].g_col[3].accumulator[31]$_SDFFE_PP0P_/D (DFF_X1)
                                  1.79   data arrival time

                         20.00   20.00   clock clk (rise edge)
                          0.00   20.00   clock source latency
     1   34.61    0.00    0.00   20.00 ^ clk (in)
                                         clk (net)
                  0.01    0.01   20.01 ^ clkbuf_0_clk/A (CLKBUF_X3)
     4   44.68    0.04    0.06   20.07 ^ clkbuf_0_clk/Z (CLKBUF_X3)
                                         clknet_0_clk (net)
                  0.04    0.00   20.08 ^ clkbuf_2_1_0_clk/A (CLKBUF_X3)
    16   77.15    0.06    0.10   20.17 ^ clkbuf_2_1_0_clk/Z (CLKBUF_X3)
                                         clknet_2_1_0_clk (net)
                  0.06    0.00   20.18 ^ clkbuf_6_22_0_clk/A (CLKBUF_X3)
     8   28.36    0.02    0.07   20.24 ^ clkbuf_6_22_0_clk/Z (CLKBUF_X3)
                                         clknet_6_22_0_clk (net)
                  0.02    0.00   20.24 ^ clkbuf_leaf_352_clk/A (CLKBUF_X3)
     7    9.10    0.01    0.04   20.28 ^ clkbuf_leaf_352_clk/Z (CLKBUF_X3)
                                         clknet_leaf_352_clk (net)
                  0.01    0.00   20.28 ^ u_core.g_local.u_array.g_row[6].g_col[3].accumulator[31]$_SDFFE_PP0P_/CK (DFF_X1)
                          0.00   20.28   clock reconvergence pessimism
                         -0.04   20.25   library setup time
                                 20.25   data required time
-----------------------------------------------------------------------------
                                 20.25   data required time
                                 -1.79   data arrival time
-----------------------------------------------------------------------------
                                 18.45   slack (MET)



==========================================================================
finish report_checks -unconstrained
--------------------------------------------------------------------------
Startpoint: u_core.g_local.u_array.g_row[6].g_col[3].b_local[2]$_SDFF_PP0_
            (rising edge-triggered flip-flop clocked by clk)
Endpoint: u_core.g_local.u_array.g_row[6].g_col[3].accumulator[31]$_SDFFE_PP0P_
          (rising edge-triggered flip-flop clocked by clk)
Path Group: clk
Path Type: max

Fanout     Cap    Slew   Delay    Time   Description
-----------------------------------------------------------------------------
                          0.00    0.00   clock clk (rise edge)
                          0.00    0.00   clock source latency
     1   34.61    0.00    0.00    0.00 ^ clk (in)
                                         clk (net)
                  0.01    0.01    0.01 ^ clkbuf_0_clk/A (CLKBUF_X3)
     4   44.68    0.04    0.06    0.07 ^ clkbuf_0_clk/Z (CLKBUF_X3)
                                         clknet_0_clk (net)
                  0.04    0.00    0.08 ^ clkbuf_2_1_0_clk/A (CLKBUF_X3)
    16   77.15    0.06    0.10    0.17 ^ clkbuf_2_1_0_clk/Z (CLKBUF_X3)
                                         clknet_2_1_0_clk (net)
                  0.06    0.00    0.18 ^ clkbuf_6_28_0_clk/A (CLKBUF_X3)
    12   30.64    0.03    0.07    0.25 ^ clkbuf_6_28_0_clk/Z (CLKBUF_X3)
                                         clknet_6_28_0_clk (net)
                  0.03    0.00    0.25 ^ clkbuf_leaf_324_clk/A (CLKBUF_X3)
     6    8.90    0.01    0.04    0.29 ^ clkbuf_leaf_324_clk/Z (CLKBUF_X3)
                                         clknet_leaf_324_clk (net)
                  0.01    0.00    0.29 ^ u_core.g_local.u_array.g_row[6].g_col[3].b_local[2]$_SDFF_PP0_/CK (DFF_X1)
     9   11.32    0.03    0.11    0.40 ^ u_core.g_local.u_array.g_row[6].g_col[3].b_local[2]$_SDFF_PP0_/Q (DFF_X1)
                                         u_core.g_local.u_array.g_row[6].g_col[3].b_local[2] (net)
                  0.03    0.00    0.40 ^ _44321_/A2 (AND2_X1)
     3    9.45    0.02    0.06    0.46 ^ _44321_/ZN (AND2_X1)
                                         _01060_ (net)
                  0.02    0.00    0.46 ^ _64946_/CI (FA_X1)
     5   15.71    0.03    0.12    0.58 v _64946_/S (FA_X1)
                                         _29986_ (net)
                  0.03    0.00    0.58 v _65034_/CI (FA_X1)
     8   28.40    0.07    0.18    0.76 ^ _65034_/S (FA_X1)
                                         _30219_ (net)
                  0.07    0.00    0.76 ^ place799/A (BUF_X1)
    10   38.89    0.09    0.12    0.88 ^ place799/Z (BUF_X1)
                                         net799 (net)
                  0.09    0.00    0.88 ^ _65061_/B (FA_X1)
     1    3.68    0.02    0.11    0.99 v _65061_/S (FA_X1)
                                         _30276_ (net)
                  0.02    0.00    0.99 v _65090_/B (FA_X1)
     1    3.81    0.02    0.13    1.12 ^ _65090_/S (FA_X1)
                                         _30339_ (net)
                  0.02    0.00    1.12 ^ _70795_/B (HA_X1)
     1    3.76    0.03    0.06    1.18 ^ _70795_/S (HA_X1)
                                         _41121_ (net)
                  0.03    0.00    1.18 ^ _72238_/B (HA_X1)
     4    7.75    0.05    0.08    1.26 ^ _72238_/S (HA_X1)
                                         _04977_ (net)
                  0.05    0.00    1.26 ^ _56530_/A1 (NAND2_X1)
     1    2.05    0.02    0.02    1.28 v _56530_/ZN (NAND2_X1)
                                         _18509_ (net)
                  0.02    0.00    1.28 v _56533_/A (AOI21_X1)
     2    4.14    0.03    0.05    1.33 ^ _56533_/ZN (AOI21_X1)
                                         _18512_ (net)
                  0.03    0.00    1.33 ^ _56550_/A4 (NAND4_X1)
     1    1.24    0.02    0.03    1.36 v _56550_/ZN (NAND4_X1)
                                         _18529_ (net)
                  0.02    0.00    1.36 v _56551_/A3 (OR3_X1)
     2    2.82    0.01    0.09    1.45 v _56551_/ZN (OR3_X1)
                                         _18530_ (net)
                  0.01    0.00    1.45 v _56552_/A3 (AND3_X1)
     2    4.72    0.01    0.04    1.50 v _56552_/ZN (AND3_X1)
                                         _18531_ (net)
                  0.01    0.00    1.50 v _56553_/B2 (OAI21_X1)
     4   10.06    0.06    0.07    1.57 ^ _56553_/ZN (OAI21_X1)
                                         _18532_ (net)
                  0.06    0.00    1.57 ^ _56554_/A3 (AND3_X1)
     1    2.45    0.01    0.05    1.63 ^ _56554_/ZN (AND3_X1)
                                         _18533_ (net)
                  0.01    0.00    1.63 ^ _56557_/C1 (OAI221_X1)
     2    4.14    0.03    0.03    1.66 v _56557_/ZN (OAI221_X1)
                                         _18536_ (net)
                  0.03    0.00    1.66 v _63129_/B2 (AOI21_X1)
     2    3.14    0.03    0.05    1.70 ^ _63129_/ZN (AOI21_X1)
                                         _23746_ (net)
                  0.03    0.00    1.70 ^ _63139_/A2 (NOR3_X1)
     1    1.09    0.01    0.01    1.72 v _63139_/ZN (NOR3_X1)
                                         _23756_ (net)
                  0.01    0.00    1.72 v _63141_/A2 (OR3_X1)
     1    1.15    0.01    0.08    1.79 v _63141_/ZN (OR3_X1)
                                         _09382_ (net)
                  0.01    0.00    1.79 v u_core.g_local.u_array.g_row[6].g_col[3].accumulator[31]$_SDFFE_PP0P_/D (DFF_X1)
                                  1.79   data arrival time

                         20.00   20.00   clock clk (rise edge)
                          0.00   20.00   clock source latency
     1   34.61    0.00    0.00   20.00 ^ clk (in)
                                         clk (net)
                  0.01    0.01   20.01 ^ clkbuf_0_clk/A (CLKBUF_X3)
     4   44.68    0.04    0.06   20.07 ^ clkbuf_0_clk/Z (CLKBUF_X3)
                                         clknet_0_clk (net)
                  0.04    0.00   20.08 ^ clkbuf_2_1_0_clk/A (CLKBUF_X3)
    16   77.15    0.06    0.10   20.17 ^ clkbuf_2_1_0_clk/Z (CLKBUF_X3)
                                         clknet_2_1_0_clk (net)
                  0.06    0.00   20.18 ^ clkbuf_6_22_0_clk/A (CLKBUF_X3)
     8   28.36    0.02    0.07   20.24 ^ clkbuf_6_22_0_clk/Z (CLKBUF_X3)
                                         clknet_6_22_0_clk (net)
                  0.02    0.00   20.24 ^ clkbuf_leaf_352_clk/A (CLKBUF_X3)
     7    9.10    0.01    0.04   20.28 ^ clkbuf_leaf_352_clk/Z (CLKBUF_X3)
                                         clknet_leaf_352_clk (net)
                  0.01    0.00   20.28 ^ u_core.g_local.u_array.g_row[6].g_col[3].accumulator[31]$_SDFFE_PP0P_/CK (DFF_X1)
                          0.00   20.28   clock reconvergence pessimism
                         -0.04   20.25   library setup time
                                 20.25   data required time
-----------------------------------------------------------------------------
                                 20.25   data required time
                                 -1.79   data arrival time
-----------------------------------------------------------------------------
                                 18.45   slack (MET)



==========================================================================
finish report_check_types -max_slew -max_cap -max_fanout -violators
--------------------------------------------------------------------------

==========================================================================
finish max_slew_check_slack
--------------------------------------------------------------------------
0.09444372355937958

==========================================================================
finish max_slew_check_limit
--------------------------------------------------------------------------
0.1985349953174591

==========================================================================
finish max_slew_check_slack_limit
--------------------------------------------------------------------------
0.4757

==========================================================================
finish max_fanout_check_slack
--------------------------------------------------------------------------
1.0000000150474662e+30

==========================================================================
finish max_fanout_check_limit
--------------------------------------------------------------------------
1.0000000150474662e+30

==========================================================================
finish max_capacitance_check_slack
--------------------------------------------------------------------------
3.823031425476074

==========================================================================
finish max_capacitance_check_limit
--------------------------------------------------------------------------
13.809200286865234

==========================================================================
finish max_capacitance_check_slack_limit
--------------------------------------------------------------------------
0.2768

==========================================================================
finish max_slew_violation_count
--------------------------------------------------------------------------
max slew violation count 0

==========================================================================
finish max_fanout_violation_count
--------------------------------------------------------------------------
max fanout violation count 0

==========================================================================
finish max_cap_violation_count
--------------------------------------------------------------------------
max cap violation count 0

==========================================================================
finish setup_violation_count
--------------------------------------------------------------------------
setup violation count 0

==========================================================================
finish hold_violation_count
--------------------------------------------------------------------------
hold violation count 0

==========================================================================
finish report_checks -path_delay max reg to reg
--------------------------------------------------------------------------
Startpoint: u_core.g_local.u_array.g_row[6].g_col[3].b_local[2]$_SDFF_PP0_
            (rising edge-triggered flip-flop clocked by clk)
Endpoint: u_core.g_local.u_array.g_row[6].g_col[3].accumulator[31]$_SDFFE_PP0P_
          (rising edge-triggered flip-flop clocked by clk)
Path Group: clk
Path Type: max

  Delay    Time   Description
---------------------------------------------------------
   0.00    0.00   clock clk (rise edge)
   0.00    0.00   clock source latency
   0.00    0.00 ^ clk (in)
   0.07    0.07 ^ clkbuf_0_clk/Z (CLKBUF_X3)
   0.10    0.17 ^ clkbuf_2_1_0_clk/Z (CLKBUF_X3)
   0.07    0.25 ^ clkbuf_6_28_0_clk/Z (CLKBUF_X3)
   0.04    0.29 ^ clkbuf_leaf_324_clk/Z (CLKBUF_X3)
   0.00    0.29 ^ u_core.g_local.u_array.g_row[6].g_col[3].b_local[2]$_SDFF_PP0_/CK (DFF_X1)
   0.11    0.40 ^ u_core.g_local.u_array.g_row[6].g_col[3].b_local[2]$_SDFF_PP0_/Q (DFF_X1)
   0.06    0.46 ^ _44321_/ZN (AND2_X1)
   0.12    0.58 v _64946_/S (FA_X1)
   0.18    0.76 ^ _65034_/S (FA_X1)
   0.12    0.88 ^ place799/Z (BUF_X1)
   0.11    0.99 v _65061_/S (FA_X1)
   0.13    1.12 ^ _65090_/S (FA_X1)
   0.06    1.18 ^ _70795_/S (HA_X1)
   0.08    1.26 ^ _72238_/S (HA_X1)
   0.02    1.28 v _56530_/ZN (NAND2_X1)
   0.05    1.33 ^ _56533_/ZN (AOI21_X1)
   0.03    1.36 v _56550_/ZN (NAND4_X1)
   0.09    1.45 v _56551_/ZN (OR3_X1)
   0.04    1.50 v _56552_/ZN (AND3_X1)
   0.07    1.57 ^ _56553_/ZN (OAI21_X1)
   0.05    1.63 ^ _56554_/ZN (AND3_X1)
   0.03    1.66 v _56557_/ZN (OAI221_X1)
   0.05    1.70 ^ _63129_/ZN (AOI21_X1)
   0.01    1.72 v _63139_/ZN (NOR3_X1)
   0.08    1.79 v _63141_/ZN (OR3_X1)
   0.00    1.79 v u_core.g_local.u_array.g_row[6].g_col[3].accumulator[31]$_SDFFE_PP0P_/D (DFF_X1)
           1.79   data arrival time

  20.00   20.00   clock clk (rise edge)
   0.00   20.00   clock source latency
   0.00   20.00 ^ clk (in)
   0.07   20.07 ^ clkbuf_0_clk/Z (CLKBUF_X3)
   0.10   20.17 ^ clkbuf_2_1_0_clk/Z (CLKBUF_X3)
   0.07   20.24 ^ clkbuf_6_22_0_clk/Z (CLKBUF_X3)
   0.04   20.28 ^ clkbuf_leaf_352_clk/Z (CLKBUF_X3)
   0.00   20.28 ^ u_core.g_local.u_array.g_row[6].g_col[3].accumulator[31]$_SDFFE_PP0P_/CK (DFF_X1)
   0.00   20.28   clock reconvergence pessimism
  -0.04   20.25   library setup time
          20.25   data required time
---------------------------------------------------------
          20.25   data required time
          -1.79   data arrival time
---------------------------------------------------------
          18.45   slack (MET)



==========================================================================
finish report_checks -path_delay min reg to reg
--------------------------------------------------------------------------
Startpoint: u_core.b_source[0]$_SDFF_PP1_
            (rising edge-triggered flip-flop clocked by clk)
Endpoint: u_core.b_source[0]$_SDFF_PP1_
          (rising edge-triggered flip-flop clocked by clk)
Path Group: clk
Path Type: min

  Delay    Time   Description
---------------------------------------------------------
   0.00    0.00   clock clk (rise edge)
   0.00    0.00   clock source latency
   0.00    0.00 ^ clk (in)
   0.07    0.07 ^ clkbuf_0_clk/Z (CLKBUF_X3)
   0.10    0.17 ^ clkbuf_2_2_0_clk/Z (CLKBUF_X3)
   0.07    0.24 ^ clkbuf_6_45_0_clk/Z (CLKBUF_X3)
   0.04    0.28 ^ clkbuf_leaf_161_clk/Z (CLKBUF_X3)
   0.00    0.28 ^ u_core.b_source[0]$_SDFF_PP1_/CK (DFF_X1)
   0.06    0.35 ^ u_core.b_source[0]$_SDFF_PP1_/QN (DFF_X1)
   0.02    0.37 ^ _48759_/ZN (OR2_X1)
   0.00    0.37 ^ u_core.b_source[0]$_SDFF_PP1_/D (DFF_X1)
           0.37   data arrival time

   0.00    0.00   clock clk (rise edge)
   0.00    0.00   clock source latency
   0.00    0.00 ^ clk (in)
   0.07    0.07 ^ clkbuf_0_clk/Z (CLKBUF_X3)
   0.10    0.17 ^ clkbuf_2_2_0_clk/Z (CLKBUF_X3)
   0.07    0.24 ^ clkbuf_6_45_0_clk/Z (CLKBUF_X3)
   0.04    0.28 ^ clkbuf_leaf_161_clk/Z (CLKBUF_X3)
   0.00    0.28 ^ u_core.b_source[0]$_SDFF_PP1_/CK (DFF_X1)
   0.00    0.28   clock reconvergence pessimism
   0.01    0.29   library hold time
           0.29   data required time
---------------------------------------------------------
           0.29   data required time
          -0.37   data arrival time
---------------------------------------------------------
           0.08   slack (MET)



==========================================================================
finish critical path target clock latency max path
--------------------------------------------------------------------------
0

==========================================================================
finish critical path target clock latency min path
--------------------------------------------------------------------------
0

==========================================================================
finish critical path source clock latency min path
--------------------------------------------------------------------------
0

==========================================================================
finish critical path delay
--------------------------------------------------------------------------
1.7911

==========================================================================
finish critical path slack
--------------------------------------------------------------------------
18.4547

==========================================================================
finish slack div critical path delay
--------------------------------------------------------------------------
1030.355647

==========================================================================
finish report_power
--------------------------------------------------------------------------
Group                  Internal  Switching    Leakage      Total
                          Power      Power      Power      Power (Watts)
----------------------------------------------------------------
Sequential             9.81e-04   5.30e-06   2.17e-04   1.20e-03  40.2%
Combinational          1.31e-05   2.63e-05   9.57e-04   9.96e-04  33.3%
Clock                  3.64e-04   4.04e-04   2.64e-05   7.94e-04  26.5%
Macro                  0.00e+00   0.00e+00   0.00e+00   0.00e+00   0.0%
Pad                    0.00e+00   0.00e+00   0.00e+00   0.00e+00   0.0%
----------------------------------------------------------------
Total                  1.36e-03   4.36e-04   1.20e-03   2.99e-03 100.0%
                          45.4%      14.6%      40.1%
