
==========================================================================
finish report_tns
--------------------------------------------------------------------------
tns max 0.00

==========================================================================
finish report_wns
--------------------------------------------------------------------------
wns max 0.00

==========================================================================
finish report_worst_slack
--------------------------------------------------------------------------
worst slack max 13.09

==========================================================================
finish report_clock_min_period
--------------------------------------------------------------------------
clk period_min = 6.91 fmax = 144.80

==========================================================================
finish report_clock_skew
--------------------------------------------------------------------------
Clock clk
   1.06 source latency u_array.g_b_rep[3].g_col[1].data_q[0]$_SDFF_PP1_/CLK ^
  -0.99 target latency u_array.g_b_rep[5].g_col[1].data_q[0]$_SDFF_PP1_/CLK ^
   0.00 CRPR
--------------
   0.07 setup skew


==========================================================================
finish report_checks -path_delay min
--------------------------------------------------------------------------
Startpoint: u_array.g_a_edge[3].delay.g_delay.data_pipe[0][5]$_SDFF_PP0_
            (rising edge-triggered flip-flop clocked by clk)
Endpoint: u_array.g_a_common[3].g_seg[0].data_q[5]$_SDFF_PP0_
          (rising edge-triggered flip-flop clocked by clk)
Path Group: clk
Path Type: min

Fanout     Cap    Slew   Delay    Time   Description
-----------------------------------------------------------------------------
                          0.00    0.00   clock clk (rise edge)
                          0.00    0.00   clock source latency
     2    0.14    0.00    0.00    0.00 ^ clk (in)
                                         clk (net)
                  0.02    0.01    0.01 ^ clkbuf_0_clk/A (sky130_fd_sc_hd__clkbuf_16)
     5    0.18    0.19    0.23    0.24 ^ clkbuf_0_clk/X (sky130_fd_sc_hd__clkbuf_16)
                                         clknet_0_clk (net)
                  0.19    0.01    0.24 ^ clkbuf_2_3_0_clk/A (sky130_fd_sc_hd__clkbuf_16)
     8    0.20    0.21    0.30    0.54 ^ clkbuf_2_3_0_clk/X (sky130_fd_sc_hd__clkbuf_16)
                                         clknet_2_3_0_clk (net)
                  0.21    0.01    0.55 ^ clkbuf_5_24__f_clk/A (sky130_fd_sc_hd__clkbuf_16)
     9    0.14    0.15    0.27    0.81 ^ clkbuf_5_24__f_clk/X (sky130_fd_sc_hd__clkbuf_16)
                                         clknet_5_24__leaf_clk (net)
                  0.15    0.00    0.82 ^ clkbuf_leaf_29_clk/A (sky130_fd_sc_hd__clkbuf_16)
    11    0.03    0.05    0.17    0.99 ^ clkbuf_leaf_29_clk/X (sky130_fd_sc_hd__clkbuf_16)
                                         clknet_leaf_29_clk (net)
                  0.05    0.00    0.99 ^ u_array.g_a_edge[3].delay.g_delay.data_pipe[0][5]$_SDFF_PP0_/CLK (sky130_fd_sc_hd__dfxtp_1)
     1    0.00    0.03    0.29    1.28 ^ u_array.g_a_edge[3].delay.g_delay.data_pipe[0][5]$_SDFF_PP0_/Q (sky130_fd_sc_hd__dfxtp_1)
                                         u_array.a_edge[3][5] (net)
                  0.03    0.00    1.28 ^ _51072_/A (sky130_fd_sc_hd__and2_1)
     1    0.00    0.04    0.10    1.38 ^ _51072_/X (sky130_fd_sc_hd__and2_1)
                                         _08446_ (net)
                  0.04    0.00    1.38 ^ u_array.g_a_common[3].g_seg[0].data_q[5]$_SDFF_PP0_/D (sky130_fd_sc_hd__dfxtp_1)
                                  1.38   data arrival time

                          0.00    0.00   clock clk (rise edge)
                          0.00    0.00   clock source latency
     2    0.14    0.00    0.00    0.00 ^ clk (in)
                                         clk (net)
                  0.02    0.01    0.01 ^ clkbuf_0_clk/A (sky130_fd_sc_hd__clkbuf_16)
     5    0.18    0.19    0.23    0.24 ^ clkbuf_0_clk/X (sky130_fd_sc_hd__clkbuf_16)
                                         clknet_0_clk (net)
                  0.19    0.01    0.24 ^ clkbuf_2_0_0_clk/A (sky130_fd_sc_hd__clkbuf_16)
     8    0.21    0.22    0.31    0.55 ^ clkbuf_2_0_0_clk/X (sky130_fd_sc_hd__clkbuf_16)
                                         clknet_2_0_0_clk (net)
                  0.22    0.00    0.55 ^ clkbuf_5_7__f_clk/A (sky130_fd_sc_hd__clkbuf_16)
    11    0.17    0.18    0.29    0.84 ^ clkbuf_5_7__f_clk/X (sky130_fd_sc_hd__clkbuf_16)
                                         clknet_5_7__leaf_clk (net)
                  0.18    0.00    0.85 ^ clkbuf_leaf_265_clk/A (sky130_fd_sc_hd__clkbuf_16)
     6    0.03    0.06    0.18    1.03 ^ clkbuf_leaf_265_clk/X (sky130_fd_sc_hd__clkbuf_16)
                                         clknet_leaf_265_clk (net)
                  0.06    0.00    1.03 ^ u_array.g_a_common[3].g_seg[0].data_q[5]$_SDFF_PP0_/CLK (sky130_fd_sc_hd__dfxtp_1)
                          0.00    1.03   clock reconvergence pessimism
                         -0.03    1.00   library hold time
                                  1.00   data required time
-----------------------------------------------------------------------------
                                  1.00   data required time
                                 -1.38   data arrival time
-----------------------------------------------------------------------------
                                  0.38   slack (MET)



==========================================================================
finish report_checks -path_delay max
--------------------------------------------------------------------------
Startpoint: u_array.g_b_rep[3].g_col[2].data_q[2]$_SDFF_PP1_
            (rising edge-triggered flip-flop clocked by clk)
Endpoint: u_array.g_row[3].g_col[2].accumulator[30]$_SDFFE_PP0P_
          (rising edge-triggered flip-flop clocked by clk)
Path Group: clk
Path Type: max

Fanout     Cap    Slew   Delay    Time   Description
-----------------------------------------------------------------------------
                          0.00    0.00   clock clk (rise edge)
                          0.00    0.00   clock source latency
     2    0.14    0.00    0.00    0.00 ^ clk (in)
                                         clk (net)
                  0.02    0.01    0.01 ^ clkbuf_0_clk/A (sky130_fd_sc_hd__clkbuf_16)
     5    0.18    0.19    0.23    0.24 ^ clkbuf_0_clk/X (sky130_fd_sc_hd__clkbuf_16)
                                         clknet_0_clk (net)
                  0.19    0.01    0.24 ^ clkbuf_2_1_0_clk/A (sky130_fd_sc_hd__clkbuf_16)
     8    0.20    0.21    0.30    0.54 ^ clkbuf_2_1_0_clk/X (sky130_fd_sc_hd__clkbuf_16)
                                         clknet_2_1_0_clk (net)
                  0.21    0.00    0.55 ^ clkbuf_5_13__f_clk/A (sky130_fd_sc_hd__clkbuf_16)
    11    0.20    0.21    0.30    0.85 ^ clkbuf_5_13__f_clk/X (sky130_fd_sc_hd__clkbuf_16)
                                         clknet_5_13__leaf_clk (net)
                  0.21    0.01    0.86 ^ clkbuf_leaf_258_clk/A (sky130_fd_sc_hd__clkbuf_16)
    12    0.04    0.06    0.19    1.05 ^ clkbuf_leaf_258_clk/X (sky130_fd_sc_hd__clkbuf_16)
                                         clknet_leaf_258_clk (net)
                  0.06    0.00    1.05 ^ u_array.g_b_rep[3].g_col[2].data_q[2]$_SDFF_PP1_/CLK (sky130_fd_sc_hd__dfxtp_1)
     8    0.05    0.43    0.58    1.63 ^ u_array.g_b_rep[3].g_col[2].data_q[2]$_SDFF_PP1_/Q (sky130_fd_sc_hd__dfxtp_1)
                                         u_array.g_b_rep[3].g_col[2].data_q[2] (net)
                  0.43    0.01    1.64 ^ _36301_/B (sky130_fd_sc_hd__and2_1)
     3    0.02    0.24    0.33    1.97 ^ _36301_/X (sky130_fd_sc_hd__and2_1)
                                         _00103_ (net)
                  0.24    0.00    1.97 ^ _52365_/A (sky130_fd_sc_hd__fa_1)
     5    0.04    0.24    0.60    2.57 v _52365_/SUM (sky130_fd_sc_hd__fa_1)
                                         _19928_ (net)
                  0.24    0.00    2.57 v _52294_/A (sky130_fd_sc_hd__fa_1)
     1    0.00    0.06    0.60    3.17 ^ _52294_/SUM (sky130_fd_sc_hd__fa_1)
                                         _19932_ (net)
                  0.06    0.00    3.17 ^ place496/A (sky130_fd_sc_hd__buf_4)
    17    0.13    0.36    0.33    3.50 ^ place496/X (sky130_fd_sc_hd__buf_4)
                                         net496 (net)
                  0.36    0.00    3.51 ^ _58044_/B (sky130_fd_sc_hd__fa_1)
     1    0.01    0.10    0.51    4.02 v _58044_/SUM (sky130_fd_sc_hd__fa_1)
                                         _30602_ (net)
                  0.10    0.00    4.02 v _57099_/B (sky130_fd_sc_hd__fa_1)
     1    0.00    0.08    0.47    4.49 v _57099_/SUM (sky130_fd_sc_hd__fa_1)
                                         _30604_ (net)
                  0.08    0.00    4.49 v _59077_/A (sky130_fd_sc_hd__ha_1)
     1    0.01    0.07    0.32    4.81 v _59077_/SUM (sky130_fd_sc_hd__ha_1)
                                         _33547_ (net)
                  0.07    0.00    4.81 v _60267_/A (sky130_fd_sc_hd__ha_1)
     3    0.01    0.11    0.33    5.14 ^ _60267_/SUM (sky130_fd_sc_hd__ha_1)
                                         _04206_ (net)
                  0.11    0.00    5.14 ^ _44603_/A (sky130_fd_sc_hd__nand2_1)
     1    0.00    0.05    0.08    5.21 v _44603_/Y (sky130_fd_sc_hd__nand2_1)
                                         _13283_ (net)
                  0.05    0.00    5.21 v _44605_/B1 (sky130_fd_sc_hd__a211oi_1)
     3    0.02    0.66    0.57    5.79 ^ _44605_/Y (sky130_fd_sc_hd__a211oi_1)
                                         _13285_ (net)
                  0.66    0.00    5.79 ^ _44608_/A2 (sky130_fd_sc_hd__a2111oi_0)
     2    0.01    0.24    0.35    6.14 v _44608_/Y (sky130_fd_sc_hd__a2111oi_0)
                                         _13288_ (net)
                  0.24    0.00    6.14 v _44618_/A1 (sky130_fd_sc_hd__o41ai_1)
     3    0.02    0.81    0.83    6.97 ^ _44618_/Y (sky130_fd_sc_hd__o41ai_1)
                                         _13298_ (net)
                  0.81    0.00    6.97 ^ _44624_/A2 (sky130_fd_sc_hd__a31o_2)
     2    0.02    0.11    0.33    7.30 ^ _44624_/X (sky130_fd_sc_hd__a31o_2)
                                         _13304_ (net)
                  0.11    0.00    7.30 ^ _44625_/A2 (sky130_fd_sc_hd__a21oi_1)
     2    0.01    0.07    0.10    7.40 v _44625_/Y (sky130_fd_sc_hd__a21oi_1)
                                         _13305_ (net)
                  0.07    0.00    7.40 v _44628_/A2 (sky130_fd_sc_hd__o21a_1)
     1    0.01    0.05    0.19    7.59 v _44628_/X (sky130_fd_sc_hd__o21a_1)
                                         _13308_ (net)
                  0.05    0.00    7.59 v _44629_/B (sky130_fd_sc_hd__xnor2_1)
     1    0.00    0.14    0.15    7.74 ^ _44629_/Y (sky130_fd_sc_hd__xnor2_1)
                                         _13309_ (net)
                  0.14    0.00    7.74 ^ _44631_/A2 (sky130_fd_sc_hd__o21ai_1)
     1    0.00    0.09    0.07    7.81 v _44631_/Y (sky130_fd_sc_hd__o21ai_1)
                                         _07336_ (net)
                  0.09    0.00    7.81 v u_array.g_row[3].g_col[2].accumulator[30]$_SDFFE_PP0P_/D (sky130_fd_sc_hd__dfxtp_1)
                                  7.81   data arrival time

                         20.00   20.00   clock clk (rise edge)
                          0.00   20.00   clock source latency
     2    0.14    0.00    0.00   20.00 ^ clk (in)
                                         clk (net)
                  0.02    0.01   20.01 ^ clkbuf_0_clk/A (sky130_fd_sc_hd__clkbuf_16)
     5    0.18    0.19    0.23   20.24 ^ clkbuf_0_clk/X (sky130_fd_sc_hd__clkbuf_16)
                                         clknet_0_clk (net)
                  0.19    0.01   20.24 ^ clkbuf_2_0_0_clk/A (sky130_fd_sc_hd__clkbuf_16)
     8    0.21    0.22    0.31   20.55 ^ clkbuf_2_0_0_clk/X (sky130_fd_sc_hd__clkbuf_16)
                                         clknet_2_0_0_clk (net)
                  0.22    0.01   20.55 ^ clkbuf_5_5__f_clk/A (sky130_fd_sc_hd__clkbuf_16)
    10    0.16    0.17    0.28   20.84 ^ clkbuf_5_5__f_clk/X (sky130_fd_sc_hd__clkbuf_16)
                                         clknet_5_5__leaf_clk (net)
                  0.17    0.00   20.84 ^ clkbuf_leaf_21_clk/A (sky130_fd_sc_hd__clkbuf_16)
    10    0.04    0.06    0.18   21.03 ^ clkbuf_leaf_21_clk/X (sky130_fd_sc_hd__clkbuf_16)
                                         clknet_leaf_21_clk (net)
                  0.06    0.00   21.03 ^ u_array.g_row[3].g_col[2].accumulator[30]$_SDFFE_PP0P_/CLK (sky130_fd_sc_hd__dfxtp_1)
                          0.00   21.03   clock reconvergence pessimism
                         -0.13   20.90   library setup time
                                 20.90   data required time
-----------------------------------------------------------------------------
                                 20.90   data required time
                                 -7.81   data arrival time
-----------------------------------------------------------------------------
                                 13.09   slack (MET)



==========================================================================
finish report_checks -unconstrained
--------------------------------------------------------------------------
Startpoint: u_array.g_b_rep[3].g_col[2].data_q[2]$_SDFF_PP1_
            (rising edge-triggered flip-flop clocked by clk)
Endpoint: u_array.g_row[3].g_col[2].accumulator[30]$_SDFFE_PP0P_
          (rising edge-triggered flip-flop clocked by clk)
Path Group: clk
Path Type: max

Fanout     Cap    Slew   Delay    Time   Description
-----------------------------------------------------------------------------
                          0.00    0.00   clock clk (rise edge)
                          0.00    0.00   clock source latency
     2    0.14    0.00    0.00    0.00 ^ clk (in)
                                         clk (net)
                  0.02    0.01    0.01 ^ clkbuf_0_clk/A (sky130_fd_sc_hd__clkbuf_16)
     5    0.18    0.19    0.23    0.24 ^ clkbuf_0_clk/X (sky130_fd_sc_hd__clkbuf_16)
                                         clknet_0_clk (net)
                  0.19    0.01    0.24 ^ clkbuf_2_1_0_clk/A (sky130_fd_sc_hd__clkbuf_16)
     8    0.20    0.21    0.30    0.54 ^ clkbuf_2_1_0_clk/X (sky130_fd_sc_hd__clkbuf_16)
                                         clknet_2_1_0_clk (net)
                  0.21    0.00    0.55 ^ clkbuf_5_13__f_clk/A (sky130_fd_sc_hd__clkbuf_16)
    11    0.20    0.21    0.30    0.85 ^ clkbuf_5_13__f_clk/X (sky130_fd_sc_hd__clkbuf_16)
                                         clknet_5_13__leaf_clk (net)
                  0.21    0.01    0.86 ^ clkbuf_leaf_258_clk/A (sky130_fd_sc_hd__clkbuf_16)
    12    0.04    0.06    0.19    1.05 ^ clkbuf_leaf_258_clk/X (sky130_fd_sc_hd__clkbuf_16)
                                         clknet_leaf_258_clk (net)
                  0.06    0.00    1.05 ^ u_array.g_b_rep[3].g_col[2].data_q[2]$_SDFF_PP1_/CLK (sky130_fd_sc_hd__dfxtp_1)
     8    0.05    0.43    0.58    1.63 ^ u_array.g_b_rep[3].g_col[2].data_q[2]$_SDFF_PP1_/Q (sky130_fd_sc_hd__dfxtp_1)
                                         u_array.g_b_rep[3].g_col[2].data_q[2] (net)
                  0.43    0.01    1.64 ^ _36301_/B (sky130_fd_sc_hd__and2_1)
     3    0.02    0.24    0.33    1.97 ^ _36301_/X (sky130_fd_sc_hd__and2_1)
                                         _00103_ (net)
                  0.24    0.00    1.97 ^ _52365_/A (sky130_fd_sc_hd__fa_1)
     5    0.04    0.24    0.60    2.57 v _52365_/SUM (sky130_fd_sc_hd__fa_1)
                                         _19928_ (net)
                  0.24    0.00    2.57 v _52294_/A (sky130_fd_sc_hd__fa_1)
     1    0.00    0.06    0.60    3.17 ^ _52294_/SUM (sky130_fd_sc_hd__fa_1)
                                         _19932_ (net)
                  0.06    0.00    3.17 ^ place496/A (sky130_fd_sc_hd__buf_4)
    17    0.13    0.36    0.33    3.50 ^ place496/X (sky130_fd_sc_hd__buf_4)
                                         net496 (net)
                  0.36    0.00    3.51 ^ _58044_/B (sky130_fd_sc_hd__fa_1)
     1    0.01    0.10    0.51    4.02 v _58044_/SUM (sky130_fd_sc_hd__fa_1)
                                         _30602_ (net)
                  0.10    0.00    4.02 v _57099_/B (sky130_fd_sc_hd__fa_1)
     1    0.00    0.08    0.47    4.49 v _57099_/SUM (sky130_fd_sc_hd__fa_1)
                                         _30604_ (net)
                  0.08    0.00    4.49 v _59077_/A (sky130_fd_sc_hd__ha_1)
     1    0.01    0.07    0.32    4.81 v _59077_/SUM (sky130_fd_sc_hd__ha_1)
                                         _33547_ (net)
                  0.07    0.00    4.81 v _60267_/A (sky130_fd_sc_hd__ha_1)
     3    0.01    0.11    0.33    5.14 ^ _60267_/SUM (sky130_fd_sc_hd__ha_1)
                                         _04206_ (net)
                  0.11    0.00    5.14 ^ _44603_/A (sky130_fd_sc_hd__nand2_1)
     1    0.00    0.05    0.08    5.21 v _44603_/Y (sky130_fd_sc_hd__nand2_1)
                                         _13283_ (net)
                  0.05    0.00    5.21 v _44605_/B1 (sky130_fd_sc_hd__a211oi_1)
     3    0.02    0.66    0.57    5.79 ^ _44605_/Y (sky130_fd_sc_hd__a211oi_1)
                                         _13285_ (net)
                  0.66    0.00    5.79 ^ _44608_/A2 (sky130_fd_sc_hd__a2111oi_0)
     2    0.01    0.24    0.35    6.14 v _44608_/Y (sky130_fd_sc_hd__a2111oi_0)
                                         _13288_ (net)
                  0.24    0.00    6.14 v _44618_/A1 (sky130_fd_sc_hd__o41ai_1)
     3    0.02    0.81    0.83    6.97 ^ _44618_/Y (sky130_fd_sc_hd__o41ai_1)
                                         _13298_ (net)
                  0.81    0.00    6.97 ^ _44624_/A2 (sky130_fd_sc_hd__a31o_2)
     2    0.02    0.11    0.33    7.30 ^ _44624_/X (sky130_fd_sc_hd__a31o_2)
                                         _13304_ (net)
                  0.11    0.00    7.30 ^ _44625_/A2 (sky130_fd_sc_hd__a21oi_1)
     2    0.01    0.07    0.10    7.40 v _44625_/Y (sky130_fd_sc_hd__a21oi_1)
                                         _13305_ (net)
                  0.07    0.00    7.40 v _44628_/A2 (sky130_fd_sc_hd__o21a_1)
     1    0.01    0.05    0.19    7.59 v _44628_/X (sky130_fd_sc_hd__o21a_1)
                                         _13308_ (net)
                  0.05    0.00    7.59 v _44629_/B (sky130_fd_sc_hd__xnor2_1)
     1    0.00    0.14    0.15    7.74 ^ _44629_/Y (sky130_fd_sc_hd__xnor2_1)
                                         _13309_ (net)
                  0.14    0.00    7.74 ^ _44631_/A2 (sky130_fd_sc_hd__o21ai_1)
     1    0.00    0.09    0.07    7.81 v _44631_/Y (sky130_fd_sc_hd__o21ai_1)
                                         _07336_ (net)
                  0.09    0.00    7.81 v u_array.g_row[3].g_col[2].accumulator[30]$_SDFFE_PP0P_/D (sky130_fd_sc_hd__dfxtp_1)
                                  7.81   data arrival time

                         20.00   20.00   clock clk (rise edge)
                          0.00   20.00   clock source latency
     2    0.14    0.00    0.00   20.00 ^ clk (in)
                                         clk (net)
                  0.02    0.01   20.01 ^ clkbuf_0_clk/A (sky130_fd_sc_hd__clkbuf_16)
     5    0.18    0.19    0.23   20.24 ^ clkbuf_0_clk/X (sky130_fd_sc_hd__clkbuf_16)
                                         clknet_0_clk (net)
                  0.19    0.01   20.24 ^ clkbuf_2_0_0_clk/A (sky130_fd_sc_hd__clkbuf_16)
     8    0.21    0.22    0.31   20.55 ^ clkbuf_2_0_0_clk/X (sky130_fd_sc_hd__clkbuf_16)
                                         clknet_2_0_0_clk (net)
                  0.22    0.01   20.55 ^ clkbuf_5_5__f_clk/A (sky130_fd_sc_hd__clkbuf_16)
    10    0.16    0.17    0.28   20.84 ^ clkbuf_5_5__f_clk/X (sky130_fd_sc_hd__clkbuf_16)
                                         clknet_5_5__leaf_clk (net)
                  0.17    0.00   20.84 ^ clkbuf_leaf_21_clk/A (sky130_fd_sc_hd__clkbuf_16)
    10    0.04    0.06    0.18   21.03 ^ clkbuf_leaf_21_clk/X (sky130_fd_sc_hd__clkbuf_16)
                                         clknet_leaf_21_clk (net)
                  0.06    0.00   21.03 ^ u_array.g_row[3].g_col[2].accumulator[30]$_SDFFE_PP0P_/CLK (sky130_fd_sc_hd__dfxtp_1)
                          0.00   21.03   clock reconvergence pessimism
                         -0.13   20.90   library setup time
                                 20.90   data required time
-----------------------------------------------------------------------------
                                 20.90   data required time
                                 -7.81   data arrival time
-----------------------------------------------------------------------------
                                 13.09   slack (MET)



==========================================================================
finish report_check_types -max_slew -max_cap -max_fanout -violators
--------------------------------------------------------------------------

==========================================================================
finish max_slew_check_slack
--------------------------------------------------------------------------
0.27754345536231995

==========================================================================
finish max_slew_check_limit
--------------------------------------------------------------------------
1.4892979860305786

==========================================================================
finish max_slew_check_slack_limit
--------------------------------------------------------------------------
0.1864

==========================================================================
finish max_fanout_check_slack
--------------------------------------------------------------------------
1.0000000150474662e+30

==========================================================================
finish max_fanout_check_limit
--------------------------------------------------------------------------
1.0000000150474662e+30

==========================================================================
finish max_capacitance_check_slack
--------------------------------------------------------------------------
0.007032008375972509

==========================================================================
finish max_capacitance_check_limit
--------------------------------------------------------------------------
0.021067000925540924

==========================================================================
finish max_capacitance_check_slack_limit
--------------------------------------------------------------------------
0.3338

==========================================================================
finish max_slew_violation_count
--------------------------------------------------------------------------
max slew violation count 0

==========================================================================
finish max_fanout_violation_count
--------------------------------------------------------------------------
max fanout violation count 0

==========================================================================
finish max_cap_violation_count
--------------------------------------------------------------------------
max cap violation count 0

==========================================================================
finish setup_violation_count
--------------------------------------------------------------------------
setup violation count 0

==========================================================================
finish hold_violation_count
--------------------------------------------------------------------------
hold violation count 0

==========================================================================
finish report_checks -path_delay max reg to reg
--------------------------------------------------------------------------
Startpoint: u_array.g_b_rep[3].g_col[2].data_q[2]$_SDFF_PP1_
            (rising edge-triggered flip-flop clocked by clk)
Endpoint: u_array.g_row[3].g_col[2].accumulator[30]$_SDFFE_PP0P_
          (rising edge-triggered flip-flop clocked by clk)
Path Group: clk
Path Type: max

  Delay    Time   Description
---------------------------------------------------------
   0.00    0.00   clock clk (rise edge)
   0.00    0.00   clock source latency
   0.00    0.00 ^ clk (in)
   0.24    0.24 ^ clkbuf_0_clk/X (sky130_fd_sc_hd__clkbuf_16)
   0.31    0.54 ^ clkbuf_2_1_0_clk/X (sky130_fd_sc_hd__clkbuf_16)
   0.31    0.85 ^ clkbuf_5_13__f_clk/X (sky130_fd_sc_hd__clkbuf_16)
   0.20    1.05 ^ clkbuf_leaf_258_clk/X (sky130_fd_sc_hd__clkbuf_16)
   0.00    1.05 ^ u_array.g_b_rep[3].g_col[2].data_q[2]$_SDFF_PP1_/CLK (sky130_fd_sc_hd__dfxtp_1)
   0.58    1.63 ^ u_array.g_b_rep[3].g_col[2].data_q[2]$_SDFF_PP1_/Q (sky130_fd_sc_hd__dfxtp_1)
   0.34    1.97 ^ _36301_/X (sky130_fd_sc_hd__and2_1)
   0.60    2.57 v _52365_/SUM (sky130_fd_sc_hd__fa_1)
   0.60    3.17 ^ _52294_/SUM (sky130_fd_sc_hd__fa_1)
   0.33    3.50 ^ place496/X (sky130_fd_sc_hd__buf_4)
   0.52    4.02 v _58044_/SUM (sky130_fd_sc_hd__fa_1)
   0.47    4.49 v _57099_/SUM (sky130_fd_sc_hd__fa_1)
   0.32    4.81 v _59077_/SUM (sky130_fd_sc_hd__ha_1)
   0.33    5.14 ^ _60267_/SUM (sky130_fd_sc_hd__ha_1)
   0.08    5.21 v _44603_/Y (sky130_fd_sc_hd__nand2_1)
   0.57    5.79 ^ _44605_/Y (sky130_fd_sc_hd__a211oi_1)
   0.35    6.14 v _44608_/Y (sky130_fd_sc_hd__a2111oi_0)
   0.83    6.97 ^ _44618_/Y (sky130_fd_sc_hd__o41ai_1)
   0.33    7.30 ^ _44624_/X (sky130_fd_sc_hd__a31o_2)
   0.10    7.40 v _44625_/Y (sky130_fd_sc_hd__a21oi_1)
   0.19    7.59 v _44628_/X (sky130_fd_sc_hd__o21a_1)
   0.15    7.74 ^ _44629_/Y (sky130_fd_sc_hd__xnor2_1)
   0.07    7.81 v _44631_/Y (sky130_fd_sc_hd__o21ai_1)
   0.00    7.81 v u_array.g_row[3].g_col[2].accumulator[30]$_SDFFE_PP0P_/D (sky130_fd_sc_hd__dfxtp_1)
           7.81   data arrival time

  20.00   20.00   clock clk (rise edge)
   0.00   20.00   clock source latency
   0.00   20.00 ^ clk (in)
   0.24   20.24 ^ clkbuf_0_clk/X (sky130_fd_sc_hd__clkbuf_16)
   0.31   20.55 ^ clkbuf_2_0_0_clk/X (sky130_fd_sc_hd__clkbuf_16)
   0.29   20.84 ^ clkbuf_5_5__f_clk/X (sky130_fd_sc_hd__clkbuf_16)
   0.19   21.03 ^ clkbuf_leaf_21_clk/X (sky130_fd_sc_hd__clkbuf_16)
   0.00   21.03 ^ u_array.g_row[3].g_col[2].accumulator[30]$_SDFFE_PP0P_/CLK (sky130_fd_sc_hd__dfxtp_1)
   0.00   21.03   clock reconvergence pessimism
  -0.13   20.90   library setup time
          20.90   data required time
---------------------------------------------------------
          20.90   data required time
          -7.81   data arrival time
---------------------------------------------------------
          13.09   slack (MET)



==========================================================================
finish report_checks -path_delay min reg to reg
--------------------------------------------------------------------------
Startpoint: u_array.g_a_edge[3].delay.g_delay.data_pipe[0][5]$_SDFF_PP0_
            (rising edge-triggered flip-flop clocked by clk)
Endpoint: u_array.g_a_common[3].g_seg[0].data_q[5]$_SDFF_PP0_
          (rising edge-triggered flip-flop clocked by clk)
Path Group: clk
Path Type: min

  Delay    Time   Description
---------------------------------------------------------
   0.00    0.00   clock clk (rise edge)
   0.00    0.00   clock source latency
   0.00    0.00 ^ clk (in)
   0.24    0.24 ^ clkbuf_0_clk/X (sky130_fd_sc_hd__clkbuf_16)
   0.30    0.54 ^ clkbuf_2_3_0_clk/X (sky130_fd_sc_hd__clkbuf_16)
   0.27    0.81 ^ clkbuf_5_24__f_clk/X (sky130_fd_sc_hd__clkbuf_16)
   0.18    0.99 ^ clkbuf_leaf_29_clk/X (sky130_fd_sc_hd__clkbuf_16)
   0.00    0.99 ^ u_array.g_a_edge[3].delay.g_delay.data_pipe[0][5]$_SDFF_PP0_/CLK (sky130_fd_sc_hd__dfxtp_1)
   0.29    1.28 ^ u_array.g_a_edge[3].delay.g_delay.data_pipe[0][5]$_SDFF_PP0_/Q (sky130_fd_sc_hd__dfxtp_1)
   0.10    1.38 ^ _51072_/X (sky130_fd_sc_hd__and2_1)
   0.00    1.38 ^ u_array.g_a_common[3].g_seg[0].data_q[5]$_SDFF_PP0_/D (sky130_fd_sc_hd__dfxtp_1)
           1.38   data arrival time

   0.00    0.00   clock clk (rise edge)
   0.00    0.00   clock source latency
   0.00    0.00 ^ clk (in)
   0.24    0.24 ^ clkbuf_0_clk/X (sky130_fd_sc_hd__clkbuf_16)
   0.31    0.55 ^ clkbuf_2_0_0_clk/X (sky130_fd_sc_hd__clkbuf_16)
   0.29    0.84 ^ clkbuf_5_7__f_clk/X (sky130_fd_sc_hd__clkbuf_16)
   0.19    1.03 ^ clkbuf_leaf_265_clk/X (sky130_fd_sc_hd__clkbuf_16)
   0.00    1.03 ^ u_array.g_a_common[3].g_seg[0].data_q[5]$_SDFF_PP0_/CLK (sky130_fd_sc_hd__dfxtp_1)
   0.00    1.03   clock reconvergence pessimism
  -0.03    1.00   library hold time
           1.00   data required time
---------------------------------------------------------
           1.00   data required time
          -1.38   data arrival time
---------------------------------------------------------
           0.38   slack (MET)



==========================================================================
finish critical path target clock latency max path
--------------------------------------------------------------------------
0

==========================================================================
finish critical path target clock latency min path
--------------------------------------------------------------------------
0

==========================================================================
finish critical path source clock latency min path
--------------------------------------------------------------------------
0

==========================================================================
finish critical path delay
--------------------------------------------------------------------------
7.8071

==========================================================================
finish critical path slack
--------------------------------------------------------------------------
13.0938

==========================================================================
finish slack div critical path delay
--------------------------------------------------------------------------
167.716566

==========================================================================
finish report_power
--------------------------------------------------------------------------
Group                  Internal  Switching    Leakage      Total
                          Power      Power      Power      Power (Watts)
----------------------------------------------------------------
Sequential             5.04e-03   1.15e-04   2.01e-08   5.15e-03  20.3%
Combinational          6.02e-03   7.42e-03   1.45e-07   1.34e-02  53.0%
Clock                  4.01e-03   2.77e-03   5.91e-09   6.78e-03  26.7%
Macro                  0.00e+00   0.00e+00   0.00e+00   0.00e+00   0.0%
Pad                    0.00e+00   0.00e+00   0.00e+00   0.00e+00   0.0%
----------------------------------------------------------------
Total                  1.51e-02   1.03e-02   1.71e-07   2.54e-02 100.0%
                          59.4%      40.6%       0.0%
