OpenROAD unknown 
Features included (+) or not (-): -GPU +GUI -Python
This program is licensed under the BSD-3 license. See the LICENSE file for details.
Components of this program may be licensed under more restrictive licenses which must be honored.
[INFO ORD-0030] Using 4 thread(s).
read_liberty /OpenROAD-flow-scripts/flow/platforms/nangate45/lib/NangateOpenCellLibrary_typical.lib
read_db ./results/nangate45/similarity_asic_transfer_blocal/base/5_1_grt.odb
read_sdc ./results/nangate45/similarity_asic_transfer_blocal/base/5_1_grt.sdc
source /OpenROAD-flow-scripts/flow/platforms/nangate45/setRC.tcl
detailed_route -output_drc ./reports/nangate45/similarity_asic_transfer_blocal/base/5_route_drc.rpt -output_maze ./results/nangate45/similarity_asic_transfer_blocal/base/maze.log -droute_end_iter 64 -verbose 1 -drc_report_iter_step 5
[INFO DRT-0149] Reading tech and libs.

Units:                2000
Number of layers:     21
Number of macros:     135
Number of vias:       33
Number of viarulegen: 19

[INFO DRT-0150] Reading design.

Design:                   similarity_asic_transfer_blocal
Die area:                 ( 0 0 ) ( 897130 897130 )
Number of track patterns: 20
Number of DEF vias:       0
Number of components:     33290
Number of terminals:      36
Number of snets:          2
Number of nets:           44246

[INFO DRT-0167] List of default vias:
  Layer via2
    default via: via2_5
  Layer via3
    default via: via3_2
  Layer via4
    default via: via4_0
  Layer via5
    default via: via5_0
  Layer via6
    default via: via6_0
  Layer via7
    default via: via7_0
  Layer via8
    default via: via8_0
  Layer via9
    default via: via9_0
[INFO DRT-0162] Library cell analysis.
[INFO DRT-0163] Instance analysis.
[INFO DRT-0164] Number of unique instances = 108.
[INFO DRT-0168] Init region query.
[INFO DRT-0024]   Complete active.
[INFO DRT-0024]   Complete Fr_VIA.
[INFO DRT-0024]   Complete metal1.
[INFO DRT-0024]   Complete via1.
[INFO DRT-0024]   Complete metal2.
[INFO DRT-0024]   Complete via2.
[INFO DRT-0024]   Complete metal3.
[INFO DRT-0024]   Complete via3.
[INFO DRT-0024]   Complete metal4.
[INFO DRT-0024]   Complete via4.
[INFO DRT-0024]   Complete metal5.
[INFO DRT-0024]   Complete via5.
[INFO DRT-0024]   Complete metal6.
[INFO DRT-0024]   Complete via6.
[INFO DRT-0024]   Complete metal7.
[INFO DRT-0024]   Complete via7.
[INFO DRT-0024]   Complete metal8.
[INFO DRT-0024]   Complete via8.
[INFO DRT-0024]   Complete metal9.
[INFO DRT-0024]   Complete via9.
[INFO DRT-0024]   Complete metal10.
[INFO DRT-0033] active shape region query size = 0.
[INFO DRT-0033] FR_VIA shape region query size = 0.
[INFO DRT-0033] metal1 shape region query size = 751559.
[INFO DRT-0033] via1 shape region query size = 7656.
[INFO DRT-0033] metal2 shape region query size = 5104.
[INFO DRT-0033] via2 shape region query size = 7656.
[INFO DRT-0033] metal3 shape region query size = 5104.
[INFO DRT-0033] via3 shape region query size = 7656.
[INFO DRT-0033] metal4 shape region query size = 2808.
[INFO DRT-0033] via4 shape region query size = 2400.
[INFO DRT-0033] metal5 shape region query size = 511.
[INFO DRT-0033] via5 shape region query size = 2400.
[INFO DRT-0033] metal6 shape region query size = 483.
[INFO DRT-0033] via6 shape region query size = 960.
[INFO DRT-0033] metal7 shape region query size = 300.
[INFO DRT-0033] via7 shape region query size = 0.
[INFO DRT-0033] metal8 shape region query size = 0.
[INFO DRT-0033] via8 shape region query size = 0.
[INFO DRT-0033] metal9 shape region query size = 0.
[INFO DRT-0033] via9 shape region query size = 0.
[INFO DRT-0033] metal10 shape region query size = 0.
[INFO DRT-0165] Start pin access.
[INFO DRT-0078]   Complete 617 pins.
[INFO DRT-0079]   Complete 100 unique inst patterns.
[INFO DRT-0081]   Complete 108 unique inst patterns.
[INFO DRT-0082]   Complete 10000 groups.
[INFO DRT-0084]   Complete 19994 groups.
#scanned instances     = 33290
#unique  instances     = 108
#stdCellGenAp          = 3262
#stdCellValidPlanarAp  = 0
#stdCellValidViaAp     = 2309
#stdCellPinNoAp        = 0
#stdCellPinCnt         = 118976
#instTermValidViaApCnt = 0
#macroGenAp            = 0
#macroValidPlanarAp    = 0
#macroValidViaAp       = 0
#macroNoAp             = 0
[INFO DRT-0166] Complete pin access.
[INFO DRT-0267] cpu time = 00:04:24, elapsed time = 00:01:06, memory = 485.42 (MB), peak = 500.39 (MB)
[INFO DRT-0156] guideIn read 100000 guides.
[INFO DRT-0156] guideIn read 200000 guides.

[INFO DRT-0157] Number of guides:     260195

[INFO DRT-0169] Post process guides.
[INFO DRT-0176] GCELLGRID X 0 DO 157 STEP 5700 ;
[INFO DRT-0177] GCELLGRID Y 0 DO 157 STEP 5700 ;
[INFO DRT-0026]   Complete 100000 origin guides.
[INFO DRT-0026]   Complete 200000 origin guides.
[INFO DRT-0028]   Complete active.
[INFO DRT-0028]   Complete Fr_VIA.
[INFO DRT-0028]   Complete metal1.
[INFO DRT-0028]   Complete via1.
[INFO DRT-0028]   Complete metal2.
[INFO DRT-0028]   Complete via2.
[INFO DRT-0028]   Complete metal3.
[INFO DRT-0028]   Complete via3.
[INFO DRT-0028]   Complete metal4.
[INFO DRT-0028]   Complete via4.
[INFO DRT-0028]   Complete metal5.
[INFO DRT-0028]   Complete via5.
[INFO DRT-0028]   Complete metal6.
[INFO DRT-0028]   Complete via6.
[INFO DRT-0028]   Complete metal7.
[INFO DRT-0028]   Complete via7.
[INFO DRT-0028]   Complete metal8.
[INFO DRT-0028]   Complete via8.
[INFO DRT-0028]   Complete metal9.
[INFO DRT-0028]   Complete via9.
[INFO DRT-0028]   Complete metal10.
[INFO DRT-0178] Init guide query.
[INFO DRT-0035]   Complete active (guide).
[INFO DRT-0035]   Complete Fr_VIA (guide).
[INFO DRT-0035]   Complete metal1 (guide).
[INFO DRT-0035]   Complete via1 (guide).
[INFO DRT-0035]   Complete metal2 (guide).
[INFO DRT-0035]   Complete via2 (guide).
[INFO DRT-0035]   Complete metal3 (guide).
[INFO DRT-0035]   Complete via3 (guide).
[INFO DRT-0035]   Complete metal4 (guide).
[INFO DRT-0035]   Complete via4 (guide).
[INFO DRT-0035]   Complete metal5 (guide).
[INFO DRT-0035]   Complete via5 (guide).
[INFO DRT-0035]   Complete metal6 (guide).
[INFO DRT-0035]   Complete via6 (guide).
[INFO DRT-0035]   Complete metal7 (guide).
[INFO DRT-0035]   Complete via7 (guide).
[INFO DRT-0035]   Complete metal8 (guide).
[INFO DRT-0035]   Complete via8 (guide).
[INFO DRT-0035]   Complete metal9 (guide).
[INFO DRT-0035]   Complete via9 (guide).
[INFO DRT-0035]   Complete metal10 (guide).
[INFO DRT-0036] active guide region query size = 0.
[INFO DRT-0036] FR_VIA guide region query size = 0.
[INFO DRT-0036] metal1 guide region query size = 96527.
[INFO DRT-0036] via1 guide region query size = 0.
[INFO DRT-0036] metal2 guide region query size = 77360.
[INFO DRT-0036] via2 guide region query size = 0.
[INFO DRT-0036] metal3 guide region query size = 38482.
[INFO DRT-0036] via3 guide region query size = 0.
[INFO DRT-0036] metal4 guide region query size = 2789.
[INFO DRT-0036] via4 guide region query size = 0.
[INFO DRT-0036] metal5 guide region query size = 798.
[INFO DRT-0036] via5 guide region query size = 0.
[INFO DRT-0036] metal6 guide region query size = 34.
[INFO DRT-0036] via6 guide region query size = 0.
[INFO DRT-0036] metal7 guide region query size = 0.
[INFO DRT-0036] via7 guide region query size = 0.
[INFO DRT-0036] metal8 guide region query size = 0.
[INFO DRT-0036] via8 guide region query size = 0.
[INFO DRT-0036] metal9 guide region query size = 0.
[INFO DRT-0036] via9 guide region query size = 0.
[INFO DRT-0036] metal10 guide region query size = 0.
[INFO DRT-0179] Init gr pin query.
[INFO DRT-0267] cpu time = 00:00:00, elapsed time = 00:00:00, memory = 583.78 (MB), peak = 583.43 (MB)
[INFO DRT-0245] skipped writing guide updates to database.
[INFO DRT-0181] Start track assignment.
[INFO DRT-0184] Done with 80183 vertical wires in 4 frboxes and 135807 horizontal wires in 4 frboxes.
[INFO DRT-0186] Done with 16233 vertical wires in 4 frboxes and 19548 horizontal wires in 4 frboxes.
[INFO DRT-0182] Complete track assignment.
[INFO DRT-0267] cpu time = 00:00:12, elapsed time = 00:00:05, memory = 929.13 (MB), peak = 982.80 (MB)
[INFO DRT-0187] Start routing data preparation.
[INFO DRT-0267] cpu time = 00:00:00, elapsed time = 00:00:00, memory = 929.19 (MB), peak = 982.80 (MB)
[INFO DRT-0194] Start detail routing.
[INFO DRT-0195] Start 0th optimization iteration.
    Completing 10% with 0 violations.
    elapsed time = 00:00:06, memory = 929.60 (MB).
    Completing 20% with 0 violations.
    elapsed time = 00:00:14, memory = 1118.67 (MB).
    Completing 30% with 506 violations.
    elapsed time = 00:00:22, memory = 1313.30 (MB).
    Completing 40% with 506 violations.
    elapsed time = 00:00:30, memory = 1335.33 (MB).
    Completing 50% with 506 violations.
    elapsed time = 00:00:40, memory = 1337.51 (MB).
    Completing 60% with 1092 violations.
    elapsed time = 00:00:49, memory = 1407.51 (MB).
    Completing 70% with 1092 violations.
    elapsed time = 00:00:57, memory = 1407.52 (MB).
    Completing 80% with 1650 violations.
    elapsed time = 00:01:07, memory = 1427.54 (MB).
    Completing 90% with 1650 violations.
    elapsed time = 00:01:15, memory = 1439.54 (MB).
    Completing 100% with 2264 violations.
    elapsed time = 00:01:26, memory = 1473.55 (MB).
[INFO DRT-0199]   Number of violations = 3684.
Viol/Layer      metal1 metal2   via2 metal3 metal4   via4 metal5
Cut Spacing          0      0      3      0      0      4      0
Metal Spacing       14    220      0     26      0      0      0
Recheck             12    877      0    517     12      0      2
Short                0   1739      4    248      6      0      0
[INFO DRT-0267] cpu time = 00:05:37, elapsed time = 00:01:27, memory = 1471.55 (MB), peak = 1665.34 (MB)
Total wire length = 454911 um.
Total wire length on LAYER metal1 = 0 um.
Total wire length on LAYER metal2 = 172143 um.
Total wire length on LAYER metal3 = 199411 um.
Total wire length on LAYER metal4 = 55917 um.
Total wire length on LAYER metal5 = 25215 um.
Total wire length on LAYER metal6 = 2223 um.
Total wire length on LAYER metal7 = 0 um.
Total wire length on LAYER metal8 = 0 um.
Total wire length on LAYER metal9 = 0 um.
Total wire length on LAYER metal10 = 0 um.
Total number of vias = 219181.
Up-via summary (total 219181):

-----------------
 active         0
 metal1    117329
 metal2     96378
 metal3      4063
 metal4      1344
 metal5        67
 metal6         0
 metal7         0
 metal8         0
 metal9         0
-----------------
       219181


[INFO DRT-0195] Start 1st optimization iteration.
    Completing 10% with 3684 violations.
    elapsed time = 00:00:06, memory = 1471.55 (MB).
    Completing 20% with 3684 violations.
    elapsed time = 00:00:13, memory = 1471.55 (MB).
    Completing 30% with 2991 violations.
    elapsed time = 00:00:21, memory = 1485.55 (MB).
    Completing 40% with 2991 violations.
    elapsed time = 00:00:29, memory = 1485.55 (MB).
    Completing 50% with 2991 violations.
    elapsed time = 00:00:39, memory = 1492.23 (MB).
    Completing 60% with 2232 violations.
    elapsed time = 00:00:48, memory = 1492.23 (MB).
    Completing 70% with 2232 violations.
    elapsed time = 00:00:56, memory = 1492.23 (MB).
    Completing 80% with 1504 violations.
    elapsed time = 00:01:06, memory = 1492.23 (MB).
    Completing 90% with 1504 violations.
    elapsed time = 00:01:13, memory = 1494.23 (MB).
    Completing 100% with 833 violations.
    elapsed time = 00:01:24, memory = 1494.23 (MB).
[INFO DRT-0199]   Number of violations = 833.
Viol/Layer      metal1   via1 metal2 metal3
Cut Spacing          0      2      0      0
Metal Spacing        4      0    151     12
Recheck              0      0      4      1
Short                0      0    621     38
[INFO DRT-0267] cpu time = 00:05:26, elapsed time = 00:01:24, memory = 1492.23 (MB), peak = 1669.92 (MB)
Total wire length = 452343 um.
Total wire length on LAYER metal1 = 0 um.
Total wire length on LAYER metal2 = 170818 um.
Total wire length on LAYER metal3 = 198276 um.
Total wire length on LAYER metal4 = 55894 um.
Total wire length on LAYER metal5 = 25134 um.
Total wire length on LAYER metal6 = 2219 um.
Total wire length on LAYER metal7 = 0 um.
Total wire length on LAYER metal8 = 0 um.
Total wire length on LAYER metal9 = 0 um.
Total wire length on LAYER metal10 = 0 um.
Total number of vias = 217251.
Up-via summary (total 217251):

-----------------
 active         0
 metal1    117321
 metal2     94525
 metal3      4033
 metal4      1307
 metal5        65
 metal6         0
 metal7         0
 metal8         0
 metal9         0
-----------------
       217251


[INFO DRT-0195] Start 2nd optimization iteration.
    Completing 10% with 833 violations.
    elapsed time = 00:00:04, memory = 1492.24 (MB).
    Completing 20% with 833 violations.
    elapsed time = 00:00:08, memory = 1492.24 (MB).
    Completing 30% with 735 violations.
    elapsed time = 00:00:13, memory = 1486.24 (MB).
    Completing 40% with 735 violations.
    elapsed time = 00:00:17, memory = 1486.24 (MB).
    Completing 50% with 735 violations.
    elapsed time = 00:00:23, memory = 1486.24 (MB).
    Completing 60% with 690 violations.
    elapsed time = 00:00:26, memory = 1476.24 (MB).
    Completing 70% with 690 violations.
    elapsed time = 00:00:31, memory = 1476.24 (MB).
    Completing 80% with 618 violations.
    elapsed time = 00:00:38, memory = 1474.24 (MB).
    Completing 90% with 618 violations.
    elapsed time = 00:00:41, memory = 1474.24 (MB).
    Completing 100% with 555 violations.
    elapsed time = 00:00:47, memory = 1462.24 (MB).
[INFO DRT-0199]   Number of violations = 555.
Viol/Layer      metal1   via1 metal2 metal3
Cut Spacing          0      2      0      0
Metal Spacing        5      0    113      3
Short                0      0    411     21
[INFO DRT-0267] cpu time = 00:03:02, elapsed time = 00:00:48, memory = 1464.24 (MB), peak = 1669.92 (MB)
Total wire length = 452108 um.
Total wire length on LAYER metal1 = 0 um.
Total wire length on LAYER metal2 = 170705 um.
Total wire length on LAYER metal3 = 198151 um.
Total wire length on LAYER metal4 = 55934 um.
Total wire length on LAYER metal5 = 25099 um.
Total wire length on LAYER metal6 = 2218 um.
Total wire length on LAYER metal7 = 0 um.
Total wire length on LAYER metal8 = 0 um.
Total wire length on LAYER metal9 = 0 um.
Total wire length on LAYER metal10 = 0 um.
Total number of vias = 217084.
Up-via summary (total 217084):

-----------------
 active         0
 metal1    117325
 metal2     94356
 metal3      4055
 metal4      1285
 metal5        63
 metal6         0
 metal7         0
 metal8         0
 metal9         0
-----------------
       217084


[INFO DRT-0195] Start 3rd optimization iteration.
    Completing 10% with 555 violations.
    elapsed time = 00:00:01, memory = 1464.25 (MB).
    Completing 20% with 555 violations.
    elapsed time = 00:00:04, memory = 1464.25 (MB).
    Completing 30% with 397 violations.
    elapsed time = 00:00:06, memory = 1464.25 (MB).
    Completing 40% with 397 violations.
    elapsed time = 00:00:07, memory = 1464.25 (MB).
    Completing 50% with 397 violations.
    elapsed time = 00:00:10, memory = 1468.25 (MB).
    Completing 60% with 236 violations.
    elapsed time = 00:00:13, memory = 1458.25 (MB).
    Completing 70% with 236 violations.
    elapsed time = 00:00:15, memory = 1458.25 (MB).
    Completing 80% with 112 violations.
    elapsed time = 00:00:18, memory = 1452.25 (MB).
    Completing 90% with 112 violations.
    elapsed time = 00:00:20, memory = 1452.25 (MB).
    Completing 100% with 6 violations.
    elapsed time = 00:00:24, memory = 1452.25 (MB).
[INFO DRT-0199]   Number of violations = 6.
Viol/Layer      metal2
Short                6
[INFO DRT-0267] cpu time = 00:01:31, elapsed time = 00:00:24, memory = 1456.25 (MB), peak = 1669.92 (MB)
Total wire length = 452116 um.
Total wire length on LAYER metal1 = 0 um.
Total wire length on LAYER metal2 = 169863 um.
Total wire length on LAYER metal3 = 198307 um.
Total wire length on LAYER metal4 = 56636 um.
Total wire length on LAYER metal5 = 25091 um.
Total wire length on LAYER metal6 = 2218 um.
Total wire length on LAYER metal7 = 0 um.
Total wire length on LAYER metal8 = 0 um.
Total wire length on LAYER metal9 = 0 um.
Total wire length on LAYER metal10 = 0 um.
Total number of vias = 217785.
Up-via summary (total 217785):

-----------------
 active         0
 metal1    117332
 metal2     94747
 metal3      4360
 metal4      1283
 metal5        63
 metal6         0
 metal7         0
 metal8         0
 metal9         0
-----------------
       217785


[INFO DRT-0195] Start 4th guides tiles iteration.
    Completing 20% with 6 violations.
    elapsed time = 00:00:00, memory = 1456.25 (MB).
    Completing 40% with 6 violations.
    elapsed time = 00:00:00, memory = 1456.25 (MB).
    Completing 60% with 6 violations.
    elapsed time = 00:00:00, memory = 1456.25 (MB).
    Completing 80% with 0 violations.
    elapsed time = 00:00:00, memory = 1456.25 (MB).
    Completing 100% with 0 violations.
    elapsed time = 00:00:00, memory = 1456.25 (MB).
[INFO DRT-0199]   Number of violations = 0.
[INFO DRT-0267] cpu time = 00:00:00, elapsed time = 00:00:00, memory = 1616.25 (MB), peak = 1669.92 (MB)
Total wire length = 452116 um.
Total wire length on LAYER metal1 = 0 um.
Total wire length on LAYER metal2 = 169860 um.
Total wire length on LAYER metal3 = 198309 um.
Total wire length on LAYER metal4 = 56638 um.
Total wire length on LAYER metal5 = 25091 um.
Total wire length on LAYER metal6 = 2218 um.
Total wire length on LAYER metal7 = 0 um.
Total wire length on LAYER metal8 = 0 um.
Total wire length on LAYER metal9 = 0 um.
Total wire length on LAYER metal10 = 0 um.
Total number of vias = 217789.
Up-via summary (total 217789):

-----------------
 active         0
 metal1    117332
 metal2     94751
 metal3      4360
 metal4      1283
 metal5        63
 metal6         0
 metal7         0
 metal8         0
 metal9         0
-----------------
       217789


[INFO DRT-0198] Complete detail routing.
Total wire length = 452116 um.
Total wire length on LAYER metal1 = 0 um.
Total wire length on LAYER metal2 = 169860 um.
Total wire length on LAYER metal3 = 198309 um.
Total wire length on LAYER metal4 = 56638 um.
Total wire length on LAYER metal5 = 25091 um.
Total wire length on LAYER metal6 = 2218 um.
Total wire length on LAYER metal7 = 0 um.
Total wire length on LAYER metal8 = 0 um.
Total wire length on LAYER metal9 = 0 um.
Total wire length on LAYER metal10 = 0 um.
Total number of vias = 217789.
Up-via summary (total 217789):

-----------------
 active         0
 metal1    117332
 metal2     94751
 metal3      4360
 metal4      1283
 metal5        63
 metal6         0
 metal7         0
 metal8         0
 metal9         0
-----------------
       217789


[INFO DRT-0267] cpu time = 00:15:38, elapsed time = 00:04:04, memory = 1616.31 (MB), peak = 1669.92 (MB)

[INFO DRT-0180] Post processing.
[INFO DRT-0501] Runtime: 317.49s
Took 317 seconds: detailed_route -output_drc ./reports/nangate45/similarity_asic_transfer_blocal/base/5_route_drc.rpt -output_maze ./results/nangate45/similarity_asic_transfer_blocal/base/maze.log -droute_end_iter 64 -verbose 1 -drc_report_iter_step 5
[WARNING GRT-0246] No diode with LEF class CORE ANTENNACELL found.
[INFO ANT-0002] Found 0 net violations.
[INFO ANT-0001] Found 0 pin violations.
[INFO ANT-0002] Found 0 net violations.
[INFO ANT-0001] Found 0 pin violations.
Design area 70328 um^2 35% utilization.
write_db ./results/nangate45/similarity_asic_transfer_blocal/base/5_2_route.odb
Elapsed time: 5:25.49[h:]min:sec. CPU time: user 1244.39 sys 0.48 (382%). Peak memory: 1710000KB.
Log                       Ext     Elapsed/s Peak Memory/MB sha1sum result [0:20)
5_2_route                 .odb          325           1669 2f017b7596d59beb24c2
