OpenROAD unknown 
Features included (+) or not (-): -GPU +GUI -Python
This program is licensed under the BSD-3 license. See the LICENSE file for details.
Components of this program may be licensed under more restrictive licenses which must be honored.
[INFO ORD-0030] Using 4 thread(s).
read_liberty /OpenROAD-flow-scripts/flow/platforms/nangate45/lib/NangateOpenCellLibrary_typical.lib
read_db ./results/nangate45/similarity_asic_transfer_blocal/base/6_1_fill.odb
read_sdc ./results/nangate45/similarity_asic_transfer_blocal/base/6_1_fill.sdc
source /OpenROAD-flow-scripts/flow/platforms/nangate45/setRC.tcl
write_db ./results/nangate45/similarity_asic_transfer_blocal/base/6_final.odb
write_sdc -no_timestamp ./results/nangate45/similarity_asic_transfer_blocal/base/6_final.sdc
Deleted 0 routing obstructions
[INFO RCX-0431] Defined process_corner X with ext_model_index 0
[INFO RCX-0029] Defined extraction corner X
[INFO RCX-0435] Reading extraction model file /OpenROAD-flow-scripts/flow/platforms/nangate45/rcx_patterns.rules ...
[INFO RCX-0436] RC segment generation similarity_asic_transfer_blocal (max_merge_res 50.0) ...
[INFO RCX-0040] Final 119361 rc segments
[INFO RCX-0439] Coupling Cap extraction similarity_asic_transfer_blocal ...
[INFO RCX-0440] Coupling threshhold is 0.1000 fF, coupling capacitance less than 0.1000 fF will be grounded.
[INFO RCX-0442] 10% of 190628 wires extracted
[INFO RCX-0442] 28% of 190628 wires extracted
[INFO RCX-0442] 48% of 190628 wires extracted
[INFO RCX-0442] 68% of 190628 wires extracted
[INFO RCX-0442] 88% of 190628 wires extracted
[INFO RCX-0442] 100% of 190628 wires extracted
[INFO RCX-0045] Extract 44246 nets, 161278 rsegs, 161278 caps, 286267 ccs
[INFO RCX-0443] 44246 nets finished
[INFO PSM-0040] All shapes on net VDD are connected.
########## IR report #################
Net              : VDD
Corner           : default
Total power      : 6.15e-03 W
Supply voltage   : 1.10e+00 V
Worstcase voltage: 1.10e+00 V
Average voltage  : 1.10e+00 V
Average IR drop  : 2.00e-04 V
Worstcase IR drop: 2.39e-03 V
Percentage drop  : 0.22 %
######################################
[INFO PSM-0040] All shapes on net VSS are connected.
########## IR report #################
Net              : VSS
Corner           : default
Total power      : 6.15e-03 W
Supply voltage   : 0.00e+00 V
Worstcase voltage: 1.44e-03 V
Average voltage  : 1.92e-04 V
Average IR drop  : 1.92e-04 V
Worstcase IR drop: 1.44e-03 V
Percentage drop  : 0.13 %
######################################
Cell type report:                       Count        Area
  Fill cell                             50194   128369.21
  Tap cell                               1116      296.86
  Clock buffer                            582      713.94
  Timing Repair Buffer                    721      946.69
  Inverter                               1482      789.22
  Clock inverter                          279      216.26
  Sequential cell                        2492    11269.36
  Multi-Input combinational cell        26618    56095.68
  Total                                 83484   198697.21
Report metrics stage 6, finish...

==========================================================================
finish report_design_area
--------------------------------------------------------------------------
Design area 70328 um^2 35% utilization.
Elapsed time: 2:37.10[h:]min:sec. CPU time: user 211.40 sys 0.96 (135%). Peak memory: 1127024KB.
Log                       Ext     Elapsed/s Peak Memory/MB sha1sum result [0:20)
6_report                                157           1100                  N/A
