OpenROAD unknown 
Features included (+) or not (-): -GPU +GUI -Python
This program is licensed under the BSD-3 license. See the LICENSE file for details.
Components of this program may be licensed under more restrictive licenses which must be honored.
[INFO ORD-0030] Using 4 thread(s).
read_liberty /OpenROAD-flow-scripts/flow/platforms/nangate45/lib/NangateOpenCellLibrary_typical.lib
read_db ./results/nangate45/similarity_asic_transfer_broadcast/base/5_1_grt.odb
read_sdc ./results/nangate45/similarity_asic_transfer_broadcast/base/5_1_grt.sdc
source /OpenROAD-flow-scripts/flow/platforms/nangate45/setRC.tcl
detailed_route -output_drc ./reports/nangate45/similarity_asic_transfer_broadcast/base/5_route_drc.rpt -output_maze ./results/nangate45/similarity_asic_transfer_broadcast/base/maze.log -droute_end_iter 64 -verbose 1 -drc_report_iter_step 5
[INFO DRT-0149] Reading tech and libs.

Units:                2000
Number of layers:     21
Number of macros:     135
Number of vias:       33
Number of viarulegen: 19

[INFO DRT-0150] Reading design.

Design:                   similarity_asic_transfer_broadcast
Die area:                 ( 0 0 ) ( 866760 866760 )
Number of track patterns: 20
Number of DEF vias:       0
Number of components:     31754
Number of terminals:      36
Number of snets:          2
Number of nets:           42036

[INFO DRT-0167] List of default vias:
  Layer via2
    default via: via2_5
  Layer via3
    default via: via3_2
  Layer via4
    default via: via4_0
  Layer via5
    default via: via5_0
  Layer via6
    default via: via6_0
  Layer via7
    default via: via7_0
  Layer via8
    default via: via8_0
  Layer via9
    default via: via9_0
[INFO DRT-0162] Library cell analysis.
[INFO DRT-0163] Instance analysis.
[INFO DRT-0164] Number of unique instances = 106.
[INFO DRT-0168] Init region query.
[INFO DRT-0024]   Complete active.
[INFO DRT-0024]   Complete Fr_VIA.
[INFO DRT-0024]   Complete metal1.
[INFO DRT-0024]   Complete via1.
[INFO DRT-0024]   Complete metal2.
[INFO DRT-0024]   Complete via2.
[INFO DRT-0024]   Complete metal3.
[INFO DRT-0024]   Complete via3.
[INFO DRT-0024]   Complete metal4.
[INFO DRT-0024]   Complete via4.
[INFO DRT-0024]   Complete metal5.
[INFO DRT-0024]   Complete via5.
[INFO DRT-0024]   Complete metal6.
[INFO DRT-0024]   Complete via6.
[INFO DRT-0024]   Complete metal7.
[INFO DRT-0024]   Complete via7.
[INFO DRT-0024]   Complete metal8.
[INFO DRT-0024]   Complete via8.
[INFO DRT-0024]   Complete metal9.
[INFO DRT-0024]   Complete via9.
[INFO DRT-0024]   Complete metal10.
[INFO DRT-0033] active shape region query size = 0.
[INFO DRT-0033] FR_VIA shape region query size = 0.
[INFO DRT-0033] metal1 shape region query size = 707432.
[INFO DRT-0033] via1 shape region query size = 7392.
[INFO DRT-0033] metal2 shape region query size = 4928.
[INFO DRT-0033] via2 shape region query size = 7392.
[INFO DRT-0033] metal3 shape region query size = 4928.
[INFO DRT-0033] via3 shape region query size = 7392.
[INFO DRT-0033] metal4 shape region query size = 2712.
[INFO DRT-0033] via4 shape region query size = 2320.
[INFO DRT-0033] metal5 shape region query size = 473.
[INFO DRT-0033] via5 shape region query size = 2320.
[INFO DRT-0033] metal6 shape region query size = 489.
[INFO DRT-0033] via6 shape region query size = 928.
[INFO DRT-0033] metal7 shape region query size = 290.
[INFO DRT-0033] via7 shape region query size = 0.
[INFO DRT-0033] metal8 shape region query size = 0.
[INFO DRT-0033] via8 shape region query size = 0.
[INFO DRT-0033] metal9 shape region query size = 0.
[INFO DRT-0033] via9 shape region query size = 0.
[INFO DRT-0033] metal10 shape region query size = 0.
[INFO DRT-0165] Start pin access.
[INFO DRT-0078]   Complete 611 pins.
[INFO DRT-0079]   Complete 100 unique inst patterns.
[INFO DRT-0081]   Complete 106 unique inst patterns.
[INFO DRT-0082]   Complete 10000 groups.
[INFO DRT-0084]   Complete 19061 groups.
#scanned instances     = 31754
#unique  instances     = 106
#stdCellGenAp          = 3244
#stdCellValidPlanarAp  = 0
#stdCellValidViaAp     = 2330
#stdCellPinNoAp        = 0
#stdCellPinCnt         = 113923
#instTermValidViaApCnt = 0
#macroGenAp            = 0
#macroValidPlanarAp    = 0
#macroValidViaAp       = 0
#macroNoAp             = 0
[INFO DRT-0166] Complete pin access.
[INFO DRT-0267] cpu time = 00:05:28, elapsed time = 00:01:22, memory = 474.67 (MB), peak = 489.89 (MB)
[INFO DRT-0156] guideIn read 100000 guides.
[INFO DRT-0156] guideIn read 200000 guides.

[INFO DRT-0157] Number of guides:     252457

[INFO DRT-0169] Post process guides.
[INFO DRT-0176] GCELLGRID X 0 DO 152 STEP 5700 ;
[INFO DRT-0177] GCELLGRID Y 0 DO 152 STEP 5700 ;
[INFO DRT-0026]   Complete 100000 origin guides.
[INFO DRT-0026]   Complete 200000 origin guides.
[INFO DRT-0028]   Complete active.
[INFO DRT-0028]   Complete Fr_VIA.
[INFO DRT-0028]   Complete metal1.
[INFO DRT-0028]   Complete via1.
[INFO DRT-0028]   Complete metal2.
[INFO DRT-0028]   Complete via2.
[INFO DRT-0028]   Complete metal3.
[INFO DRT-0028]   Complete via3.
[INFO DRT-0028]   Complete metal4.
[INFO DRT-0028]   Complete via4.
[INFO DRT-0028]   Complete metal5.
[INFO DRT-0028]   Complete via5.
[INFO DRT-0028]   Complete metal6.
[INFO DRT-0028]   Complete via6.
[INFO DRT-0028]   Complete metal7.
[INFO DRT-0028]   Complete via7.
[INFO DRT-0028]   Complete metal8.
[INFO DRT-0028]   Complete via8.
[INFO DRT-0028]   Complete metal9.
[INFO DRT-0028]   Complete via9.
[INFO DRT-0028]   Complete metal10.
[INFO DRT-0178] Init guide query.
[INFO DRT-0035]   Complete active (guide).
[INFO DRT-0035]   Complete Fr_VIA (guide).
[INFO DRT-0035]   Complete metal1 (guide).
[INFO DRT-0035]   Complete via1 (guide).
[INFO DRT-0035]   Complete metal2 (guide).
[INFO DRT-0035]   Complete via2 (guide).
[INFO DRT-0035]   Complete metal3 (guide).
[INFO DRT-0035]   Complete via3 (guide).
[INFO DRT-0035]   Complete metal4 (guide).
[INFO DRT-0035]   Complete via4 (guide).
[INFO DRT-0035]   Complete metal5 (guide).
[INFO DRT-0035]   Complete via5 (guide).
[INFO DRT-0035]   Complete metal6 (guide).
[INFO DRT-0035]   Complete via6 (guide).
[INFO DRT-0035]   Complete metal7 (guide).
[INFO DRT-0035]   Complete via7 (guide).
[INFO DRT-0035]   Complete metal8 (guide).
[INFO DRT-0035]   Complete via8 (guide).
[INFO DRT-0035]   Complete metal9 (guide).
[INFO DRT-0035]   Complete via9 (guide).
[INFO DRT-0035]   Complete metal10 (guide).
[INFO DRT-0036] active guide region query size = 0.
[INFO DRT-0036] FR_VIA guide region query size = 0.
[INFO DRT-0036] metal1 guide region query size = 92871.
[INFO DRT-0036] via1 guide region query size = 0.
[INFO DRT-0036] metal2 guide region query size = 74896.
[INFO DRT-0036] via2 guide region query size = 0.
[INFO DRT-0036] metal3 guide region query size = 38374.
[INFO DRT-0036] via3 guide region query size = 0.
[INFO DRT-0036] metal4 guide region query size = 2695.
[INFO DRT-0036] via4 guide region query size = 0.
[INFO DRT-0036] metal5 guide region query size = 754.
[INFO DRT-0036] via5 guide region query size = 0.
[INFO DRT-0036] metal6 guide region query size = 55.
[INFO DRT-0036] via6 guide region query size = 0.
[INFO DRT-0036] metal7 guide region query size = 3.
[INFO DRT-0036] via7 guide region query size = 0.
[INFO DRT-0036] metal8 guide region query size = 0.
[INFO DRT-0036] via8 guide region query size = 0.
[INFO DRT-0036] metal9 guide region query size = 0.
[INFO DRT-0036] via9 guide region query size = 0.
[INFO DRT-0036] metal10 guide region query size = 0.
[INFO DRT-0179] Init gr pin query.
[INFO DRT-0267] cpu time = 00:00:00, elapsed time = 00:00:00, memory = 570.79 (MB), peak = 570.54 (MB)
[INFO DRT-0245] skipped writing guide updates to database.
[INFO DRT-0181] Start track assignment.
[INFO DRT-0184] Done with 77646 vertical wires in 4 frboxes and 132002 horizontal wires in 4 frboxes.
[INFO DRT-0186] Done with 16736 vertical wires in 4 frboxes and 20511 horizontal wires in 4 frboxes.
[INFO DRT-0182] Complete track assignment.
[INFO DRT-0267] cpu time = 00:00:14, elapsed time = 00:00:06, memory = 744.50 (MB), peak = 970.31 (MB)
[INFO DRT-0187] Start routing data preparation.
[INFO DRT-0267] cpu time = 00:00:00, elapsed time = 00:00:00, memory = 744.56 (MB), peak = 970.31 (MB)
[INFO DRT-0194] Start detail routing.
[INFO DRT-0195] Start 0th optimization iteration.
    Completing 10% with 0 violations.
    elapsed time = 00:00:08, memory = 897.30 (MB).
    Completing 20% with 0 violations.
    elapsed time = 00:00:17, memory = 1110.12 (MB).
    Completing 30% with 567 violations.
    elapsed time = 00:00:28, memory = 1242.80 (MB).
    Completing 40% with 567 violations.
    elapsed time = 00:00:38, memory = 1233.24 (MB).
    Completing 50% with 567 violations.
    elapsed time = 00:00:53, memory = 1263.58 (MB).
    Completing 60% with 1308 violations.
    elapsed time = 00:01:02, memory = 1359.58 (MB).
    Completing 70% with 1308 violations.
    elapsed time = 00:01:13, memory = 1369.64 (MB).
    Completing 80% with 1885 violations.
    elapsed time = 00:01:25, memory = 1389.66 (MB).
    Completing 90% with 1885 violations.
    elapsed time = 00:01:34, memory = 1407.66 (MB).
    Completing 100% with 2556 violations.
    elapsed time = 00:01:49, memory = 1457.66 (MB).
[INFO DRT-0199]   Number of violations = 3835.
Viol/Layer      metal1   via1 metal2   via2 metal3 metal4   via4 metal5
Cut Spacing          0      1      0      3      0      0      4      0
Metal Spacing       16      0    239      0     33      3      0      1
Recheck             17      0    737      0    483      6      0     36
Short                0      0   1878      6    355     14      0      3
[INFO DRT-0267] cpu time = 00:07:02, elapsed time = 00:01:49, memory = 1451.66 (MB), peak = 1651.47 (MB)
Total wire length = 433900 um.
Total wire length on LAYER metal1 = 0 um.
Total wire length on LAYER metal2 = 163950 um.
Total wire length on LAYER metal3 = 191927 um.
Total wire length on LAYER metal4 = 56090 um.
Total wire length on LAYER metal5 = 20162 um.
Total wire length on LAYER metal6 = 1564 um.
Total wire length on LAYER metal7 = 205 um.
Total wire length on LAYER metal8 = 0 um.
Total wire length on LAYER metal9 = 0 um.
Total wire length on LAYER metal10 = 0 um.
Total number of vias = 212553.
Up-via summary (total 212553):

-----------------
 active         0
 metal1    112833
 metal2     94405
 metal3      3923
 metal4      1301
 metal5        85
 metal6         6
 metal7         0
 metal8         0
 metal9         0
-----------------
       212553


[INFO DRT-0195] Start 1st optimization iteration.
    Completing 10% with 3835 violations.
    elapsed time = 00:00:08, memory = 1451.66 (MB).
    Completing 20% with 3835 violations.
    elapsed time = 00:00:19, memory = 1451.66 (MB).
    Completing 30% with 3095 violations.
    elapsed time = 00:00:28, memory = 1441.67 (MB).
    Completing 40% with 3095 violations.
    elapsed time = 00:00:38, memory = 1441.67 (MB).
    Completing 50% with 3095 violations.
    elapsed time = 00:00:50, memory = 1441.67 (MB).
    Completing 60% with 2256 violations.
    elapsed time = 00:01:00, memory = 1441.67 (MB).
    Completing 70% with 2256 violations.
    elapsed time = 00:01:10, memory = 1441.67 (MB).
    Completing 80% with 1500 violations.
    elapsed time = 00:01:23, memory = 1435.69 (MB).
    Completing 90% with 1500 violations.
    elapsed time = 00:01:30, memory = 1435.69 (MB).
    Completing 100% with 723 violations.
    elapsed time = 00:01:44, memory = 1435.69 (MB).
[INFO DRT-0199]   Number of violations = 723.
Viol/Layer      metal1   via1 metal2   via2 metal3
Cut Spacing          0      2      0      1      0
Metal Spacing        7      0    151      0      8
Short                0      0    511      0     43
[INFO DRT-0267] cpu time = 00:06:46, elapsed time = 00:01:45, memory = 1445.69 (MB), peak = 1651.47 (MB)
Total wire length = 431377 um.
Total wire length on LAYER metal1 = 0 um.
Total wire length on LAYER metal2 = 162671 um.
Total wire length on LAYER metal3 = 190948 um.
Total wire length on LAYER metal4 = 55983 um.
Total wire length on LAYER metal5 = 20020 um.
Total wire length on LAYER metal6 = 1551 um.
Total wire length on LAYER metal7 = 203 um.
Total wire length on LAYER metal8 = 0 um.
Total wire length on LAYER metal9 = 0 um.
Total wire length on LAYER metal10 = 0 um.
Total number of vias = 210433.
Up-via summary (total 210433):

-----------------
 active         0
 metal1    112824
 metal2     92416
 metal3      3841
 metal4      1266
 metal5        80
 metal6         6
 metal7         0
 metal8         0
 metal9         0
-----------------
       210433


[INFO DRT-0195] Start 2nd optimization iteration.
    Completing 10% with 723 violations.
    elapsed time = 00:00:05, memory = 1445.69 (MB).
    Completing 20% with 723 violations.
    elapsed time = 00:00:11, memory = 1445.69 (MB).
    Completing 30% with 650 violations.
    elapsed time = 00:00:17, memory = 1445.75 (MB).
    Completing 40% with 650 violations.
    elapsed time = 00:00:22, memory = 1445.75 (MB).
    Completing 50% with 650 violations.
    elapsed time = 00:00:30, memory = 1445.75 (MB).
    Completing 60% with 631 violations.
    elapsed time = 00:00:37, memory = 1439.75 (MB).
    Completing 70% with 631 violations.
    elapsed time = 00:00:42, memory = 1439.75 (MB).
    Completing 80% with 583 violations.
    elapsed time = 00:00:50, memory = 1429.75 (MB).
    Completing 90% with 583 violations.
    elapsed time = 00:00:56, memory = 1429.75 (MB).
    Completing 100% with 586 violations.
    elapsed time = 00:01:04, memory = 1429.75 (MB).
[INFO DRT-0199]   Number of violations = 586.
Viol/Layer      metal1   via1 metal2 metal3
Cut Spacing          0      2      0      0
Metal Spacing        5      0    110     10
Short                0      0    438     21
[INFO DRT-0267] cpu time = 00:04:08, elapsed time = 00:01:05, memory = 1425.75 (MB), peak = 1651.47 (MB)
Total wire length = 431051 um.
Total wire length on LAYER metal1 = 0 um.
Total wire length on LAYER metal2 = 162502 um.
Total wire length on LAYER metal3 = 190801 um.
Total wire length on LAYER metal4 = 55977 um.
Total wire length on LAYER metal5 = 20009 um.
Total wire length on LAYER metal6 = 1551 um.
Total wire length on LAYER metal7 = 208 um.
Total wire length on LAYER metal8 = 0 um.
Total wire length on LAYER metal9 = 0 um.
Total wire length on LAYER metal10 = 0 um.
Total number of vias = 210245.
Up-via summary (total 210245):

-----------------
 active         0
 metal1    112837
 metal2     92228
 metal3      3843
 metal4      1253
 metal5        78
 metal6         6
 metal7         0
 metal8         0
 metal9         0
-----------------
       210245


[INFO DRT-0195] Start 3rd optimization iteration.
    Completing 10% with 586 violations.
    elapsed time = 00:00:02, memory = 1425.75 (MB).
    Completing 20% with 586 violations.
    elapsed time = 00:00:05, memory = 1425.75 (MB).
    Completing 30% with 440 violations.
    elapsed time = 00:00:09, memory = 1421.75 (MB).
    Completing 40% with 440 violations.
    elapsed time = 00:00:11, memory = 1421.75 (MB).
    Completing 50% with 440 violations.
    elapsed time = 00:00:15, memory = 1421.75 (MB).
    Completing 60% with 286 violations.
    elapsed time = 00:00:19, memory = 1419.75 (MB).
    Completing 70% with 286 violations.
    elapsed time = 00:00:21, memory = 1419.75 (MB).
    Completing 80% with 143 violations.
    elapsed time = 00:00:24, memory = 1417.75 (MB).
    Completing 90% with 143 violations.
    elapsed time = 00:00:26, memory = 1417.75 (MB).
    Completing 100% with 2 violations.
    elapsed time = 00:00:31, memory = 1415.75 (MB).
[INFO DRT-0199]   Number of violations = 2.
Viol/Layer      metal2
Metal Spacing        1
Short                1
[INFO DRT-0267] cpu time = 00:01:59, elapsed time = 00:00:31, memory = 1419.75 (MB), peak = 1651.47 (MB)
Total wire length = 431048 um.
Total wire length on LAYER metal1 = 0 um.
Total wire length on LAYER metal2 = 161491 um.
Total wire length on LAYER metal3 = 190949 um.
Total wire length on LAYER metal4 = 56837 um.
Total wire length on LAYER metal5 = 20009 um.
Total wire length on LAYER metal6 = 1551 um.
Total wire length on LAYER metal7 = 208 um.
Total wire length on LAYER metal8 = 0 um.
Total wire length on LAYER metal9 = 0 um.
Total wire length on LAYER metal10 = 0 um.
Total number of vias = 210912.
Up-via summary (total 210912):

-----------------
 active         0
 metal1    112838
 metal2     92612
 metal3      4125
 metal4      1253
 metal5        78
 metal6         6
 metal7         0
 metal8         0
 metal9         0
-----------------
       210912


[INFO DRT-0195] Start 4th guides tiles iteration.
    Completing 50% with 2 violations.
    elapsed time = 00:00:00, memory = 1419.75 (MB).
    Completing 100% with 0 violations.
    elapsed time = 00:00:00, memory = 1419.75 (MB).
[INFO DRT-0199]   Number of violations = 0.
[INFO DRT-0267] cpu time = 00:00:00, elapsed time = 00:00:00, memory = 1597.75 (MB), peak = 1651.47 (MB)
Total wire length = 431048 um.
Total wire length on LAYER metal1 = 0 um.
Total wire length on LAYER metal2 = 161491 um.
Total wire length on LAYER metal3 = 190949 um.
Total wire length on LAYER metal4 = 56837 um.
Total wire length on LAYER metal5 = 20009 um.
Total wire length on LAYER metal6 = 1551 um.
Total wire length on LAYER metal7 = 208 um.
Total wire length on LAYER metal8 = 0 um.
Total wire length on LAYER metal9 = 0 um.
Total wire length on LAYER metal10 = 0 um.
Total number of vias = 210912.
Up-via summary (total 210912):

-----------------
 active         0
 metal1    112838
 metal2     92614
 metal3      4123
 metal4      1253
 metal5        78
 metal6         6
 metal7         0
 metal8         0
 metal9         0
-----------------
       210912


[INFO DRT-0198] Complete detail routing.
Total wire length = 431048 um.
Total wire length on LAYER metal1 = 0 um.
Total wire length on LAYER metal2 = 161491 um.
Total wire length on LAYER metal3 = 190949 um.
Total wire length on LAYER metal4 = 56837 um.
Total wire length on LAYER metal5 = 20009 um.
Total wire length on LAYER metal6 = 1551 um.
Total wire length on LAYER metal7 = 208 um.
Total wire length on LAYER metal8 = 0 um.
Total wire length on LAYER metal9 = 0 um.
Total wire length on LAYER metal10 = 0 um.
Total number of vias = 210912.
Up-via summary (total 210912):

-----------------
 active         0
 metal1    112838
 metal2     92614
 metal3      4123
 metal4      1253
 metal5        78
 metal6         6
 metal7         0
 metal8         0
 metal9         0
-----------------
       210912


[INFO DRT-0267] cpu time = 00:19:57, elapsed time = 00:05:12, memory = 1597.82 (MB), peak = 1651.47 (MB)

[INFO DRT-0180] Post processing.
[INFO DRT-0501] Runtime: 402.57s
Took 403 seconds: detailed_route -output_drc ./reports/nangate45/similarity_asic_transfer_broadcast/base/5_route_drc.rpt -output_maze ./results/nangate45/similarity_asic_transfer_broadcast/base/maze.log -droute_end_iter 64 -verbose 1 -drc_report_iter_step 5
[WARNING GRT-0246] No diode with LEF class CORE ANTENNACELL found.
[INFO ANT-0002] Found 0 net violations.
[INFO ANT-0001] Found 0 pin violations.
[INFO ANT-0002] Found 0 net violations.
[INFO ANT-0001] Found 0 pin violations.
Design area 65863 um^2 36% utilization.
write_db ./results/nangate45/similarity_asic_transfer_broadcast/base/5_2_route.odb
Elapsed time: 6:53.96[h:]min:sec. CPU time: user 1581.51 sys 0.56 (382%). Peak memory: 1691108KB.
Log                       Ext     Elapsed/s Peak Memory/MB sha1sum result [0:20)
5_2_route                 .odb          413           1651 713f45cc67e5a819c03f
