OpenROAD unknown 
Features included (+) or not (-): -GPU +GUI -Python
This program is licensed under the BSD-3 license. See the LICENSE file for details.
Components of this program may be licensed under more restrictive licenses which must be honored.
[INFO ORD-0030] Using 4 thread(s).
read_liberty /OpenROAD-flow-scripts/flow/platforms/nangate45/lib/NangateOpenCellLibrary_typical.lib
read_db ./results/nangate45/similarity_asic_transfer_broadcast/base/6_1_fill.odb
read_sdc ./results/nangate45/similarity_asic_transfer_broadcast/base/6_1_fill.sdc
source /OpenROAD-flow-scripts/flow/platforms/nangate45/setRC.tcl
write_db ./results/nangate45/similarity_asic_transfer_broadcast/base/6_final.odb
write_sdc -no_timestamp ./results/nangate45/similarity_asic_transfer_broadcast/base/6_final.sdc
Deleted 0 routing obstructions
[INFO RCX-0431] Defined process_corner X with ext_model_index 0
[INFO RCX-0029] Defined extraction corner X
[INFO RCX-0435] Reading extraction model file /OpenROAD-flow-scripts/flow/platforms/nangate45/rcx_patterns.rules ...
[INFO RCX-0436] RC segment generation similarity_asic_transfer_broadcast (max_merge_res 50.0) ...
[INFO RCX-0040] Final 114739 rc segments
[INFO RCX-0439] Coupling Cap extraction similarity_asic_transfer_broadcast ...
[INFO RCX-0440] Coupling threshhold is 0.1000 fF, coupling capacitance less than 0.1000 fF will be grounded.
[INFO RCX-0442] 10% of 185506 wires extracted
[INFO RCX-0442] 28% of 185506 wires extracted
[INFO RCX-0442] 48% of 185506 wires extracted
[INFO RCX-0442] 62% of 185506 wires extracted
[INFO RCX-0442] 85% of 185506 wires extracted
[INFO RCX-0442] 100% of 185506 wires extracted
[INFO RCX-0045] Extract 42036 nets, 155083 rsegs, 155083 caps, 281050 ccs
[INFO RCX-0443] 42036 nets finished
[INFO PSM-0040] All shapes on net VDD are connected.
########## IR report #################
Net              : VDD
Corner           : default
Total power      : 3.89e-03 W
Supply voltage   : 1.10e+00 V
Worstcase voltage: 1.10e+00 V
Average voltage  : 1.10e+00 V
Average IR drop  : 1.38e-04 V
Worstcase IR drop: 4.36e-04 V
Percentage drop  : 0.04 %
######################################
[INFO PSM-0040] All shapes on net VSS are connected.
########## IR report #################
Net              : VSS
Corner           : default
Total power      : 3.89e-03 W
Supply voltage   : 0.00e+00 V
Worstcase voltage: 5.30e-04 V
Average voltage  : 1.32e-04 V
Average IR drop  : 1.32e-04 V
Worstcase IR drop: 5.30e-04 V
Percentage drop  : 0.05 %
######################################
Cell type report:                       Count        Area
  Fill cell                             47395   119428.41
  Tap cell                               1077      286.48
  Clock buffer                            462      558.60
  Timing Repair Buffer                    922     1215.89
  Inverter                               1513      804.92
  Clock inverter                          180      125.02
  Sequential cell                        1674     7569.83
  Multi-Input combinational cell        25926    55301.93
  Total                                 79149   185291.08
Report metrics stage 6, finish...

==========================================================================
finish report_design_area
--------------------------------------------------------------------------
Design area 65863 um^2 36% utilization.
Elapsed time: 3:35.48[h:]min:sec. CPU time: user 293.37 sys 1.23 (136%). Peak memory: 1051300KB.
Log                       Ext     Elapsed/s Peak Memory/MB sha1sum result [0:20)
6_report                                215           1026                  N/A
