OpenROAD unknown 
Features included (+) or not (-): -GPU +GUI -Python
This program is licensed under the BSD-3 license. See the LICENSE file for details.
Components of this program may be licensed under more restrictive licenses which must be honored.
[INFO ORD-0030] Using 4 thread(s).
read_liberty /OpenROAD-flow-scripts/flow/platforms/nangate45/lib/NangateOpenCellLibrary_typical.lib
read_db ./results/nangate45/similarity_asic_transfer_local/base/5_1_grt.odb
read_sdc ./results/nangate45/similarity_asic_transfer_local/base/5_1_grt.sdc
source /OpenROAD-flow-scripts/flow/platforms/nangate45/setRC.tcl
detailed_route -output_drc ./reports/nangate45/similarity_asic_transfer_local/base/5_route_drc.rpt -output_maze ./results/nangate45/similarity_asic_transfer_local/base/maze.log -droute_end_iter 64 -verbose 1 -drc_report_iter_step 5
[INFO DRT-0149] Reading tech and libs.

Units:                2000
Number of layers:     21
Number of macros:     135
Number of vias:       33
Number of viarulegen: 19

[INFO DRT-0150] Reading design.

Design:                   similarity_asic_transfer_local
Die area:                 ( 0 0 ) ( 908000 908000 )
Number of track patterns: 20
Number of DEF vias:       0
Number of components:     33994
Number of terminals:      36
Number of snets:          2
Number of nets:           45250

[INFO DRT-0167] List of default vias:
  Layer via2
    default via: via2_5
  Layer via3
    default via: via3_2
  Layer via4
    default via: via4_0
  Layer via5
    default via: via5_0
  Layer via6
    default via: via6_0
  Layer via7
    default via: via7_0
  Layer via8
    default via: via8_0
  Layer via9
    default via: via9_0
[INFO DRT-0162] Library cell analysis.
[INFO DRT-0163] Instance analysis.
[INFO DRT-0164] Number of unique instances = 95.
[INFO DRT-0168] Init region query.
[INFO DRT-0024]   Complete active.
[INFO DRT-0024]   Complete Fr_VIA.
[INFO DRT-0024]   Complete metal1.
[INFO DRT-0024]   Complete via1.
[INFO DRT-0024]   Complete metal2.
[INFO DRT-0024]   Complete via2.
[INFO DRT-0024]   Complete metal3.
[INFO DRT-0024]   Complete via3.
[INFO DRT-0024]   Complete metal4.
[INFO DRT-0024]   Complete via4.
[INFO DRT-0024]   Complete metal5.
[INFO DRT-0024]   Complete via5.
[INFO DRT-0024]   Complete metal6.
[INFO DRT-0024]   Complete via6.
[INFO DRT-0024]   Complete metal7.
[INFO DRT-0024]   Complete via7.
[INFO DRT-0024]   Complete metal8.
[INFO DRT-0024]   Complete via8.
[INFO DRT-0024]   Complete metal9.
[INFO DRT-0024]   Complete via9.
[INFO DRT-0024]   Complete metal10.
[INFO DRT-0033] active shape region query size = 0.
[INFO DRT-0033] FR_VIA shape region query size = 0.
[INFO DRT-0033] metal1 shape region query size = 770484.
[INFO DRT-0033] via1 shape region query size = 8238.
[INFO DRT-0033] metal2 shape region query size = 5492.
[INFO DRT-0033] via2 shape region query size = 8238.
[INFO DRT-0033] metal3 shape region query size = 5492.
[INFO DRT-0033] via3 shape region query size = 8238.
[INFO DRT-0033] metal4 shape region query size = 3018.
[INFO DRT-0033] via4 shape region query size = 2550.
[INFO DRT-0033] metal5 shape region query size = 537.
[INFO DRT-0033] via5 shape region query size = 2550.
[INFO DRT-0033] metal6 shape region query size = 517.
[INFO DRT-0033] via6 shape region query size = 1020.
[INFO DRT-0033] metal7 shape region query size = 315.
[INFO DRT-0033] via7 shape region query size = 0.
[INFO DRT-0033] metal8 shape region query size = 0.
[INFO DRT-0033] via8 shape region query size = 0.
[INFO DRT-0033] metal9 shape region query size = 0.
[INFO DRT-0033] via9 shape region query size = 0.
[INFO DRT-0033] metal10 shape region query size = 0.
[INFO DRT-0165] Start pin access.
[INFO DRT-0078]   Complete 547 pins.
[INFO DRT-0081]   Complete 95 unique inst patterns.
[INFO DRT-0082]   Complete 10000 groups.
[INFO DRT-0082]   Complete 20000 groups.
[INFO DRT-0084]   Complete 20268 groups.
#scanned instances     = 33994
#unique  instances     = 95
#stdCellGenAp          = 2904
#stdCellValidPlanarAp  = 0
#stdCellValidViaAp     = 2095
#stdCellPinNoAp        = 0
#stdCellPinCnt         = 121001
#instTermValidViaApCnt = 0
#macroGenAp            = 0
#macroValidPlanarAp    = 0
#macroValidViaAp       = 0
#macroNoAp             = 0
[INFO DRT-0166] Complete pin access.
[INFO DRT-0267] cpu time = 00:03:55, elapsed time = 00:00:59, memory = 490.82 (MB), peak = 506.11 (MB)
[INFO DRT-0156] guideIn read 100000 guides.
[INFO DRT-0156] guideIn read 200000 guides.

[INFO DRT-0157] Number of guides:     263180

[INFO DRT-0169] Post process guides.
[INFO DRT-0176] GCELLGRID X 0 DO 159 STEP 5700 ;
[INFO DRT-0177] GCELLGRID Y 0 DO 159 STEP 5700 ;
[INFO DRT-0026]   Complete 100000 origin guides.
[INFO DRT-0026]   Complete 200000 origin guides.
[INFO DRT-0028]   Complete active.
[INFO DRT-0028]   Complete Fr_VIA.
[INFO DRT-0028]   Complete metal1.
[INFO DRT-0028]   Complete via1.
[INFO DRT-0028]   Complete metal2.
[INFO DRT-0028]   Complete via2.
[INFO DRT-0028]   Complete metal3.
[INFO DRT-0028]   Complete via3.
[INFO DRT-0028]   Complete metal4.
[INFO DRT-0028]   Complete via4.
[INFO DRT-0028]   Complete metal5.
[INFO DRT-0028]   Complete via5.
[INFO DRT-0028]   Complete metal6.
[INFO DRT-0028]   Complete via6.
[INFO DRT-0028]   Complete metal7.
[INFO DRT-0028]   Complete via7.
[INFO DRT-0028]   Complete metal8.
[INFO DRT-0028]   Complete via8.
[INFO DRT-0028]   Complete metal9.
[INFO DRT-0028]   Complete via9.
[INFO DRT-0028]   Complete metal10.
[INFO DRT-0178] Init guide query.
[INFO DRT-0035]   Complete active (guide).
[INFO DRT-0035]   Complete Fr_VIA (guide).
[INFO DRT-0035]   Complete metal1 (guide).
[INFO DRT-0035]   Complete via1 (guide).
[INFO DRT-0035]   Complete metal2 (guide).
[INFO DRT-0035]   Complete via2 (guide).
[INFO DRT-0035]   Complete metal3 (guide).
[INFO DRT-0035]   Complete via3 (guide).
[INFO DRT-0035]   Complete metal4 (guide).
[INFO DRT-0035]   Complete via4 (guide).
[INFO DRT-0035]   Complete metal5 (guide).
[INFO DRT-0035]   Complete via5 (guide).
[INFO DRT-0035]   Complete metal6 (guide).
[INFO DRT-0035]   Complete via6 (guide).
[INFO DRT-0035]   Complete metal7 (guide).
[INFO DRT-0035]   Complete via7 (guide).
[INFO DRT-0035]   Complete metal8 (guide).
[INFO DRT-0035]   Complete via8 (guide).
[INFO DRT-0035]   Complete metal9 (guide).
[INFO DRT-0035]   Complete via9 (guide).
[INFO DRT-0035]   Complete metal10 (guide).
[INFO DRT-0036] active guide region query size = 0.
[INFO DRT-0036] FR_VIA guide region query size = 0.
[INFO DRT-0036] metal1 guide region query size = 98175.
[INFO DRT-0036] via1 guide region query size = 0.
[INFO DRT-0036] metal2 guide region query size = 78727.
[INFO DRT-0036] via2 guide region query size = 0.
[INFO DRT-0036] metal3 guide region query size = 38613.
[INFO DRT-0036] via3 guide region query size = 0.
[INFO DRT-0036] metal4 guide region query size = 2921.
[INFO DRT-0036] via4 guide region query size = 0.
[INFO DRT-0036] metal5 guide region query size = 887.
[INFO DRT-0036] via5 guide region query size = 0.
[INFO DRT-0036] metal6 guide region query size = 47.
[INFO DRT-0036] via6 guide region query size = 0.
[INFO DRT-0036] metal7 guide region query size = 4.
[INFO DRT-0036] via7 guide region query size = 0.
[INFO DRT-0036] metal8 guide region query size = 2.
[INFO DRT-0036] via8 guide region query size = 0.
[INFO DRT-0036] metal9 guide region query size = 1.
[INFO DRT-0036] via9 guide region query size = 0.
[INFO DRT-0036] metal10 guide region query size = 0.
[INFO DRT-0179] Init gr pin query.
[INFO DRT-0267] cpu time = 00:00:00, elapsed time = 00:00:00, memory = 593.20 (MB), peak = 593.12 (MB)
[INFO DRT-0245] skipped writing guide updates to database.
[INFO DRT-0181] Start track assignment.
[INFO DRT-0184] Done with 81697 vertical wires in 4 frboxes and 137680 horizontal wires in 4 frboxes.
[INFO DRT-0186] Done with 16090 vertical wires in 4 frboxes and 19361 horizontal wires in 4 frboxes.
[INFO DRT-0182] Complete track assignment.
[INFO DRT-0267] cpu time = 00:00:10, elapsed time = 00:00:04, memory = 976.64 (MB), peak = 1008.62 (MB)
[INFO DRT-0187] Start routing data preparation.
[INFO DRT-0267] cpu time = 00:00:00, elapsed time = 00:00:00, memory = 976.70 (MB), peak = 1008.62 (MB)
[INFO DRT-0194] Start detail routing.
[INFO DRT-0195] Start 0th optimization iteration.
    Completing 10% with 0 violations.
    elapsed time = 00:00:05, memory = 977.36 (MB).
    Completing 20% with 0 violations.
    elapsed time = 00:00:11, memory = 1169.89 (MB).
    Completing 30% with 552 violations.
    elapsed time = 00:00:17, memory = 1338.52 (MB).
    Completing 40% with 552 violations.
    elapsed time = 00:00:25, memory = 1362.53 (MB).
    Completing 50% with 552 violations.
    elapsed time = 00:00:32, memory = 1354.67 (MB).
    Completing 60% with 1189 violations.
    elapsed time = 00:00:39, memory = 1412.96 (MB).
    Completing 70% with 1189 violations.
    elapsed time = 00:00:47, memory = 1428.97 (MB).
    Completing 80% with 1790 violations.
    elapsed time = 00:00:53, memory = 1454.97 (MB).
    Completing 90% with 1790 violations.
    elapsed time = 00:01:02, memory = 1470.97 (MB).
    Completing 100% with 2403 violations.
    elapsed time = 00:01:10, memory = 1501.11 (MB).
[INFO DRT-0199]   Number of violations = 3883.
Viol/Layer      metal1 metal2   via2 metal3 metal4   via4 metal5 metal6   via6 metal7
Cut Spacing          0      0      3      0      0      8      0      0      0      0
Metal Spacing       18    215      0     28      2      0      4      0      0      0
Recheck             18    947      0    494      6      0      6      6      0      3
Short                0   1895      4    199      4      0     15      0      3      5
[INFO DRT-0267] cpu time = 00:04:36, elapsed time = 00:01:11, memory = 1491.11 (MB), peak = 1687.02 (MB)
Total wire length = 454316 um.
Total wire length on LAYER metal1 = 0 um.
Total wire length on LAYER metal2 = 173828 um.
Total wire length on LAYER metal3 = 198468 um.
Total wire length on LAYER metal4 = 52887 um.
Total wire length on LAYER metal5 = 26385 um.
Total wire length on LAYER metal6 = 2561 um.
Total wire length on LAYER metal7 = 89 um.
Total wire length on LAYER metal8 = 0 um.
Total wire length on LAYER metal9 = 96 um.
Total wire length on LAYER metal10 = 0 um.
Total number of vias = 221669.
Up-via summary (total 221669):

-----------------
 active         0
 metal1    118978
 metal2     96957
 metal3      4190
 metal4      1447
 metal5        87
 metal6         6
 metal7         2
 metal8         2
 metal9         0
-----------------
       221669


[INFO DRT-0195] Start 1st optimization iteration.
    Completing 10% with 3883 violations.
    elapsed time = 00:00:05, memory = 1513.12 (MB).
    Completing 20% with 3883 violations.
    elapsed time = 00:00:13, memory = 1493.12 (MB).
    Completing 30% with 3080 violations.
    elapsed time = 00:00:17, memory = 1493.60 (MB).
    Completing 40% with 3080 violations.
    elapsed time = 00:00:25, memory = 1493.68 (MB).
    Completing 50% with 3080 violations.
    elapsed time = 00:00:32, memory = 1493.68 (MB).
    Completing 60% with 2312 violations.
    elapsed time = 00:00:39, memory = 1507.68 (MB).
    Completing 70% with 2312 violations.
    elapsed time = 00:00:46, memory = 1507.69 (MB).
    Completing 80% with 1645 violations.
    elapsed time = 00:00:52, memory = 1497.69 (MB).
    Completing 90% with 1645 violations.
    elapsed time = 00:01:00, memory = 1497.69 (MB).
    Completing 100% with 926 violations.
    elapsed time = 00:01:09, memory = 1497.69 (MB).
[INFO DRT-0199]   Number of violations = 926.
Viol/Layer      metal1   via1 metal2   via2 metal3   via4 metal5
Cut Spacing          0      2      0      1      0      2      0
Metal Spacing       10      0    198      0      9      0      0
Recheck              0      0      6      0      4      0      0
Short                0      0    663      0     30      0      1
[INFO DRT-0267] cpu time = 00:04:28, elapsed time = 00:01:10, memory = 1497.69 (MB), peak = 1687.02 (MB)
Total wire length = 451563 um.
Total wire length on LAYER metal1 = 0 um.
Total wire length on LAYER metal2 = 172277 um.
Total wire length on LAYER metal3 = 197414 um.
Total wire length on LAYER metal4 = 52814 um.
Total wire length on LAYER metal5 = 26323 um.
Total wire length on LAYER metal6 = 2546 um.
Total wire length on LAYER metal7 = 90 um.
Total wire length on LAYER metal8 = 0 um.
Total wire length on LAYER metal9 = 96 um.
Total wire length on LAYER metal10 = 0 um.
Total number of vias = 220236.
Up-via summary (total 220236):

-----------------
 active         0
 metal1    118981
 metal2     95586
 metal3      4161
 metal4      1422
 metal5        78
 metal6         4
 metal7         2
 metal8         2
 metal9         0
-----------------
       220236


[INFO DRT-0195] Start 2nd optimization iteration.
    Completing 10% with 926 violations.
    elapsed time = 00:00:03, memory = 1497.70 (MB).
    Completing 20% with 926 violations.
    elapsed time = 00:00:07, memory = 1497.70 (MB).
    Completing 30% with 835 violations.
    elapsed time = 00:00:09, memory = 1491.70 (MB).
    Completing 40% with 835 violations.
    elapsed time = 00:00:15, memory = 1491.70 (MB).
    Completing 50% with 835 violations.
    elapsed time = 00:00:20, memory = 1491.70 (MB).
    Completing 60% with 769 violations.
    elapsed time = 00:00:23, memory = 1489.70 (MB).
    Completing 70% with 769 violations.
    elapsed time = 00:00:26, memory = 1489.70 (MB).
    Completing 80% with 659 violations.
    elapsed time = 00:00:31, memory = 1483.70 (MB).
    Completing 90% with 659 violations.
    elapsed time = 00:00:35, memory = 1483.70 (MB).
    Completing 100% with 568 violations.
    elapsed time = 00:00:41, memory = 1479.70 (MB).
[INFO DRT-0199]   Number of violations = 568.
Viol/Layer      metal1   via1 metal2 metal3   via4 metal5
Cut Spacing          0      1      0      0      1      0
Metal Spacing        7      0    104      2      0      0
Short                0      0    433     19      0      1
[INFO DRT-0267] cpu time = 00:02:39, elapsed time = 00:00:41, memory = 1483.70 (MB), peak = 1687.02 (MB)
Total wire length = 451156 um.
Total wire length on LAYER metal1 = 0 um.
Total wire length on LAYER metal2 = 172081 um.
Total wire length on LAYER metal3 = 197234 um.
Total wire length on LAYER metal4 = 52809 um.
Total wire length on LAYER metal5 = 26296 um.
Total wire length on LAYER metal6 = 2548 um.
Total wire length on LAYER metal7 = 90 um.
Total wire length on LAYER metal8 = 0 um.
Total wire length on LAYER metal9 = 96 um.
Total wire length on LAYER metal10 = 0 um.
Total number of vias = 219933.
Up-via summary (total 219933):

-----------------
 active         0
 metal1    118972
 metal2     95297
 metal3      4163
 metal4      1415
 metal5        78
 metal6         4
 metal7         2
 metal8         2
 metal9         0
-----------------
       219933


[INFO DRT-0195] Start 3rd optimization iteration.
    Completing 10% with 568 violations.
    elapsed time = 00:00:00, memory = 1483.70 (MB).
    Completing 20% with 568 violations.
    elapsed time = 00:00:03, memory = 1483.70 (MB).
    Completing 30% with 391 violations.
    elapsed time = 00:00:05, memory = 1475.70 (MB).
    Completing 40% with 391 violations.
    elapsed time = 00:00:07, memory = 1481.70 (MB).
    Completing 50% with 391 violations.
    elapsed time = 00:00:09, memory = 1481.70 (MB).
    Completing 60% with 270 violations.
    elapsed time = 00:00:11, memory = 1479.70 (MB).
    Completing 70% with 270 violations.
    elapsed time = 00:00:12, memory = 1479.70 (MB).
    Completing 80% with 159 violations.
    elapsed time = 00:00:14, memory = 1479.70 (MB).
    Completing 90% with 159 violations.
    elapsed time = 00:00:17, memory = 1479.70 (MB).
    Completing 100% with 23 violations.
    elapsed time = 00:00:20, memory = 1479.70 (MB).
[INFO DRT-0199]   Number of violations = 23.
Viol/Layer      metal2 metal3
Metal Spacing        5      2
Short               16      0
[INFO DRT-0267] cpu time = 00:01:17, elapsed time = 00:00:20, memory = 1483.70 (MB), peak = 1687.02 (MB)
Total wire length = 451152 um.
Total wire length on LAYER metal1 = 0 um.
Total wire length on LAYER metal2 = 171262 um.
Total wire length on LAYER metal3 = 197384 um.
Total wire length on LAYER metal4 = 53487 um.
Total wire length on LAYER metal5 = 26283 um.
Total wire length on LAYER metal6 = 2548 um.
Total wire length on LAYER metal7 = 90 um.
Total wire length on LAYER metal8 = 0 um.
Total wire length on LAYER metal9 = 96 um.
Total wire length on LAYER metal10 = 0 um.
Total number of vias = 220575.
Up-via summary (total 220575):

-----------------
 active         0
 metal1    118971
 metal2     95683
 metal3      4418
 metal4      1417
 metal5        78
 metal6         4
 metal7         2
 metal8         2
 metal9         0
-----------------
       220575


[INFO DRT-0195] Start 4th guides tiles iteration.
    Completing 10% with 23 violations.
    elapsed time = 00:00:00, memory = 1483.70 (MB).
    Completing 20% with 0 violations.
    elapsed time = 00:00:00, memory = 1483.77 (MB).
    Completing 30% with 0 violations.
    elapsed time = 00:00:00, memory = 1483.77 (MB).
    Completing 40% with 0 violations.
    elapsed time = 00:00:00, memory = 1483.77 (MB).
    Completing 50% with 0 violations.
    elapsed time = 00:00:00, memory = 1483.77 (MB).
    Completing 60% with 0 violations.
    elapsed time = 00:00:00, memory = 1483.77 (MB).
    Completing 70% with 0 violations.
    elapsed time = 00:00:00, memory = 1483.77 (MB).
    Completing 80% with 0 violations.
    elapsed time = 00:00:00, memory = 1483.77 (MB).
    Completing 90% with 0 violations.
    elapsed time = 00:00:00, memory = 1483.77 (MB).
    Completing 100% with 0 violations.
    elapsed time = 00:00:00, memory = 1483.77 (MB).
[INFO DRT-0199]   Number of violations = 0.
[INFO DRT-0267] cpu time = 00:00:00, elapsed time = 00:00:00, memory = 1641.77 (MB), peak = 1687.02 (MB)
Total wire length = 451151 um.
Total wire length on LAYER metal1 = 0 um.
Total wire length on LAYER metal2 = 171246 um.
Total wire length on LAYER metal3 = 197384 um.
Total wire length on LAYER metal4 = 53502 um.
Total wire length on LAYER metal5 = 26283 um.
Total wire length on LAYER metal6 = 2548 um.
Total wire length on LAYER metal7 = 90 um.
Total wire length on LAYER metal8 = 0 um.
Total wire length on LAYER metal9 = 96 um.
Total wire length on LAYER metal10 = 0 um.
Total number of vias = 220597.
Up-via summary (total 220597):

-----------------
 active         0
 metal1    118971
 metal2     95695
 metal3      4428
 metal4      1417
 metal5        78
 metal6         4
 metal7         2
 metal8         2
 metal9         0
-----------------
       220597


[INFO DRT-0198] Complete detail routing.
Total wire length = 451151 um.
Total wire length on LAYER metal1 = 0 um.
Total wire length on LAYER metal2 = 171246 um.
Total wire length on LAYER metal3 = 197384 um.
Total wire length on LAYER metal4 = 53502 um.
Total wire length on LAYER metal5 = 26283 um.
Total wire length on LAYER metal6 = 2548 um.
Total wire length on LAYER metal7 = 90 um.
Total wire length on LAYER metal8 = 0 um.
Total wire length on LAYER metal9 = 96 um.
Total wire length on LAYER metal10 = 0 um.
Total number of vias = 220597.
Up-via summary (total 220597):

-----------------
 active         0
 metal1    118971
 metal2     95695
 metal3      4428
 metal4      1417
 metal5        78
 metal6         4
 metal7         2
 metal8         2
 metal9         0
-----------------
       220597


[INFO DRT-0267] cpu time = 00:13:02, elapsed time = 00:03:24, memory = 1641.83 (MB), peak = 1687.02 (MB)

[INFO DRT-0180] Post processing.
[INFO DRT-0501] Runtime: 269.11s
Took 269 seconds: detailed_route -output_drc ./reports/nangate45/similarity_asic_transfer_local/base/5_route_drc.rpt -output_maze ./results/nangate45/similarity_asic_transfer_local/base/maze.log -droute_end_iter 64 -verbose 1 -drc_report_iter_step 5
[WARNING GRT-0246] No diode with LEF class CORE ANTENNACELL found.
[INFO ANT-0002] Found 0 net violations.
[INFO ANT-0001] Found 0 pin violations.
[INFO ANT-0002] Found 0 net violations.
[INFO ANT-0001] Found 0 pin violations.
Design area 72205 um^2 35% utilization.
write_db ./results/nangate45/similarity_asic_transfer_local/base/5_2_route.odb
Elapsed time: 4:35.51[h:]min:sec. CPU time: user 1051.15 sys 0.64 (381%). Peak memory: 1727508KB.
Log                       Ext     Elapsed/s Peak Memory/MB sha1sum result [0:20)
5_2_route                 .odb          275           1687 df43555edd087c94956a
