
==========================================================================
finish report_tns
--------------------------------------------------------------------------
tns max 0.00

==========================================================================
finish report_wns
--------------------------------------------------------------------------
wns max 0.00

==========================================================================
finish report_worst_slack
--------------------------------------------------------------------------
worst slack max 12.98

==========================================================================
finish report_clock_min_period
--------------------------------------------------------------------------
clk period_min = 7.02 fmax = 142.42

==========================================================================
finish report_clock_skew
--------------------------------------------------------------------------
Clock clk
   0.98 source latency u_core.clear_acc$_DFF_P_/CLK ^
  -1.07 target latency u_core.g_local.u_array.g_row[0].g_col[2].accumulator[23]$_SDFFE_PP0P_/CLK ^
   0.00 CRPR
--------------
  -0.09 setup skew


==========================================================================
finish report_checks -path_delay min
--------------------------------------------------------------------------
Startpoint: u_core.step$_DFF_P_ (rising edge-triggered flip-flop clocked by clk)
Endpoint: u_core.g_local.u_array.g_b_skew[4].u_b_delay.g_delay.valid_pipe[0]$_SDFF_PP0_
          (rising edge-triggered flip-flop clocked by clk)
Path Group: clk
Path Type: min

Fanout     Cap    Slew   Delay    Time   Description
-----------------------------------------------------------------------------
                          0.00    0.00   clock clk (rise edge)
                          0.00    0.00   clock source latency
     3    0.14    0.00    0.00    0.00 ^ clk (in)
                                         clk (net)
                  0.02    0.01    0.01 ^ clkbuf_0_clk/A (sky130_fd_sc_hd__clkbuf_16)
     4    0.17    0.18    0.22    0.23 ^ clkbuf_0_clk/X (sky130_fd_sc_hd__clkbuf_16)
                                         clknet_0_clk (net)
                  0.18    0.01    0.24 ^ clkbuf_2_1_0_clk/A (sky130_fd_sc_hd__clkbuf_16)
     8    0.20    0.21    0.30    0.54 ^ clkbuf_2_1_0_clk/X (sky130_fd_sc_hd__clkbuf_16)
                                         clknet_2_1_0_clk (net)
                  0.21    0.00    0.54 ^ clkbuf_5_9__f_clk/A (sky130_fd_sc_hd__clkbuf_16)
     7    0.12    0.14    0.26    0.80 ^ clkbuf_5_9__f_clk/X (sky130_fd_sc_hd__clkbuf_16)
                                         clknet_5_9__leaf_clk (net)
                  0.14    0.00    0.80 ^ clkbuf_leaf_61_clk/A (sky130_fd_sc_hd__clkbuf_16)
     9    0.03    0.06    0.17    0.97 ^ clkbuf_leaf_61_clk/X (sky130_fd_sc_hd__clkbuf_16)
                                         clknet_leaf_61_clk (net)
                  0.06    0.00    0.97 ^ u_core.step$_DFF_P_/CLK (sky130_fd_sc_hd__dfxtp_1)
     1    0.00    0.04    0.30    1.27 ^ u_core.step$_DFF_P_/Q (sky130_fd_sc_hd__dfxtp_1)
                                         u_core.g_local.u_array.a_edge_valid[0][0] (net)
                  0.04    0.00    1.27 ^ _51990_/A (sky130_fd_sc_hd__and2_1)
     1    0.00    0.04    0.10    1.37 ^ _51990_/X (sky130_fd_sc_hd__and2_1)
                                         _08931_ (net)
                  0.04    0.00    1.37 ^ u_core.g_local.u_array.g_b_skew[4].u_b_delay.g_delay.valid_pipe[0]$_SDFF_PP0_/D (sky130_fd_sc_hd__dfxtp_1)
                                  1.37   data arrival time

                          0.00    0.00   clock clk (rise edge)
                          0.00    0.00   clock source latency
     3    0.14    0.00    0.00    0.00 ^ clk (in)
                                         clk (net)
                  0.02    0.01    0.01 ^ clkbuf_0_clk/A (sky130_fd_sc_hd__clkbuf_16)
     4    0.17    0.18    0.22    0.23 ^ clkbuf_0_clk/X (sky130_fd_sc_hd__clkbuf_16)
                                         clknet_0_clk (net)
                  0.18    0.01    0.24 ^ clkbuf_2_0_0_clk/A (sky130_fd_sc_hd__clkbuf_16)
     8    0.21    0.23    0.31    0.55 ^ clkbuf_2_0_0_clk/X (sky130_fd_sc_hd__clkbuf_16)
                                         clknet_2_0_0_clk (net)
                  0.23    0.01    0.55 ^ clkbuf_5_3__f_clk/A (sky130_fd_sc_hd__clkbuf_16)
    12    0.19    0.20    0.31    0.86 ^ clkbuf_5_3__f_clk/X (sky130_fd_sc_hd__clkbuf_16)
                                         clknet_5_3__leaf_clk (net)
                  0.20    0.00    0.87 ^ clkbuf_leaf_24_clk/A (sky130_fd_sc_hd__clkbuf_16)
    10    0.04    0.06    0.20    1.06 ^ clkbuf_leaf_24_clk/X (sky130_fd_sc_hd__clkbuf_16)
                                         clknet_leaf_24_clk (net)
                  0.06    0.00    1.06 ^ u_core.g_local.u_array.g_b_skew[4].u_b_delay.g_delay.valid_pipe[0]$_SDFF_PP0_/CLK (sky130_fd_sc_hd__dfxtp_1)
                          0.00    1.06   clock reconvergence pessimism
                         -0.03    1.04   library hold time
                                  1.04   data required time
-----------------------------------------------------------------------------
                                  1.04   data required time
                                 -1.37   data arrival time
-----------------------------------------------------------------------------
                                  0.34   slack (MET)



==========================================================================
finish report_checks -path_delay max
--------------------------------------------------------------------------
Startpoint: u_core.g_local.u_array.g_row[9].g_col[0].a_local[7]$_SDFF_PP0_
            (rising edge-triggered flip-flop clocked by clk)
Endpoint: u_core.g_local.u_array.g_row[9].g_col[0].accumulator[31]$_SDFFE_PP0P_
          (rising edge-triggered flip-flop clocked by clk)
Path Group: clk
Path Type: max

Fanout     Cap    Slew   Delay    Time   Description
-----------------------------------------------------------------------------
                          0.00    0.00   clock clk (rise edge)
                          0.00    0.00   clock source latency
     3    0.14    0.00    0.00    0.00 ^ clk (in)
                                         clk (net)
                  0.02    0.01    0.01 ^ clkbuf_0_clk/A (sky130_fd_sc_hd__clkbuf_16)
     4    0.17    0.18    0.22    0.23 ^ clkbuf_0_clk/X (sky130_fd_sc_hd__clkbuf_16)
                                         clknet_0_clk (net)
                  0.18    0.01    0.24 ^ clkbuf_2_1_0_clk/A (sky130_fd_sc_hd__clkbuf_16)
     8    0.20    0.21    0.30    0.54 ^ clkbuf_2_1_0_clk/X (sky130_fd_sc_hd__clkbuf_16)
                                         clknet_2_1_0_clk (net)
                  0.21    0.01    0.54 ^ clkbuf_5_14__f_clk/A (sky130_fd_sc_hd__clkbuf_16)
    16    0.20    0.21    0.31    0.85 ^ clkbuf_5_14__f_clk/X (sky130_fd_sc_hd__clkbuf_16)
                                         clknet_5_14__leaf_clk (net)
                  0.21    0.01    0.86 ^ clkbuf_leaf_81_clk/A (sky130_fd_sc_hd__clkbuf_16)
    11    0.04    0.06    0.20    1.06 ^ clkbuf_leaf_81_clk/X (sky130_fd_sc_hd__clkbuf_16)
                                         clknet_leaf_81_clk (net)
                  0.06    0.00    1.06 ^ u_core.g_local.u_array.g_row[9].g_col[0].a_local[7]$_SDFF_PP0_/CLK (sky130_fd_sc_hd__dfxtp_1)
     9    0.02    0.23    0.45    1.50 ^ u_core.g_local.u_array.g_row[9].g_col[0].a_local[7]$_SDFF_PP0_/Q (sky130_fd_sc_hd__dfxtp_1)
                                         u_core.g_local.u_array.g_row[9].g_col[0].a_local[7] (net)
                  0.23    0.00    1.51 ^ _37722_/A (sky130_fd_sc_hd__and2_2)
    25    0.18    0.89    0.79    2.29 ^ _37722_/X (sky130_fd_sc_hd__and2_2)
                                         _01592_ (net)
                  0.89    0.00    2.30 ^ _56399_/B (sky130_fd_sc_hd__fa_1)
     1    0.01    0.09    0.57    2.86 v _56399_/SUM (sky130_fd_sc_hd__fa_1)
                                         _27875_ (net)
                  0.09    0.00    2.86 v _56249_/CIN (sky130_fd_sc_hd__fa_1)
     1    0.01    0.08    0.51    3.37 ^ _56249_/SUM (sky130_fd_sc_hd__fa_1)
                                         _21223_ (net)
                  0.08    0.00    3.37 ^ _53358_/CIN (sky130_fd_sc_hd__fa_1)
     1    0.01    0.10    0.44    3.81 v _53358_/SUM (sky130_fd_sc_hd__fa_1)
                                         _21225_ (net)
                  0.10    0.00    3.81 v _54577_/B (sky130_fd_sc_hd__fa_1)
     1    0.01    0.09    0.55    4.36 ^ _54577_/SUM (sky130_fd_sc_hd__fa_1)
                                         _24211_ (net)
                  0.09    0.00    4.36 ^ _55494_/B (sky130_fd_sc_hd__fa_1)
     1    0.00    0.08    0.43    4.79 v _55494_/SUM (sky130_fd_sc_hd__fa_1)
                                         _26221_ (net)
                  0.08    0.00    4.79 v _60626_/B (sky130_fd_sc_hd__ha_1)
     5    0.02    0.11    0.35    5.14 v _60626_/SUM (sky130_fd_sc_hd__ha_1)
                                         _04006_ (net)
                  0.11    0.00    5.14 v _44355_/A1 (sky130_fd_sc_hd__a211oi_1)
     2    0.01    0.35    0.35    5.49 ^ _44355_/Y (sky130_fd_sc_hd__a211oi_1)
                                         _13336_ (net)
                  0.35    0.00    5.49 ^ _44357_/A1 (sky130_fd_sc_hd__o21ai_0)
     3    0.01    0.19    0.26    5.75 v _44357_/Y (sky130_fd_sc_hd__o21ai_0)
                                         _13338_ (net)
                  0.19    0.00    5.75 v _44365_/A1 (sky130_fd_sc_hd__a2111oi_1)
     4    0.02    0.91    0.85    6.59 ^ _44365_/Y (sky130_fd_sc_hd__a2111oi_1)
                                         _13346_ (net)
                  0.91    0.00    6.59 ^ _44369_/A2 (sky130_fd_sc_hd__o311a_1)
     2    0.01    0.15    0.34    6.93 ^ _44369_/X (sky130_fd_sc_hd__o311a_1)
                                         _13350_ (net)
                  0.15    0.00    6.93 ^ _44372_/B (sky130_fd_sc_hd__nor3_1)
     1    0.00    0.05    0.07    7.00 v _44372_/Y (sky130_fd_sc_hd__nor3_1)
                                         _13353_ (net)
                  0.05    0.00    7.00 v _44373_/A3 (sky130_fd_sc_hd__o31ai_1)
     2    0.01    0.31    0.28    7.29 ^ _44373_/Y (sky130_fd_sc_hd__o31ai_1)
                                         _13354_ (net)
                  0.31    0.00    7.29 ^ _52108_/A1 (sky130_fd_sc_hd__a21oi_1)
     1    0.01    0.10    0.13    7.42 v _52108_/Y (sky130_fd_sc_hd__a21oi_1)
                                         _19207_ (net)
                  0.10    0.00    7.42 v _52116_/A (sky130_fd_sc_hd__xnor2_1)
     1    0.00    0.13    0.18    7.60 ^ _52116_/Y (sky130_fd_sc_hd__xnor2_1)
                                         _19215_ (net)
                  0.13    0.00    7.60 ^ _52117_/B (sky130_fd_sc_hd__nand2_1)
     1    0.01    0.12    0.09    7.69 v _52117_/Y (sky130_fd_sc_hd__nand2_1)
                                         _19216_ (net)
                  0.12    0.00    7.69 v _52118_/B (sky130_fd_sc_hd__xor2_1)
     1    0.00    0.15    0.18    7.87 ^ _52118_/X (sky130_fd_sc_hd__xor2_1)
                                         _19217_ (net)
                  0.15    0.00    7.87 ^ _52119_/B (sky130_fd_sc_hd__nor2_1)
     1    0.00    0.08    0.05    7.92 v _52119_/Y (sky130_fd_sc_hd__nor2_1)
                                         _08955_ (net)
                  0.08    0.00    7.92 v u_core.g_local.u_array.g_row[9].g_col[0].accumulator[31]$_SDFFE_PP0P_/D (sky130_fd_sc_hd__dfxtp_1)
                                  7.92   data arrival time

                         20.00   20.00   clock clk (rise edge)
                          0.00   20.00   clock source latency
     3    0.14    0.00    0.00   20.00 ^ clk (in)
                                         clk (net)
                  0.02    0.01   20.01 ^ clkbuf_0_clk/A (sky130_fd_sc_hd__clkbuf_16)
     4    0.17    0.18    0.22   20.23 ^ clkbuf_0_clk/X (sky130_fd_sc_hd__clkbuf_16)
                                         clknet_0_clk (net)
                  0.18    0.01   20.24 ^ clkbuf_2_1_0_clk/A (sky130_fd_sc_hd__clkbuf_16)
     8    0.20    0.21    0.30   20.54 ^ clkbuf_2_1_0_clk/X (sky130_fd_sc_hd__clkbuf_16)
                                         clknet_2_1_0_clk (net)
                  0.21    0.00   20.54 ^ clkbuf_5_8__f_clk/A (sky130_fd_sc_hd__clkbuf_16)
    10    0.17    0.18    0.29   20.83 ^ clkbuf_5_8__f_clk/X (sky130_fd_sc_hd__clkbuf_16)
                                         clknet_5_8__leaf_clk (net)
                  0.18    0.00   20.83 ^ clkbuf_leaf_69_clk/A (sky130_fd_sc_hd__clkbuf_16)
     9    0.03    0.06    0.18   21.02 ^ clkbuf_leaf_69_clk/X (sky130_fd_sc_hd__clkbuf_16)
                                         clknet_leaf_69_clk (net)
                  0.06    0.00   21.02 ^ u_core.g_local.u_array.g_row[9].g_col[0].accumulator[31]$_SDFFE_PP0P_/CLK (sky130_fd_sc_hd__dfxtp_1)
                          0.00   21.02   clock reconvergence pessimism
                         -0.12   20.89   library setup time
                                 20.89   data required time
-----------------------------------------------------------------------------
                                 20.89   data required time
                                 -7.92   data arrival time
-----------------------------------------------------------------------------
                                 12.98   slack (MET)



==========================================================================
finish report_checks -unconstrained
--------------------------------------------------------------------------
Startpoint: u_core.g_local.u_array.g_row[9].g_col[0].a_local[7]$_SDFF_PP0_
            (rising edge-triggered flip-flop clocked by clk)
Endpoint: u_core.g_local.u_array.g_row[9].g_col[0].accumulator[31]$_SDFFE_PP0P_
          (rising edge-triggered flip-flop clocked by clk)
Path Group: clk
Path Type: max

Fanout     Cap    Slew   Delay    Time   Description
-----------------------------------------------------------------------------
                          0.00    0.00   clock clk (rise edge)
                          0.00    0.00   clock source latency
     3    0.14    0.00    0.00    0.00 ^ clk (in)
                                         clk (net)
                  0.02    0.01    0.01 ^ clkbuf_0_clk/A (sky130_fd_sc_hd__clkbuf_16)
     4    0.17    0.18    0.22    0.23 ^ clkbuf_0_clk/X (sky130_fd_sc_hd__clkbuf_16)
                                         clknet_0_clk (net)
                  0.18    0.01    0.24 ^ clkbuf_2_1_0_clk/A (sky130_fd_sc_hd__clkbuf_16)
     8    0.20    0.21    0.30    0.54 ^ clkbuf_2_1_0_clk/X (sky130_fd_sc_hd__clkbuf_16)
                                         clknet_2_1_0_clk (net)
                  0.21    0.01    0.54 ^ clkbuf_5_14__f_clk/A (sky130_fd_sc_hd__clkbuf_16)
    16    0.20    0.21    0.31    0.85 ^ clkbuf_5_14__f_clk/X (sky130_fd_sc_hd__clkbuf_16)
                                         clknet_5_14__leaf_clk (net)
                  0.21    0.01    0.86 ^ clkbuf_leaf_81_clk/A (sky130_fd_sc_hd__clkbuf_16)
    11    0.04    0.06    0.20    1.06 ^ clkbuf_leaf_81_clk/X (sky130_fd_sc_hd__clkbuf_16)
                                         clknet_leaf_81_clk (net)
                  0.06    0.00    1.06 ^ u_core.g_local.u_array.g_row[9].g_col[0].a_local[7]$_SDFF_PP0_/CLK (sky130_fd_sc_hd__dfxtp_1)
     9    0.02    0.23    0.45    1.50 ^ u_core.g_local.u_array.g_row[9].g_col[0].a_local[7]$_SDFF_PP0_/Q (sky130_fd_sc_hd__dfxtp_1)
                                         u_core.g_local.u_array.g_row[9].g_col[0].a_local[7] (net)
                  0.23    0.00    1.51 ^ _37722_/A (sky130_fd_sc_hd__and2_2)
    25    0.18    0.89    0.79    2.29 ^ _37722_/X (sky130_fd_sc_hd__and2_2)
                                         _01592_ (net)
                  0.89    0.00    2.30 ^ _56399_/B (sky130_fd_sc_hd__fa_1)
     1    0.01    0.09    0.57    2.86 v _56399_/SUM (sky130_fd_sc_hd__fa_1)
                                         _27875_ (net)
                  0.09    0.00    2.86 v _56249_/CIN (sky130_fd_sc_hd__fa_1)
     1    0.01    0.08    0.51    3.37 ^ _56249_/SUM (sky130_fd_sc_hd__fa_1)
                                         _21223_ (net)
                  0.08    0.00    3.37 ^ _53358_/CIN (sky130_fd_sc_hd__fa_1)
     1    0.01    0.10    0.44    3.81 v _53358_/SUM (sky130_fd_sc_hd__fa_1)
                                         _21225_ (net)
                  0.10    0.00    3.81 v _54577_/B (sky130_fd_sc_hd__fa_1)
     1    0.01    0.09    0.55    4.36 ^ _54577_/SUM (sky130_fd_sc_hd__fa_1)
                                         _24211_ (net)
                  0.09    0.00    4.36 ^ _55494_/B (sky130_fd_sc_hd__fa_1)
     1    0.00    0.08    0.43    4.79 v _55494_/SUM (sky130_fd_sc_hd__fa_1)
                                         _26221_ (net)
                  0.08    0.00    4.79 v _60626_/B (sky130_fd_sc_hd__ha_1)
     5    0.02    0.11    0.35    5.14 v _60626_/SUM (sky130_fd_sc_hd__ha_1)
                                         _04006_ (net)
                  0.11    0.00    5.14 v _44355_/A1 (sky130_fd_sc_hd__a211oi_1)
     2    0.01    0.35    0.35    5.49 ^ _44355_/Y (sky130_fd_sc_hd__a211oi_1)
                                         _13336_ (net)
                  0.35    0.00    5.49 ^ _44357_/A1 (sky130_fd_sc_hd__o21ai_0)
     3    0.01    0.19    0.26    5.75 v _44357_/Y (sky130_fd_sc_hd__o21ai_0)
                                         _13338_ (net)
                  0.19    0.00    5.75 v _44365_/A1 (sky130_fd_sc_hd__a2111oi_1)
     4    0.02    0.91    0.85    6.59 ^ _44365_/Y (sky130_fd_sc_hd__a2111oi_1)
                                         _13346_ (net)
                  0.91    0.00    6.59 ^ _44369_/A2 (sky130_fd_sc_hd__o311a_1)
     2    0.01    0.15    0.34    6.93 ^ _44369_/X (sky130_fd_sc_hd__o311a_1)
                                         _13350_ (net)
                  0.15    0.00    6.93 ^ _44372_/B (sky130_fd_sc_hd__nor3_1)
     1    0.00    0.05    0.07    7.00 v _44372_/Y (sky130_fd_sc_hd__nor3_1)
                                         _13353_ (net)
                  0.05    0.00    7.00 v _44373_/A3 (sky130_fd_sc_hd__o31ai_1)
     2    0.01    0.31    0.28    7.29 ^ _44373_/Y (sky130_fd_sc_hd__o31ai_1)
                                         _13354_ (net)
                  0.31    0.00    7.29 ^ _52108_/A1 (sky130_fd_sc_hd__a21oi_1)
     1    0.01    0.10    0.13    7.42 v _52108_/Y (sky130_fd_sc_hd__a21oi_1)
                                         _19207_ (net)
                  0.10    0.00    7.42 v _52116_/A (sky130_fd_sc_hd__xnor2_1)
     1    0.00    0.13    0.18    7.60 ^ _52116_/Y (sky130_fd_sc_hd__xnor2_1)
                                         _19215_ (net)
                  0.13    0.00    7.60 ^ _52117_/B (sky130_fd_sc_hd__nand2_1)
     1    0.01    0.12    0.09    7.69 v _52117_/Y (sky130_fd_sc_hd__nand2_1)
                                         _19216_ (net)
                  0.12    0.00    7.69 v _52118_/B (sky130_fd_sc_hd__xor2_1)
     1    0.00    0.15    0.18    7.87 ^ _52118_/X (sky130_fd_sc_hd__xor2_1)
                                         _19217_ (net)
                  0.15    0.00    7.87 ^ _52119_/B (sky130_fd_sc_hd__nor2_1)
     1    0.00    0.08    0.05    7.92 v _52119_/Y (sky130_fd_sc_hd__nor2_1)
                                         _08955_ (net)
                  0.08    0.00    7.92 v u_core.g_local.u_array.g_row[9].g_col[0].accumulator[31]$_SDFFE_PP0P_/D (sky130_fd_sc_hd__dfxtp_1)
                                  7.92   data arrival time

                         20.00   20.00   clock clk (rise edge)
                          0.00   20.00   clock source latency
     3    0.14    0.00    0.00   20.00 ^ clk (in)
                                         clk (net)
                  0.02    0.01   20.01 ^ clkbuf_0_clk/A (sky130_fd_sc_hd__clkbuf_16)
     4    0.17    0.18    0.22   20.23 ^ clkbuf_0_clk/X (sky130_fd_sc_hd__clkbuf_16)
                                         clknet_0_clk (net)
                  0.18    0.01   20.24 ^ clkbuf_2_1_0_clk/A (sky130_fd_sc_hd__clkbuf_16)
     8    0.20    0.21    0.30   20.54 ^ clkbuf_2_1_0_clk/X (sky130_fd_sc_hd__clkbuf_16)
                                         clknet_2_1_0_clk (net)
                  0.21    0.00   20.54 ^ clkbuf_5_8__f_clk/A (sky130_fd_sc_hd__clkbuf_16)
    10    0.17    0.18    0.29   20.83 ^ clkbuf_5_8__f_clk/X (sky130_fd_sc_hd__clkbuf_16)
                                         clknet_5_8__leaf_clk (net)
                  0.18    0.00   20.83 ^ clkbuf_leaf_69_clk/A (sky130_fd_sc_hd__clkbuf_16)
     9    0.03    0.06    0.18   21.02 ^ clkbuf_leaf_69_clk/X (sky130_fd_sc_hd__clkbuf_16)
                                         clknet_leaf_69_clk (net)
                  0.06    0.00   21.02 ^ u_core.g_local.u_array.g_row[9].g_col[0].accumulator[31]$_SDFFE_PP0P_/CLK (sky130_fd_sc_hd__dfxtp_1)
                          0.00   21.02   clock reconvergence pessimism
                         -0.12   20.89   library setup time
                                 20.89   data required time
-----------------------------------------------------------------------------
                                 20.89   data required time
                                 -7.92   data arrival time
-----------------------------------------------------------------------------
                                 12.98   slack (MET)



==========================================================================
finish report_check_types -max_slew -max_cap -max_fanout -violators
--------------------------------------------------------------------------

==========================================================================
finish max_slew_check_slack
--------------------------------------------------------------------------
0.29000335931777954

==========================================================================
finish max_slew_check_limit
--------------------------------------------------------------------------
1.4892979860305786

==========================================================================
finish max_slew_check_slack_limit
--------------------------------------------------------------------------
0.1947

==========================================================================
finish max_fanout_check_slack
--------------------------------------------------------------------------
1.0000000150474662e+30

==========================================================================
finish max_fanout_check_limit
--------------------------------------------------------------------------
1.0000000150474662e+30

==========================================================================
finish max_capacitance_check_slack
--------------------------------------------------------------------------
0.008142880164086819

==========================================================================
finish max_capacitance_check_limit
--------------------------------------------------------------------------
0.021067000925540924

==========================================================================
finish max_capacitance_check_slack_limit
--------------------------------------------------------------------------
0.3865

==========================================================================
finish max_slew_violation_count
--------------------------------------------------------------------------
max slew violation count 0

==========================================================================
finish max_fanout_violation_count
--------------------------------------------------------------------------
max fanout violation count 0

==========================================================================
finish max_cap_violation_count
--------------------------------------------------------------------------
max cap violation count 0

==========================================================================
finish setup_violation_count
--------------------------------------------------------------------------
setup violation count 0

==========================================================================
finish hold_violation_count
--------------------------------------------------------------------------
hold violation count 0

==========================================================================
finish report_checks -path_delay max reg to reg
--------------------------------------------------------------------------
Startpoint: u_core.g_local.u_array.g_row[9].g_col[0].a_local[7]$_SDFF_PP0_
            (rising edge-triggered flip-flop clocked by clk)
Endpoint: u_core.g_local.u_array.g_row[9].g_col[0].accumulator[31]$_SDFFE_PP0P_
          (rising edge-triggered flip-flop clocked by clk)
Path Group: clk
Path Type: max

  Delay    Time   Description
---------------------------------------------------------
   0.00    0.00   clock clk (rise edge)
   0.00    0.00   clock source latency
   0.00    0.00 ^ clk (in)
   0.23    0.23 ^ clkbuf_0_clk/X (sky130_fd_sc_hd__clkbuf_16)
   0.30    0.54 ^ clkbuf_2_1_0_clk/X (sky130_fd_sc_hd__clkbuf_16)
   0.32    0.85 ^ clkbuf_5_14__f_clk/X (sky130_fd_sc_hd__clkbuf_16)
   0.20    1.06 ^ clkbuf_leaf_81_clk/X (sky130_fd_sc_hd__clkbuf_16)
   0.00    1.06 ^ u_core.g_local.u_array.g_row[9].g_col[0].a_local[7]$_SDFF_PP0_/CLK (sky130_fd_sc_hd__dfxtp_1)
   0.45    1.50 ^ u_core.g_local.u_array.g_row[9].g_col[0].a_local[7]$_SDFF_PP0_/Q (sky130_fd_sc_hd__dfxtp_1)
   0.79    2.29 ^ _37722_/X (sky130_fd_sc_hd__and2_2)
   0.57    2.86 v _56399_/SUM (sky130_fd_sc_hd__fa_1)
   0.51    3.37 ^ _56249_/SUM (sky130_fd_sc_hd__fa_1)
   0.44    3.81 v _53358_/SUM (sky130_fd_sc_hd__fa_1)
   0.55    4.36 ^ _54577_/SUM (sky130_fd_sc_hd__fa_1)
   0.43    4.79 v _55494_/SUM (sky130_fd_sc_hd__fa_1)
   0.36    5.14 v _60626_/SUM (sky130_fd_sc_hd__ha_1)
   0.35    5.49 ^ _44355_/Y (sky130_fd_sc_hd__a211oi_1)
   0.26    5.75 v _44357_/Y (sky130_fd_sc_hd__o21ai_0)
   0.85    6.59 ^ _44365_/Y (sky130_fd_sc_hd__a2111oi_1)
   0.34    6.93 ^ _44369_/X (sky130_fd_sc_hd__o311a_1)
   0.07    7.00 v _44372_/Y (sky130_fd_sc_hd__nor3_1)
   0.28    7.29 ^ _44373_/Y (sky130_fd_sc_hd__o31ai_1)
   0.13    7.42 v _52108_/Y (sky130_fd_sc_hd__a21oi_1)
   0.18    7.60 ^ _52116_/Y (sky130_fd_sc_hd__xnor2_1)
   0.09    7.69 v _52117_/Y (sky130_fd_sc_hd__nand2_1)
   0.18    7.87 ^ _52118_/X (sky130_fd_sc_hd__xor2_1)
   0.05    7.92 v _52119_/Y (sky130_fd_sc_hd__nor2_1)
   0.00    7.92 v u_core.g_local.u_array.g_row[9].g_col[0].accumulator[31]$_SDFFE_PP0P_/D (sky130_fd_sc_hd__dfxtp_1)
           7.92   data arrival time

  20.00   20.00   clock clk (rise edge)
   0.00   20.00   clock source latency
   0.00   20.00 ^ clk (in)
   0.23   20.23 ^ clkbuf_0_clk/X (sky130_fd_sc_hd__clkbuf_16)
   0.30   20.54 ^ clkbuf_2_1_0_clk/X (sky130_fd_sc_hd__clkbuf_16)
   0.29   20.83 ^ clkbuf_5_8__f_clk/X (sky130_fd_sc_hd__clkbuf_16)
   0.19   21.02 ^ clkbuf_leaf_69_clk/X (sky130_fd_sc_hd__clkbuf_16)
   0.00   21.02 ^ u_core.g_local.u_array.g_row[9].g_col[0].accumulator[31]$_SDFFE_PP0P_/CLK (sky130_fd_sc_hd__dfxtp_1)
   0.00   21.02   clock reconvergence pessimism
  -0.12   20.89   library setup time
          20.89   data required time
---------------------------------------------------------
          20.89   data required time
          -7.92   data arrival time
---------------------------------------------------------
          12.98   slack (MET)



==========================================================================
finish report_checks -path_delay min reg to reg
--------------------------------------------------------------------------
Startpoint: u_core.step$_DFF_P_ (rising edge-triggered flip-flop clocked by clk)
Endpoint: u_core.g_local.u_array.g_b_skew[4].u_b_delay.g_delay.valid_pipe[0]$_SDFF_PP0_
          (rising edge-triggered flip-flop clocked by clk)
Path Group: clk
Path Type: min

  Delay    Time   Description
---------------------------------------------------------
   0.00    0.00   clock clk (rise edge)
   0.00    0.00   clock source latency
   0.00    0.00 ^ clk (in)
   0.23    0.23 ^ clkbuf_0_clk/X (sky130_fd_sc_hd__clkbuf_16)
   0.30    0.54 ^ clkbuf_2_1_0_clk/X (sky130_fd_sc_hd__clkbuf_16)
   0.26    0.80 ^ clkbuf_5_9__f_clk/X (sky130_fd_sc_hd__clkbuf_16)
   0.17    0.97 ^ clkbuf_leaf_61_clk/X (sky130_fd_sc_hd__clkbuf_16)
   0.00    0.97 ^ u_core.step$_DFF_P_/CLK (sky130_fd_sc_hd__dfxtp_1)
   0.30    1.27 ^ u_core.step$_DFF_P_/Q (sky130_fd_sc_hd__dfxtp_1)
   0.10    1.37 ^ _51990_/X (sky130_fd_sc_hd__and2_1)
   0.00    1.37 ^ u_core.g_local.u_array.g_b_skew[4].u_b_delay.g_delay.valid_pipe[0]$_SDFF_PP0_/D (sky130_fd_sc_hd__dfxtp_1)
           1.37   data arrival time

   0.00    0.00   clock clk (rise edge)
   0.00    0.00   clock source latency
   0.00    0.00 ^ clk (in)
   0.23    0.23 ^ clkbuf_0_clk/X (sky130_fd_sc_hd__clkbuf_16)
   0.31    0.55 ^ clkbuf_2_0_0_clk/X (sky130_fd_sc_hd__clkbuf_16)
   0.31    0.86 ^ clkbuf_5_3__f_clk/X (sky130_fd_sc_hd__clkbuf_16)
   0.20    1.06 ^ clkbuf_leaf_24_clk/X (sky130_fd_sc_hd__clkbuf_16)
   0.00    1.06 ^ u_core.g_local.u_array.g_b_skew[4].u_b_delay.g_delay.valid_pipe[0]$_SDFF_PP0_/CLK (sky130_fd_sc_hd__dfxtp_1)
   0.00    1.06   clock reconvergence pessimism
  -0.03    1.04   library hold time
           1.04   data required time
---------------------------------------------------------
           1.04   data required time
          -1.37   data arrival time
---------------------------------------------------------
           0.34   slack (MET)



==========================================================================
finish critical path target clock latency max path
--------------------------------------------------------------------------
0

==========================================================================
finish critical path target clock latency min path
--------------------------------------------------------------------------
0

==========================================================================
finish critical path source clock latency min path
--------------------------------------------------------------------------
0

==========================================================================
finish critical path delay
--------------------------------------------------------------------------
7.9156

==========================================================================
finish critical path slack
--------------------------------------------------------------------------
12.9784

==========================================================================
finish slack div critical path delay
--------------------------------------------------------------------------
163.959776

==========================================================================
finish report_power
--------------------------------------------------------------------------
Group                  Internal  Switching    Leakage      Total
                          Power      Power      Power      Power (Watts)
----------------------------------------------------------------
Sequential             5.70e-03   2.89e-05   2.29e-08   5.73e-03  42.3%
Combinational          4.59e-05   1.59e-04   1.60e-07   2.05e-04   1.5%
Clock                  4.48e-03   3.12e-03   6.63e-09   7.60e-03  56.1%
Macro                  0.00e+00   0.00e+00   0.00e+00   0.00e+00   0.0%
Pad                    0.00e+00   0.00e+00   0.00e+00   0.00e+00   0.0%
----------------------------------------------------------------
Total                  1.02e-02   3.30e-03   1.90e-07   1.35e-02 100.0%
                          75.6%      24.4%       0.0%
