OpenROAD unknown 
Features included (+) or not (-): -GPU +GUI -Python
This program is licensed under the BSD-3 license. See the LICENSE file for details.
Components of this program may be licensed under more restrictive licenses which must be honored.
[INFO ORD-0030] Using 4 thread(s).
read_liberty /OpenROAD-flow-scripts/flow/platforms/sky130hd/lib/sky130_fd_sc_hd__tt_025C_1v80.lib
read_db ./results/sky130hd/similarity_asic_transfer_blocal/base/6_1_fill.odb
read_sdc ./results/sky130hd/similarity_asic_transfer_blocal/base/6_1_fill.sdc
source /OpenROAD-flow-scripts/flow/platforms/sky130hd/setRC.tcl
write_db ./results/sky130hd/similarity_asic_transfer_blocal/base/6_final.odb
write_sdc -no_timestamp ./results/sky130hd/similarity_asic_transfer_blocal/base/6_final.sdc
Deleted 0 routing obstructions
Warning: master sky130_ef_sc_hd__decap_12 has signal pins but no liberty cell
[INFO RCX-0431] Defined process_corner X with ext_model_index 0
[INFO RCX-0029] Defined extraction corner X
[INFO RCX-0435] Reading extraction model file /OpenROAD-flow-scripts/flow/platforms/sky130hd/rcx_patterns.rules ...
[INFO RCX-0436] RC segment generation similarity_asic_transfer_blocal (max_merge_res 50.0) ...
[INFO RCX-0040] Final 105312 rc segments
[INFO RCX-0439] Coupling Cap extraction similarity_asic_transfer_blocal ...
[INFO RCX-0440] Coupling threshhold is 0.1000 fF, coupling capacitance less than 0.1000 fF will be grounded.
[INFO RCX-0442] 27% of 218010 wires extracted
[INFO RCX-0442] 56% of 218010 wires extracted
[INFO RCX-0442] 75% of 218010 wires extracted
[INFO RCX-0442] 100% of 218010 wires extracted
[INFO RCX-0045] Extract 37004 nets, 142216 rsegs, 142216 caps, 220552 ccs
[INFO RCX-0443] 37004 nets finished
[INFO PSM-0040] All shapes on net VDD are connected.
########## IR report #################
Net              : VDD
Corner           : default
Total power      : 2.58e-02 W
Supply voltage   : 1.80e+00 V
Worstcase voltage: 1.80e+00 V
Average voltage  : 1.80e+00 V
Average IR drop  : 6.06e-06 V
Worstcase IR drop: 2.46e-04 V
Percentage drop  : 0.01 %
######################################
[INFO PSM-0040] All shapes on net VSS are connected.
########## IR report #################
Net              : VSS
Corner           : default
Total power      : 2.58e-02 W
Supply voltage   : 0.00e+00 V
Worstcase voltage: 2.67e-04 V
Average voltage  : 5.80e-06 V
Average IR drop  : 5.80e-06 V
Worstcase IR drop: 2.67e-04 V
Percentage drop  : 0.01 %
######################################
Cell type report:                        Count        Area
  Fill cell                              85305   548801.34
  Tap cell                               11832    14804.20
  Antenna cell                             102      255.24
  Clock buffer                             407     8788.43
  Timing Repair Buffer                     427     3320.68
  Inverter                                 304     1142.35
  Clock inverter                           166     2469.87
  Sequential cell                         2317    46388.24
  Multi-Input combinational cell         24095   263237.47
  Total                                 124955   889207.82
Report metrics stage 6, finish...

==========================================================================
finish report_design_area
--------------------------------------------------------------------------
Design area 340406 um^2 38% utilization.
Elapsed time: 2:41.66[h:]min:sec. CPU time: user 217.02 sys 1.06 (134%). Peak memory: 954812KB.
Log                       Ext     Elapsed/s Peak Memory/MB sha1sum result [0:20)
6_report                                161            932                  N/A
