OpenROAD unknown 
Features included (+) or not (-): -GPU +GUI -Python
This program is licensed under the BSD-3 license. See the LICENSE file for details.
Components of this program may be licensed under more restrictive licenses which must be honored.
[INFO ORD-0030] Using 4 thread(s).
read_liberty /OpenROAD-flow-scripts/flow/platforms/sky130hd/lib/sky130_fd_sc_hd__tt_025C_1v80.lib
read_db ./results/sky130hd/similarity_asic_transfer_blocal/base/5_1_grt.odb
read_sdc ./results/sky130hd/similarity_asic_transfer_blocal/base/5_1_grt.sdc
source /OpenROAD-flow-scripts/flow/platforms/sky130hd/setRC.tcl
detailed_route -output_drc ./reports/sky130hd/similarity_asic_transfer_blocal/base/5_route_drc.rpt -output_maze ./results/sky130hd/similarity_asic_transfer_blocal/base/maze.log -droute_end_iter 64 -verbose 1 -drc_report_iter_step 5
[INFO DRT-0149] Reading tech and libs.
[WARNING DRT-0349] LEF58_ENCLOSURE with no CUTCLASS is not supported. Skipping for layer mcon
[WARNING DRT-0349] LEF58_ENCLOSURE with no CUTCLASS is not supported. Skipping for layer mcon
[WARNING DRT-0349] LEF58_ENCLOSURE with no CUTCLASS is not supported. Skipping for layer via
[WARNING DRT-0349] LEF58_ENCLOSURE with no CUTCLASS is not supported. Skipping for layer via
[WARNING DRT-0349] LEF58_ENCLOSURE with no CUTCLASS is not supported. Skipping for layer via2
[WARNING DRT-0349] LEF58_ENCLOSURE with no CUTCLASS is not supported. Skipping for layer via2
[WARNING DRT-0349] LEF58_ENCLOSURE with no CUTCLASS is not supported. Skipping for layer via3
[WARNING DRT-0349] LEF58_ENCLOSURE with no CUTCLASS is not supported. Skipping for layer via3
[WARNING DRT-0349] LEF58_ENCLOSURE with no CUTCLASS is not supported. Skipping for layer via4
[WARNING DRT-0349] LEF58_ENCLOSURE with no CUTCLASS is not supported. Skipping for layer via4

Units:                1000
Number of layers:     13
Number of macros:     441
Number of vias:       29
Number of viarulegen: 25

[INFO DRT-0150] Reading design.

Design:                   similarity_asic_transfer_blocal
Die area:                 ( 0 0 ) ( 968950 968950 )
Number of track patterns: 12
Number of DEF vias:       0
Number of components:     41849
Number of terminals:      36
Number of snets:          2
Number of nets:           38753

[INFO DRT-0167] List of default vias:
  Layer via
    default via: M1M2_PR
  Layer via2
    default via: M2M3_PR
  Layer via3
    default via: M3M4_PR
  Layer via4
    default via: M4M5_PR
[INFO DRT-0162] Library cell analysis.
[INFO DRT-0163] Instance analysis.
[INFO DRT-0164] Number of unique instances = 225.
[INFO DRT-0168] Init region query.
[INFO DRT-0024]   Complete FR_MASTERSLICE.
[INFO DRT-0024]   Complete Fr_VIA.
[INFO DRT-0024]   Complete li1.
[INFO DRT-0024]   Complete mcon.
[INFO DRT-0024]   Complete met1.
[INFO DRT-0024]   Complete via.
[INFO DRT-0024]   Complete met2.
[INFO DRT-0024]   Complete via2.
[INFO DRT-0024]   Complete met3.
[INFO DRT-0024]   Complete via3.
[INFO DRT-0024]   Complete met4.
[INFO DRT-0024]   Complete via4.
[INFO DRT-0024]   Complete met5.
[INFO DRT-0033] FR_MASTERSLICE shape region query size = 0.
[INFO DRT-0033] FR_VIA shape region query size = 0.
[INFO DRT-0033] li1 shape region query size = 1125793.
[INFO DRT-0033] mcon shape region query size = 647074.
[INFO DRT-0033] met1 shape region query size = 242260.
[INFO DRT-0033] via shape region query size = 63015.
[INFO DRT-0033] met2 shape region query size = 37817.
[INFO DRT-0033] via2 shape region query size = 50412.
[INFO DRT-0033] met3 shape region query size = 37835.
[INFO DRT-0033] via3 shape region query size = 50412.
[INFO DRT-0033] met4 shape region query size = 15159.
[INFO DRT-0033] via4 shape region query size = 2485.
[INFO DRT-0033] met5 shape region query size = 2625.
[INFO DRT-0165] Start pin access.
[INFO DRT-0076]   Complete 1000 pins.
[INFO DRT-0078]   Complete 1826 pins.
[INFO DRT-0079]   Complete 100 unique inst patterns.
[INFO DRT-0079]   Complete 200 unique inst patterns.
[INFO DRT-0081]   Complete 225 unique inst patterns.
[INFO DRT-0082]   Complete 10000 groups.
[INFO DRT-0082]   Complete 20000 groups.
[INFO DRT-0084]   Complete 20745 groups.
#scanned instances     = 41849
#unique  instances     = 225
#stdCellGenAp          = 7826
#stdCellValidPlanarAp  = 90
#stdCellValidViaAp     = 5443
#stdCellPinNoAp        = 10
#stdCellPinCnt         = 108835
#instTermValidViaApCnt = 0
#macroGenAp            = 0
#macroValidPlanarAp    = 0
#macroValidViaAp       = 0
#macroNoAp             = 0
[INFO DRT-0166] Complete pin access.
[INFO DRT-0267] cpu time = 00:10:38, elapsed time = 00:02:42, memory = 571.33 (MB), peak = 586.26 (MB)
[INFO DRT-0156] guideIn read 100000 guides.
[INFO DRT-0156] guideIn read 200000 guides.

[INFO DRT-0157] Number of guides:     241032

[INFO DRT-0169] Post process guides.
[INFO DRT-0176] GCELLGRID X 0 DO 140 STEP 6900 ;
[INFO DRT-0177] GCELLGRID Y 0 DO 140 STEP 6900 ;
[INFO DRT-0026]   Complete 100000 origin guides.
[INFO DRT-0026]   Complete 200000 origin guides.
[INFO DRT-0028]   Complete FR_MASTERSLICE.
[INFO DRT-0028]   Complete Fr_VIA.
[INFO DRT-0028]   Complete li1.
[INFO DRT-0028]   Complete mcon.
[INFO DRT-0028]   Complete met1.
[INFO DRT-0028]   Complete via.
[INFO DRT-0028]   Complete met2.
[INFO DRT-0028]   Complete via2.
[INFO DRT-0028]   Complete met3.
[INFO DRT-0028]   Complete via3.
[INFO DRT-0028]   Complete met4.
[INFO DRT-0028]   Complete via4.
[INFO DRT-0028]   Complete met5.
[INFO DRT-0178] Init guide query.
[INFO DRT-0035]   Complete FR_MASTERSLICE (guide).
[INFO DRT-0035]   Complete Fr_VIA (guide).
[INFO DRT-0035]   Complete li1 (guide).
[INFO DRT-0035]   Complete mcon (guide).
[INFO DRT-0035]   Complete met1 (guide).
[INFO DRT-0035]   Complete via (guide).
[INFO DRT-0035]   Complete met2 (guide).
[INFO DRT-0035]   Complete via2 (guide).
[INFO DRT-0035]   Complete met3 (guide).
[INFO DRT-0035]   Complete via3 (guide).
[INFO DRT-0035]   Complete met4 (guide).
[INFO DRT-0035]   Complete via4 (guide).
[INFO DRT-0035]   Complete met5 (guide).
[INFO DRT-0036] FR_MASTERSLICE guide region query size = 0.
[INFO DRT-0036] FR_VIA guide region query size = 0.
[INFO DRT-0036] li1 guide region query size = 80357.
[INFO DRT-0036] mcon guide region query size = 0.
[INFO DRT-0036] met1 guide region query size = 73086.
[INFO DRT-0036] via guide region query size = 0.
[INFO DRT-0036] met2 guide region query size = 33278.
[INFO DRT-0036] via2 guide region query size = 0.
[INFO DRT-0036] met3 guide region query size = 1128.
[INFO DRT-0036] via3 guide region query size = 0.
[INFO DRT-0036] met4 guide region query size = 515.
[INFO DRT-0036] via4 guide region query size = 0.
[INFO DRT-0036] met5 guide region query size = 24.
[INFO DRT-0179] Init gr pin query.
[INFO DRT-0267] cpu time = 00:00:00, elapsed time = 00:00:00, memory = 645.61 (MB), peak = 645.46 (MB)
[INFO DRT-0245] skipped writing guide updates to database.
[INFO DRT-0181] Start track assignment.
[INFO DRT-0184] Done with 114150 vertical wires in 3 frboxes and 74238 horizontal wires in 3 frboxes.
[INFO DRT-0186] Done with 10521 vertical wires in 3 frboxes and 19600 horizontal wires in 3 frboxes.
[INFO DRT-0182] Complete track assignment.
[INFO DRT-0267] cpu time = 00:00:12, elapsed time = 00:00:05, memory = 934.83 (MB), peak = 962.64 (MB)
[INFO DRT-0187] Start routing data preparation.
[INFO DRT-0267] cpu time = 00:00:00, elapsed time = 00:00:00, memory = 934.89 (MB), peak = 962.64 (MB)
[INFO DRT-0194] Start detail routing.
[INFO DRT-0195] Start 0th optimization iteration.
    Completing 10% with 0 violations.
    elapsed time = 00:00:14, memory = 1302.20 (MB).
    Completing 20% with 0 violations.
    elapsed time = 00:00:26, memory = 1635.81 (MB).
    Completing 30% with 2578 violations.
    elapsed time = 00:00:43, memory = 1738.66 (MB).
    Completing 40% with 2578 violations.
    elapsed time = 00:00:52, memory = 1703.11 (MB).
    Completing 50% with 2578 violations.
    elapsed time = 00:01:12, memory = 1865.36 (MB).
    Completing 60% with 5280 violations.
    elapsed time = 00:01:23, memory = 1901.37 (MB).
    Completing 70% with 5280 violations.
    elapsed time = 00:01:45, memory = 1899.44 (MB).
    Completing 80% with 8103 violations.
    elapsed time = 00:02:03, memory = 1987.44 (MB).
    Completing 90% with 8103 violations.
    elapsed time = 00:02:16, memory = 1961.44 (MB).
    Completing 100% with 10647 violations.
    elapsed time = 00:02:38, memory = 1943.46 (MB).
[INFO DRT-0199]   Number of violations = 12403.
Viol/Layer         li1   mcon   met1    via   met2   met3   met4
Cut Spacing          0     18      0      0      0      0      0
Metal Spacing        0      0   1960      0    444     19      2
Min Hole             0      0     48      0      0      0      0
Recheck             15      0   1219      0    488     11     23
Short                0      4   7405      2    744      1      0
[INFO DRT-0267] cpu time = 00:10:17, elapsed time = 00:02:39, memory = 1909.52 (MB), peak = 2047.17 (MB)
Total wire length = 960396 um.
Total wire length on LAYER li1 = 0 um.
Total wire length on LAYER met1 = 461072 um.
Total wire length on LAYER met2 = 436666 um.
Total wire length on LAYER met3 = 37227 um.
Total wire length on LAYER met4 = 25130 um.
Total wire length on LAYER met5 = 299 um.
Total number of vias = 208551.
Up-via summary (total 208551):

-------------------------
 FR_MASTERSLICE         0
            li1     96807
           met1    109172
           met2      1731
           met3       799
           met4        42
-------------------------
               208551


[INFO DRT-0195] Start 1st optimization iteration.
    Completing 10% with 12403 violations.
    elapsed time = 00:00:04, memory = 1967.52 (MB).
    Completing 20% with 12403 violations.
    elapsed time = 00:00:24, memory = 1963.52 (MB).
    Completing 30% with 10885 violations.
    elapsed time = 00:00:39, memory = 1997.53 (MB).
    Completing 40% with 10885 violations.
    elapsed time = 00:00:46, memory = 1997.53 (MB).
    Completing 50% with 10885 violations.
    elapsed time = 00:01:08, memory = 1993.53 (MB).
    Completing 60% with 9402 violations.
    elapsed time = 00:01:21, memory = 2023.54 (MB).
    Completing 70% with 9402 violations.
    elapsed time = 00:01:36, memory = 2023.54 (MB).
    Completing 80% with 7608 violations.
    elapsed time = 00:01:55, memory = 2049.55 (MB).
    Completing 90% with 7608 violations.
    elapsed time = 00:02:07, memory = 2013.55 (MB).
    Completing 100% with 5870 violations.
    elapsed time = 00:02:28, memory = 1931.55 (MB).
[INFO DRT-0199]   Number of violations = 5870.
Viol/Layer        mcon   met1   met2   met3   met4
Cut Spacing         20      0      0      0      0
Metal Spacing        0    843    165      3      1
Short                0   4617    221      0      0
[INFO DRT-0267] cpu time = 00:09:35, elapsed time = 00:02:29, memory = 1959.55 (MB), peak = 2091.22 (MB)
Total wire length = 951765 um.
Total wire length on LAYER li1 = 0 um.
Total wire length on LAYER met1 = 456823 um.
Total wire length on LAYER met2 = 432422 um.
Total wire length on LAYER met3 = 37260 um.
Total wire length on LAYER met4 = 24930 um.
Total wire length on LAYER met5 = 328 um.
Total number of vias = 206050.
Up-via summary (total 206050):

-------------------------
 FR_MASTERSLICE         0
            li1     96761
           met1    106745
           met2      1758
           met3       744
           met4        42
-------------------------
               206050


[INFO DRT-0195] Start 2nd optimization iteration.
    Completing 10% with 5870 violations.
    elapsed time = 00:00:07, memory = 2005.55 (MB).
    Completing 20% with 5870 violations.
    elapsed time = 00:00:23, memory = 2029.55 (MB).
    Completing 30% with 5796 violations.
    elapsed time = 00:00:34, memory = 1973.55 (MB).
    Completing 40% with 5796 violations.
    elapsed time = 00:00:45, memory = 2031.55 (MB).
    Completing 50% with 5796 violations.
    elapsed time = 00:01:05, memory = 2007.55 (MB).
    Completing 60% with 5522 violations.
    elapsed time = 00:01:20, memory = 2035.56 (MB).
    Completing 70% with 5522 violations.
    elapsed time = 00:01:32, memory = 2007.56 (MB).
    Completing 80% with 5535 violations.
    elapsed time = 00:01:50, memory = 2007.56 (MB).
    Completing 90% with 5535 violations.
    elapsed time = 00:01:59, memory = 2009.56 (MB).
    Completing 100% with 5299 violations.
    elapsed time = 00:02:19, memory = 1949.71 (MB).
[INFO DRT-0199]   Number of violations = 5299.
Viol/Layer        mcon   met1   met2
Cut Spacing         31      0      0
Metal Spacing        0    778    122
Min Hole             0      1      0
Short                0   4168    199
[INFO DRT-0267] cpu time = 00:08:59, elapsed time = 00:02:19, memory = 1963.71 (MB), peak = 2091.22 (MB)
Total wire length = 949819 um.
Total wire length on LAYER li1 = 0 um.
Total wire length on LAYER met1 = 455413 um.
Total wire length on LAYER met2 = 431926 um.
Total wire length on LAYER met3 = 37300 um.
Total wire length on LAYER met4 = 24873 um.
Total wire length on LAYER met5 = 305 um.
Total number of vias = 205572.
Up-via summary (total 205572):

-------------------------
 FR_MASTERSLICE         0
            li1     96717
           met1    106347
           met2      1734
           met3       732
           met4        42
-------------------------
               205572


[INFO DRT-0195] Start 3rd optimization iteration.
    Completing 10% with 5299 violations.
    elapsed time = 00:00:07, memory = 2027.71 (MB).
    Completing 20% with 5299 violations.
    elapsed time = 00:00:17, memory = 2027.71 (MB).
    Completing 30% with 4022 violations.
    elapsed time = 00:00:27, memory = 2031.71 (MB).
    Completing 40% with 4022 violations.
    elapsed time = 00:00:32, memory = 2027.71 (MB).
    Completing 50% with 4022 violations.
    elapsed time = 00:00:47, memory = 1933.71 (MB).
    Completing 60% with 2981 violations.
    elapsed time = 00:00:53, memory = 1997.71 (MB).
    Completing 70% with 2981 violations.
    elapsed time = 00:01:04, memory = 2023.71 (MB).
    Completing 80% with 1491 violations.
    elapsed time = 00:01:17, memory = 2051.71 (MB).
    Completing 90% with 1491 violations.
    elapsed time = 00:01:30, memory = 2015.72 (MB).
    Completing 100% with 423 violations.
    elapsed time = 00:01:41, memory = 1933.72 (MB).
[INFO DRT-0199]   Number of violations = 423.
Viol/Layer        mcon   met1   met2
Cut Spacing          1      0      0
Metal Spacing        0    102     17
Short                0    278     25
[INFO DRT-0267] cpu time = 00:06:12, elapsed time = 00:01:41, memory = 1945.72 (MB), peak = 2091.22 (MB)
Total wire length = 949062 um.
Total wire length on LAYER li1 = 0 um.
Total wire length on LAYER met1 = 440677 um.
Total wire length on LAYER met2 = 432937 um.
Total wire length on LAYER met3 = 50093 um.
Total wire length on LAYER met4 = 25048 um.
Total wire length on LAYER met5 = 305 um.
Total number of vias = 208802.
Up-via summary (total 208802):

-------------------------
 FR_MASTERSLICE         0
            li1     96703
           met1    107816
           met2      3484
           met3       757
           met4        42
-------------------------
               208802


[INFO DRT-0195] Start 4th optimization iteration.
    Completing 10% with 423 violations.
    elapsed time = 00:00:00, memory = 1945.72 (MB).
    Completing 20% with 423 violations.
    elapsed time = 00:00:01, memory = 2041.72 (MB).
    Completing 30% with 315 violations.
    elapsed time = 00:00:03, memory = 1949.78 (MB).
    Completing 40% with 315 violations.
    elapsed time = 00:00:03, memory = 1949.78 (MB).
    Completing 50% with 315 violations.
    elapsed time = 00:00:05, memory = 2029.78 (MB).
    Completing 60% with 262 violations.
    elapsed time = 00:00:07, memory = 2019.78 (MB).
    Completing 70% with 262 violations.
    elapsed time = 00:00:09, memory = 2033.78 (MB).
    Completing 80% with 177 violations.
    elapsed time = 00:00:09, memory = 1953.78 (MB).
    Completing 90% with 177 violations.
    elapsed time = 00:00:11, memory = 2027.78 (MB).
    Completing 100% with 6 violations.
    elapsed time = 00:00:13, memory = 1983.78 (MB).
[INFO DRT-0199]   Number of violations = 6.
Viol/Layer        met1
Metal Spacing        1
Short                5
[INFO DRT-0267] cpu time = 00:00:46, elapsed time = 00:00:14, memory = 1981.78 (MB), peak = 2091.22 (MB)
Total wire length = 949020 um.
Total wire length on LAYER li1 = 0 um.
Total wire length on LAYER met1 = 439932 um.
Total wire length on LAYER met2 = 433026 um.
Total wire length on LAYER met3 = 50723 um.
Total wire length on LAYER met4 = 25032 um.
Total wire length on LAYER met5 = 305 um.
Total number of vias = 208940.
Up-via summary (total 208940):

-------------------------
 FR_MASTERSLICE         0
            li1     96702
           met1    107885
           met2      3558
           met3       753
           met4        42
-------------------------
               208940


[INFO DRT-0195] Start 5th guides tiles iteration.
    Completing 30% with 6 violations.
    elapsed time = 00:00:00, memory = 1981.78 (MB).
    Completing 60% with 6 violations.
    elapsed time = 00:00:00, memory = 1981.78 (MB).
    Completing 100% with 0 violations.
    elapsed time = 00:00:00, memory = 1981.78 (MB).
[INFO DRT-0199]   Number of violations = 0.
[INFO DRT-0267] cpu time = 00:00:00, elapsed time = 00:00:00, memory = 1981.84 (MB), peak = 2091.22 (MB)
Total wire length = 949016 um.
Total wire length on LAYER li1 = 0 um.
Total wire length on LAYER met1 = 439920 um.
Total wire length on LAYER met2 = 433023 um.
Total wire length on LAYER met3 = 50734 um.
Total wire length on LAYER met4 = 25032 um.
Total wire length on LAYER met5 = 305 um.
Total number of vias = 208941.
Up-via summary (total 208941):

-------------------------
 FR_MASTERSLICE         0
            li1     96702
           met1    107884
           met2      3560
           met3       753
           met4        42
-------------------------
               208941


[INFO DRT-0198] Complete detail routing.
Total wire length = 949016 um.
Total wire length on LAYER li1 = 0 um.
Total wire length on LAYER met1 = 439920 um.
Total wire length on LAYER met2 = 433023 um.
Total wire length on LAYER met3 = 50734 um.
Total wire length on LAYER met4 = 25032 um.
Total wire length on LAYER met5 = 305 um.
Total number of vias = 208941.
Up-via summary (total 208941):

-------------------------
 FR_MASTERSLICE         0
            li1     96702
           met1    107884
           met2      3560
           met3       753
           met4        42
-------------------------
               208941


[INFO DRT-0267] cpu time = 00:35:51, elapsed time = 00:09:24, memory = 1981.84 (MB), peak = 2091.22 (MB)

[INFO DRT-0180] Post processing.
[INFO DRT-0501] Runtime: 733.52s
Took 733 seconds: detailed_route -output_drc ./reports/sky130hd/similarity_asic_transfer_blocal/base/5_route_drc.rpt -output_maze ./results/sky130hd/similarity_asic_transfer_blocal/base/maze.log -droute_end_iter 64 -verbose 1 -drc_report_iter_step 5
[INFO GRT-0012] Found 21 antenna violations.
[INFO DPL-0006] Core area: 930585.00 um^2
[INFO DPL-0007] Movable instances area: 0.00 um^2
[INFO DPL-0008] Fixed instances area within core: 358264.85 um^2
[INFO DPL-0009] Utilization: 38.5%
[INFO DPL-0005] Diamond search max displacement: +/- 500 sites horizontally, +/- 100 rows vertically.
[INFO DPL-1102] Legalizing using negotiation legalizer.
[INFO DPL-1103] Negotiation base search window: +/-20 sites horizontally, +/-5 rows vertically 
	Automatic search window extension enabled.
	Search window extendable up to the max displacement cap of +/-500 sites, +/-100 rows near walls.
[INFO DPL-1104] NegotiationLegalizer DRC penalty: 5.
[INFO DPL-0392] Negotiation cell height distribution (1 unique row-count(s)):
[INFO DPL-0393]   height 1 row(s): 41873 cells
[INFO DPL-0500] Runtime: 0.17s
[INFO GRT-0015] Inserted 24 diodes.
[INFO DRT-0024]   Complete FR_MASTERSLICE.
[INFO DRT-0024]   Complete Fr_VIA.
[INFO DRT-0024]   Complete li1.
[INFO DRT-0024]   Complete mcon.
[INFO DRT-0024]   Complete met1.
[INFO DRT-0024]   Complete via.
[INFO DRT-0024]   Complete met2.
[INFO DRT-0024]   Complete via2.
[INFO DRT-0024]   Complete met3.
[INFO DRT-0024]   Complete via3.
[INFO DRT-0024]   Complete met4.
[INFO DRT-0024]   Complete via4.
[INFO DRT-0024]   Complete met5.
[INFO DRT-0165] Start pin access.
[INFO DRT-0076]   Complete 1000 pins.
[INFO DRT-0078]   Complete 1826 pins.
[INFO DRT-0079]   Complete 100 unique inst patterns.
[INFO DRT-0079]   Complete 200 unique inst patterns.
[INFO DRT-0081]   Complete 225 unique inst patterns.
[INFO DRT-0082]   Complete 10000 groups.
[INFO DRT-0082]   Complete 20000 groups.
[INFO DRT-0084]   Complete 20749 groups.
#scanned instances     = 41873
#unique  instances     = 225
#stdCellGenAp          = 7826
#stdCellValidPlanarAp  = 90
#stdCellValidViaAp     = 5443
#stdCellPinNoAp        = 10
#stdCellPinCnt         = 108835
#instTermValidViaApCnt = 0
#macroGenAp            = 0
#macroValidPlanarAp    = 0
#macroValidViaAp       = 0
#macroNoAp             = 0
[INFO DRT-0166] Complete pin access.
[INFO DRT-0267] cpu time = 00:10:41, elapsed time = 00:02:43, memory = 1887.46 (MB), peak = 2091.22 (MB)
[INFO DRT-0156] guideIn read 100000 guides.
[INFO DRT-0156] guideIn read 200000 guides.

[INFO DRT-0157] Number of guides:     240931

[INFO DRT-0169] Post process guides.
[INFO DRT-0176] GCELLGRID X 0 DO 140 STEP 6900 ;
[INFO DRT-0177] GCELLGRID Y 0 DO 140 STEP 6900 ;
[INFO DRT-0026]   Complete 100000 origin guides.
[INFO DRT-0026]   Complete 200000 origin guides.
[INFO DRT-0028]   Complete FR_MASTERSLICE.
[INFO DRT-0028]   Complete Fr_VIA.
[INFO DRT-0028]   Complete li1.
[INFO DRT-0028]   Complete mcon.
[INFO DRT-0028]   Complete met1.
[INFO DRT-0028]   Complete via.
[INFO DRT-0028]   Complete met2.
[INFO DRT-0028]   Complete via2.
[INFO DRT-0028]   Complete met3.
[INFO DRT-0028]   Complete via3.
[INFO DRT-0028]   Complete met4.
[INFO DRT-0028]   Complete via4.
[INFO DRT-0028]   Complete met5.
[INFO DRT-0178] Init guide query.
[INFO DRT-0035]   Complete FR_MASTERSLICE (guide).
[INFO DRT-0035]   Complete Fr_VIA (guide).
[INFO DRT-0035]   Complete li1 (guide).
[INFO DRT-0035]   Complete mcon (guide).
[INFO DRT-0035]   Complete met1 (guide).
[INFO DRT-0035]   Complete via (guide).
[INFO DRT-0035]   Complete met2 (guide).
[INFO DRT-0035]   Complete via2 (guide).
[INFO DRT-0035]   Complete met3 (guide).
[INFO DRT-0035]   Complete via3 (guide).
[INFO DRT-0035]   Complete met4 (guide).
[INFO DRT-0035]   Complete via4 (guide).
[INFO DRT-0035]   Complete met5 (guide).
[INFO DRT-0036] FR_MASTERSLICE guide region query size = 0.
[INFO DRT-0036] FR_VIA guide region query size = 0.
[INFO DRT-0036] li1 guide region query size = 80366.
[INFO DRT-0036] mcon guide region query size = 0.
[INFO DRT-0036] met1 guide region query size = 73078.
[INFO DRT-0036] via guide region query size = 0.
[INFO DRT-0036] met2 guide region query size = 33255.
[INFO DRT-0036] via2 guide region query size = 0.
[INFO DRT-0036] met3 guide region query size = 1100.
[INFO DRT-0036] via3 guide region query size = 0.
[INFO DRT-0036] met4 guide region query size = 505.
[INFO DRT-0036] via4 guide region query size = 0.
[INFO DRT-0036] met5 guide region query size = 22.
[INFO DRT-0179] Init gr pin query.
[INFO DRT-0267] cpu time = 00:00:00, elapsed time = 00:00:00, memory = 1859.50 (MB), peak = 2091.22 (MB)
[INFO DRT-0245] skipped writing guide updates to database.
[INFO DRT-0181] Start track assignment.
[INFO DRT-0184] Done with 114126 vertical wires in 3 frboxes and 74200 horizontal wires in 3 frboxes.
[INFO DRT-0186] Done with 10580 vertical wires in 3 frboxes and 19643 horizontal wires in 3 frboxes.
[INFO DRT-0182] Complete track assignment.
[INFO DRT-0267] cpu time = 00:00:13, elapsed time = 00:00:05, memory = 2041.52 (MB), peak = 2091.22 (MB)
[INFO DRT-0187] Start routing data preparation.
[INFO DRT-0267] cpu time = 00:00:00, elapsed time = 00:00:00, memory = 2041.52 (MB), peak = 2091.22 (MB)
[INFO DRT-0194] Start detail routing.
[INFO DRT-0195] Start 0th optimization iteration.
    Completing 10% with 0 violations.
    elapsed time = 00:00:04, memory = 2037.52 (MB).
    Completing 20% with 0 violations.
    elapsed time = 00:00:08, memory = 1996.99 (MB).
    Completing 30% with 179 violations.
    elapsed time = 00:00:14, memory = 2185.93 (MB).
    Completing 40% with 179 violations.
    elapsed time = 00:00:18, memory = 2155.95 (MB).
    Completing 50% with 179 violations.
    elapsed time = 00:00:24, memory = 2089.27 (MB).
    Completing 60% with 362 violations.
    elapsed time = 00:00:28, memory = 2145.27 (MB).
    Completing 70% with 362 violations.
    elapsed time = 00:00:33, memory = 2133.30 (MB).
    Completing 80% with 525 violations.
    elapsed time = 00:00:39, memory = 2165.30 (MB).
    Completing 90% with 525 violations.
    elapsed time = 00:00:42, memory = 2161.30 (MB).
    Completing 100% with 705 violations.
    elapsed time = 00:00:49, memory = 2081.33 (MB).
[INFO DRT-0199]   Number of violations = 802.
Viol/Layer        met1    via   met2
Metal Spacing       61      0     18
Min Hole             1      0      1
Recheck             68      0     29
Short              500      1    123
[INFO DRT-0267] cpu time = 00:03:08, elapsed time = 00:00:50, memory = 2093.33 (MB), peak = 2221.08 (MB)
Total wire length = 949323 um.
Total wire length on LAYER li1 = 0 um.
Total wire length on LAYER met1 = 441591 um.
Total wire length on LAYER met2 = 433423 um.
Total wire length on LAYER met3 = 49228 um.
Total wire length on LAYER met4 = 24774 um.
Total wire length on LAYER met5 = 305 um.
Total number of vias = 208949.
Up-via summary (total 208949):

-------------------------
 FR_MASTERSLICE         0
            li1     96736
           met1    107936
           met2      3494
           met3       741
           met4        42
-------------------------
               208949


[INFO DRT-0195] Start 1st optimization iteration.
    Completing 10% with 802 violations.
    elapsed time = 00:00:02, memory = 2161.33 (MB).
    Completing 20% with 802 violations.
    elapsed time = 00:00:07, memory = 2213.34 (MB).
    Completing 30% with 695 violations.
    elapsed time = 00:00:12, memory = 2203.34 (MB).
    Completing 40% with 695 violations.
    elapsed time = 00:00:15, memory = 2203.34 (MB).
    Completing 50% with 695 violations.
    elapsed time = 00:00:21, memory = 2203.34 (MB).
    Completing 60% with 567 violations.
    elapsed time = 00:00:27, memory = 2203.36 (MB).
    Completing 70% with 567 violations.
    elapsed time = 00:00:31, memory = 2203.36 (MB).
    Completing 80% with 426 violations.
    elapsed time = 00:00:37, memory = 2203.36 (MB).
    Completing 90% with 426 violations.
    elapsed time = 00:00:40, memory = 2203.36 (MB).
    Completing 100% with 265 violations.
    elapsed time = 00:00:47, memory = 2203.36 (MB).
[INFO DRT-0199]   Number of violations = 265.
Viol/Layer        met1   met2
Metal Spacing       20     11
Short              204     30
[INFO DRT-0267] cpu time = 00:03:00, elapsed time = 00:00:47, memory = 2203.36 (MB), peak = 2221.08 (MB)
Total wire length = 949225 um.
Total wire length on LAYER li1 = 0 um.
Total wire length on LAYER met1 = 441509 um.
Total wire length on LAYER met2 = 433409 um.
Total wire length on LAYER met3 = 49231 um.
Total wire length on LAYER met4 = 24769 um.
Total wire length on LAYER met5 = 305 um.
Total number of vias = 208960.
Up-via summary (total 208960):

-------------------------
 FR_MASTERSLICE         0
            li1     96737
           met1    107948
           met2      3493
           met3       740
           met4        42
-------------------------
               208960


[INFO DRT-0195] Start 2nd optimization iteration.
    Completing 10% with 265 violations.
    elapsed time = 00:00:00, memory = 2203.36 (MB).
    Completing 20% with 265 violations.
    elapsed time = 00:00:02, memory = 2203.36 (MB).
    Completing 30% with 280 violations.
    elapsed time = 00:00:03, memory = 2201.36 (MB).
    Completing 40% with 280 violations.
    elapsed time = 00:00:03, memory = 2201.36 (MB).
    Completing 50% with 280 violations.
    elapsed time = 00:00:05, memory = 2201.36 (MB).
    Completing 60% with 272 violations.
    elapsed time = 00:00:06, memory = 2199.36 (MB).
    Completing 70% with 272 violations.
    elapsed time = 00:00:08, memory = 2199.36 (MB).
    Completing 80% with 257 violations.
    elapsed time = 00:00:09, memory = 2197.36 (MB).
    Completing 90% with 257 violations.
    elapsed time = 00:00:09, memory = 2197.36 (MB).
    Completing 100% with 240 violations.
    elapsed time = 00:00:11, memory = 2191.36 (MB).
[INFO DRT-0199]   Number of violations = 240.
Viol/Layer        met1   met2
Metal Spacing       10     14
Short              187     29
[INFO DRT-0267] cpu time = 00:00:41, elapsed time = 00:00:11, memory = 2189.36 (MB), peak = 2221.08 (MB)
Total wire length = 949135 um.
Total wire length on LAYER li1 = 0 um.
Total wire length on LAYER met1 = 441391 um.
Total wire length on LAYER met2 = 433424 um.
Total wire length on LAYER met3 = 49252 um.
Total wire length on LAYER met4 = 24761 um.
Total wire length on LAYER met5 = 305 um.
Total number of vias = 208943.
Up-via summary (total 208943):

-------------------------
 FR_MASTERSLICE         0
            li1     96738
           met1    107933
           met2      3490
           met3       740
           met4        42
-------------------------
               208943


[INFO DRT-0195] Start 3rd optimization iteration.
    Completing 10% with 240 violations.
    elapsed time = 00:00:00, memory = 2189.36 (MB).
    Completing 20% with 240 violations.
    elapsed time = 00:00:01, memory = 2189.36 (MB).
    Completing 30% with 176 violations.
    elapsed time = 00:00:02, memory = 2189.36 (MB).
    Completing 40% with 176 violations.
    elapsed time = 00:00:02, memory = 2189.36 (MB).
    Completing 50% with 176 violations.
    elapsed time = 00:00:04, memory = 2189.36 (MB).
    Completing 60% with 137 violations.
    elapsed time = 00:00:04, memory = 2183.36 (MB).
    Completing 70% with 137 violations.
    elapsed time = 00:00:05, memory = 2183.36 (MB).
    Completing 80% with 106 violations.
    elapsed time = 00:00:06, memory = 2183.36 (MB).
    Completing 90% with 106 violations.
    elapsed time = 00:00:06, memory = 2183.36 (MB).
    Completing 100% with 2 violations.
    elapsed time = 00:00:09, memory = 2183.36 (MB).
[INFO DRT-0199]   Number of violations = 2.
Viol/Layer        met2
Metal Spacing        2
[INFO DRT-0267] cpu time = 00:00:32, elapsed time = 00:00:09, memory = 2179.36 (MB), peak = 2221.08 (MB)
Total wire length = 949086 um.
Total wire length on LAYER li1 = 0 um.
Total wire length on LAYER met1 = 440284 um.
Total wire length on LAYER met2 = 433401 um.
Total wire length on LAYER met3 = 50287 um.
Total wire length on LAYER met4 = 24821 um.
Total wire length on LAYER met5 = 291 um.
Total number of vias = 209073.
Up-via summary (total 209073):

-------------------------
 FR_MASTERSLICE         0
            li1     96734
           met1    107983
           met2      3574
           met3       742
           met4        40
-------------------------
               209073


[INFO DRT-0195] Start 4th guides tiles iteration.
    Completing 50% with 2 violations.
    elapsed time = 00:00:00, memory = 2179.36 (MB).
    Completing 100% with 0 violations.
    elapsed time = 00:00:00, memory = 2179.36 (MB).
[INFO DRT-0199]   Number of violations = 0.
[INFO DRT-0267] cpu time = 00:00:00, elapsed time = 00:00:00, memory = 2179.36 (MB), peak = 2221.08 (MB)
Total wire length = 949085 um.
Total wire length on LAYER li1 = 0 um.
Total wire length on LAYER met1 = 440284 um.
Total wire length on LAYER met2 = 433401 um.
Total wire length on LAYER met3 = 50287 um.
Total wire length on LAYER met4 = 24821 um.
Total wire length on LAYER met5 = 291 um.
Total number of vias = 209073.
Up-via summary (total 209073):

-------------------------
 FR_MASTERSLICE         0
            li1     96734
           met1    107983
           met2      3574
           met3       742
           met4        40
-------------------------
               209073


[INFO DRT-0198] Complete detail routing.
Total wire length = 949085 um.
Total wire length on LAYER li1 = 0 um.
Total wire length on LAYER met1 = 440284 um.
Total wire length on LAYER met2 = 433401 um.
Total wire length on LAYER met3 = 50287 um.
Total wire length on LAYER met4 = 24821 um.
Total wire length on LAYER met5 = 291 um.
Total number of vias = 209073.
Up-via summary (total 209073):

-------------------------
 FR_MASTERSLICE         0
            li1     96734
           met1    107983
           met2      3574
           met3       742
           met4        40
-------------------------
               209073


[INFO DRT-0267] cpu time = 00:07:23, elapsed time = 00:01:59, memory = 2179.42 (MB), peak = 2221.08 (MB)

[INFO DRT-0180] Post processing.
[INFO DRT-0501] Runtime: 289.71s
[INFO ANT-0002] Found 2 net violations.
[INFO ANT-0001] Found 2 pin violations.
[INFO GRT-0012] Found 2 antenna violations.
[INFO DPL-0006] Core area: 930585.00 um^2
[INFO DPL-0007] Movable instances area: 0.00 um^2
[INFO DPL-0008] Fixed instances area within core: 358277.37 um^2
[INFO DPL-0009] Utilization: 38.5%
[INFO DPL-0005] Diamond search max displacement: +/- 500 sites horizontally, +/- 100 rows vertically.
[INFO DPL-1102] Legalizing using negotiation legalizer.
[INFO DPL-1103] Negotiation base search window: +/-20 sites horizontally, +/-5 rows vertically 
	Automatic search window extension enabled.
	Search window extendable up to the max displacement cap of +/-500 sites, +/-100 rows near walls.
[INFO DPL-1104] NegotiationLegalizer DRC penalty: 5.
[INFO DPL-0392] Negotiation cell height distribution (1 unique row-count(s)):
[INFO DPL-0393]   height 1 row(s): 41878 cells
[INFO DPL-0500] Runtime: 0.19s
[INFO GRT-0015] Inserted 5 diodes.
[INFO DRT-0024]   Complete FR_MASTERSLICE.
[INFO DRT-0024]   Complete Fr_VIA.
[INFO DRT-0024]   Complete li1.
[INFO DRT-0024]   Complete mcon.
[INFO DRT-0024]   Complete met1.
[INFO DRT-0024]   Complete via.
[INFO DRT-0024]   Complete met2.
[INFO DRT-0024]   Complete via2.
[INFO DRT-0024]   Complete met3.
[INFO DRT-0024]   Complete via3.
[INFO DRT-0024]   Complete met4.
[INFO DRT-0024]   Complete via4.
[INFO DRT-0024]   Complete met5.
[INFO DRT-0165] Start pin access.
[INFO DRT-0076]   Complete 1000 pins.
[INFO DRT-0078]   Complete 1826 pins.
[INFO DRT-0079]   Complete 100 unique inst patterns.
[INFO DRT-0079]   Complete 200 unique inst patterns.
[INFO DRT-0081]   Complete 225 unique inst patterns.
[INFO DRT-0082]   Complete 10000 groups.
[INFO DRT-0082]   Complete 20000 groups.
[INFO DRT-0084]   Complete 20749 groups.
#scanned instances     = 41878
#unique  instances     = 225
#stdCellGenAp          = 7826
#stdCellValidPlanarAp  = 90
#stdCellValidViaAp     = 5443
#stdCellPinNoAp        = 10
#stdCellPinCnt         = 108835
#instTermValidViaApCnt = 0
#macroGenAp            = 0
#macroValidPlanarAp    = 0
#macroValidViaAp       = 0
#macroNoAp             = 0
[INFO DRT-0166] Complete pin access.
[INFO DRT-0267] cpu time = 00:10:43, elapsed time = 00:02:43, memory = 2087.42 (MB), peak = 2221.08 (MB)
[INFO DRT-0156] guideIn read 100000 guides.
[INFO DRT-0156] guideIn read 200000 guides.

[INFO DRT-0157] Number of guides:     240919

[INFO DRT-0169] Post process guides.
[INFO DRT-0176] GCELLGRID X 0 DO 140 STEP 6900 ;
[INFO DRT-0177] GCELLGRID Y 0 DO 140 STEP 6900 ;
[INFO DRT-0026]   Complete 100000 origin guides.
[INFO DRT-0026]   Complete 200000 origin guides.
[INFO DRT-0028]   Complete FR_MASTERSLICE.
[INFO DRT-0028]   Complete Fr_VIA.
[INFO DRT-0028]   Complete li1.
[INFO DRT-0028]   Complete mcon.
[INFO DRT-0028]   Complete met1.
[INFO DRT-0028]   Complete via.
[INFO DRT-0028]   Complete met2.
[INFO DRT-0028]   Complete via2.
[INFO DRT-0028]   Complete met3.
[INFO DRT-0028]   Complete via3.
[INFO DRT-0028]   Complete met4.
[INFO DRT-0028]   Complete via4.
[INFO DRT-0028]   Complete met5.
[INFO DRT-0178] Init guide query.
[INFO DRT-0035]   Complete FR_MASTERSLICE (guide).
[INFO DRT-0035]   Complete Fr_VIA (guide).
[INFO DRT-0035]   Complete li1 (guide).
[INFO DRT-0035]   Complete mcon (guide).
[INFO DRT-0035]   Complete met1 (guide).
[INFO DRT-0035]   Complete via (guide).
[INFO DRT-0035]   Complete met2 (guide).
[INFO DRT-0035]   Complete via2 (guide).
[INFO DRT-0035]   Complete met3 (guide).
[INFO DRT-0035]   Complete via3 (guide).
[INFO DRT-0035]   Complete met4 (guide).
[INFO DRT-0035]   Complete via4 (guide).
[INFO DRT-0035]   Complete met5 (guide).
[INFO DRT-0036] FR_MASTERSLICE guide region query size = 0.
[INFO DRT-0036] FR_VIA guide region query size = 0.
[INFO DRT-0036] li1 guide region query size = 80367.
[INFO DRT-0036] mcon guide region query size = 0.
[INFO DRT-0036] met1 guide region query size = 73077.
[INFO DRT-0036] via guide region query size = 0.
[INFO DRT-0036] met2 guide region query size = 33253.
[INFO DRT-0036] via2 guide region query size = 0.
[INFO DRT-0036] met3 guide region query size = 1098.
[INFO DRT-0036] via3 guide region query size = 0.
[INFO DRT-0036] met4 guide region query size = 503.
[INFO DRT-0036] via4 guide region query size = 0.
[INFO DRT-0036] met5 guide region query size = 21.
[INFO DRT-0179] Init gr pin query.
[INFO DRT-0267] cpu time = 00:00:00, elapsed time = 00:00:00, memory = 2087.42 (MB), peak = 2221.08 (MB)
[INFO DRT-0245] skipped writing guide updates to database.
[INFO DRT-0181] Start track assignment.
[INFO DRT-0184] Done with 114123 vertical wires in 3 frboxes and 74196 horizontal wires in 3 frboxes.
[INFO DRT-0186] Done with 10533 vertical wires in 3 frboxes and 19618 horizontal wires in 3 frboxes.
[INFO DRT-0182] Complete track assignment.
[INFO DRT-0267] cpu time = 00:00:13, elapsed time = 00:00:05, memory = 2291.42 (MB), peak = 2321.30 (MB)
[INFO DRT-0187] Start routing data preparation.
[INFO DRT-0267] cpu time = 00:00:00, elapsed time = 00:00:00, memory = 2291.42 (MB), peak = 2321.30 (MB)
[INFO DRT-0194] Start detail routing.
[INFO DRT-0195] Start 0th optimization iteration.
    Completing 10% with 0 violations.
    elapsed time = 00:00:04, memory = 2337.43 (MB).
    Completing 20% with 0 violations.
    elapsed time = 00:00:07, memory = 2337.43 (MB).
    Completing 30% with 21 violations.
    elapsed time = 00:00:13, memory = 2299.43 (MB).
    Completing 40% with 21 violations.
    elapsed time = 00:00:16, memory = 2299.43 (MB).
    Completing 50% with 21 violations.
    elapsed time = 00:00:21, memory = 2301.43 (MB).
    Completing 60% with 39 violations.
    elapsed time = 00:00:25, memory = 2307.43 (MB).
    Completing 70% with 39 violations.
    elapsed time = 00:00:30, memory = 2307.43 (MB).
    Completing 80% with 69 violations.
    elapsed time = 00:00:36, memory = 2321.43 (MB).
    Completing 90% with 69 violations.
    elapsed time = 00:00:38, memory = 2321.43 (MB).
    Completing 100% with 97 violations.
    elapsed time = 00:00:45, memory = 2321.43 (MB).
[INFO DRT-0199]   Number of violations = 103.
Viol/Layer        met1   met2
Metal Spacing        4      0
Recheck              3      3
Short               84      9
[INFO DRT-0267] cpu time = 00:02:50, elapsed time = 00:00:45, memory = 2321.43 (MB), peak = 2337.30 (MB)
Total wire length = 949104 um.
Total wire length on LAYER li1 = 0 um.
Total wire length on LAYER met1 = 440751 um.
Total wire length on LAYER met2 = 433372 um.
Total wire length on LAYER met3 = 49867 um.
Total wire length on LAYER met4 = 24821 um.
Total wire length on LAYER met5 = 291 um.
Total number of vias = 209036.
Up-via summary (total 209036):

-------------------------
 FR_MASTERSLICE         0
            li1     96739
           met1    107956
           met2      3559
           met3       742
           met4        40
-------------------------
               209036


[INFO DRT-0195] Start 1st optimization iteration.
    Completing 10% with 103 violations.
    elapsed time = 00:00:02, memory = 2321.43 (MB).
    Completing 20% with 103 violations.
    elapsed time = 00:00:06, memory = 2321.43 (MB).
    Completing 30% with 86 violations.
    elapsed time = 00:00:12, memory = 2321.43 (MB).
    Completing 40% with 86 violations.
    elapsed time = 00:00:14, memory = 2321.43 (MB).
    Completing 50% with 86 violations.
    elapsed time = 00:00:20, memory = 2321.43 (MB).
    Completing 60% with 84 violations.
    elapsed time = 00:00:25, memory = 2321.43 (MB).
    Completing 70% with 84 violations.
    elapsed time = 00:00:29, memory = 2309.43 (MB).
    Completing 80% with 79 violations.
    elapsed time = 00:00:35, memory = 2295.43 (MB).
    Completing 90% with 79 violations.
    elapsed time = 00:00:38, memory = 2295.43 (MB).
    Completing 100% with 105 violations.
    elapsed time = 00:00:44, memory = 2293.43 (MB).
[INFO DRT-0199]   Number of violations = 105.
Viol/Layer        met1   met2
Metal Spacing       19      1
Short               75     10
[INFO DRT-0267] cpu time = 00:02:49, elapsed time = 00:00:44, memory = 2291.43 (MB), peak = 2337.30 (MB)
Total wire length = 949094 um.
Total wire length on LAYER li1 = 0 um.
Total wire length on LAYER met1 = 440735 um.
Total wire length on LAYER met2 = 433378 um.
Total wire length on LAYER met3 = 49867 um.
Total wire length on LAYER met4 = 24821 um.
Total wire length on LAYER met5 = 291 um.
Total number of vias = 209036.
Up-via summary (total 209036):

-------------------------
 FR_MASTERSLICE         0
            li1     96737
           met1    107958
           met2      3559
           met3       742
           met4        40
-------------------------
               209036


[INFO DRT-0195] Start 2nd optimization iteration.
    Completing 10% with 105 violations.
    elapsed time = 00:00:00, memory = 2291.43 (MB).
    Completing 20% with 105 violations.
    elapsed time = 00:00:00, memory = 2291.43 (MB).
    Completing 30% with 77 violations.
    elapsed time = 00:00:00, memory = 2291.43 (MB).
    Completing 40% with 77 violations.
    elapsed time = 00:00:00, memory = 2291.43 (MB).
    Completing 50% with 77 violations.
    elapsed time = 00:00:00, memory = 2291.43 (MB).
    Completing 60% with 74 violations.
    elapsed time = 00:00:01, memory = 2291.43 (MB).
    Completing 70% with 74 violations.
    elapsed time = 00:00:01, memory = 2291.43 (MB).
    Completing 80% with 64 violations.
    elapsed time = 00:00:01, memory = 2291.43 (MB).
    Completing 90% with 64 violations.
    elapsed time = 00:00:01, memory = 2291.43 (MB).
    Completing 100% with 63 violations.
    elapsed time = 00:00:02, memory = 2289.43 (MB).
[INFO DRT-0199]   Number of violations = 63.
Viol/Layer        met1   met2
Metal Spacing        0      2
Short               59      2
[INFO DRT-0267] cpu time = 00:00:06, elapsed time = 00:00:02, memory = 2289.43 (MB), peak = 2337.30 (MB)
Total wire length = 949085 um.
Total wire length on LAYER li1 = 0 um.
Total wire length on LAYER met1 = 440716 um.
Total wire length on LAYER met2 = 433388 um.
Total wire length on LAYER met3 = 49867 um.
Total wire length on LAYER met4 = 24821 um.
Total wire length on LAYER met5 = 291 um.
Total number of vias = 209035.
Up-via summary (total 209035):

-------------------------
 FR_MASTERSLICE         0
            li1     96738
           met1    107956
           met2      3559
           met3       742
           met4        40
-------------------------
               209035


[INFO DRT-0195] Start 3rd guides tiles iteration.
    Completing 10% with 63 violations.
    elapsed time = 00:00:00, memory = 2289.43 (MB).
    Completing 20% with 63 violations.
    elapsed time = 00:00:00, memory = 2289.43 (MB).
    Completing 30% with 63 violations.
    elapsed time = 00:00:00, memory = 2289.43 (MB).
    Completing 40% with 63 violations.
    elapsed time = 00:00:00, memory = 2287.43 (MB).
    Completing 50% with 3 violations.
    elapsed time = 00:00:00, memory = 2287.43 (MB).
    Completing 60% with 3 violations.
    elapsed time = 00:00:00, memory = 2287.43 (MB).
    Completing 70% with 3 violations.
    elapsed time = 00:00:00, memory = 2287.43 (MB).
    Completing 80% with 3 violations.
    elapsed time = 00:00:00, memory = 2287.43 (MB).
    Completing 90% with 3 violations.
    elapsed time = 00:00:00, memory = 2287.43 (MB).
    Completing 100% with 0 violations.
    elapsed time = 00:00:00, memory = 2287.43 (MB).
[INFO DRT-0199]   Number of violations = 0.
[INFO DRT-0267] cpu time = 00:00:02, elapsed time = 00:00:01, memory = 2287.43 (MB), peak = 2337.30 (MB)
Total wire length = 949054 um.
Total wire length on LAYER li1 = 0 um.
Total wire length on LAYER met1 = 440094 um.
Total wire length on LAYER met2 = 433401 um.
Total wire length on LAYER met3 = 50444 um.
Total wire length on LAYER met4 = 24821 um.
Total wire length on LAYER met5 = 291 um.
Total number of vias = 209058.
Up-via summary (total 209058):

-------------------------
 FR_MASTERSLICE         0
            li1     96738
           met1    107965
           met2      3573
           met3       742
           met4        40
-------------------------
               209058


[INFO DRT-0198] Complete detail routing.
Total wire length = 949054 um.
Total wire length on LAYER li1 = 0 um.
Total wire length on LAYER met1 = 440094 um.
Total wire length on LAYER met2 = 433401 um.
Total wire length on LAYER met3 = 50444 um.
Total wire length on LAYER met4 = 24821 um.
Total wire length on LAYER met5 = 291 um.
Total number of vias = 209058.
Up-via summary (total 209058):

-------------------------
 FR_MASTERSLICE         0
            li1     96738
           met1    107965
           met2      3573
           met3       742
           met4        40
-------------------------
               209058


[INFO DRT-0267] cpu time = 00:05:49, elapsed time = 00:01:33, memory = 2287.43 (MB), peak = 2337.30 (MB)

[INFO DRT-0180] Post processing.
[INFO DRT-0501] Runtime: 264.84s
[INFO ANT-0002] Found 0 net violations.
[INFO ANT-0001] Found 0 pin violations.
[INFO ANT-0002] Found 0 net violations.
[INFO ANT-0001] Found 0 pin violations.
Design area 358277 um^2 39% utilization.
write_db ./results/sky130hd/similarity_asic_transfer_blocal/base/5_2_route.odb
Elapsed time: 22:15.89[h:]min:sec. CPU time: user 5093.37 sys 1.92 (381%). Peak memory: 2393392KB.
Log                       Ext     Elapsed/s Peak Memory/MB sha1sum result [0:20)
5_2_route                 .odb         1335           2337 651c6ae22159d080fd5c
