OpenROAD unknown 
Features included (+) or not (-): -GPU +GUI -Python
This program is licensed under the BSD-3 license. See the LICENSE file for details.
Components of this program may be licensed under more restrictive licenses which must be honored.
[INFO ORD-0030] Using 4 thread(s).
read_liberty /OpenROAD-flow-scripts/flow/platforms/sky130hd/lib/sky130_fd_sc_hd__tt_025C_1v80.lib
read_db ./results/sky130hd/similarity_asic_transfer_blocal/base/6_1_fill.odb
read_sdc ./results/sky130hd/similarity_asic_transfer_blocal/base/6_1_fill.sdc
source /OpenROAD-flow-scripts/flow/platforms/sky130hd/setRC.tcl
write_db ./results/sky130hd/similarity_asic_transfer_blocal/base/6_final.odb
write_sdc -no_timestamp ./results/sky130hd/similarity_asic_transfer_blocal/base/6_final.sdc
Deleted 0 routing obstructions
Warning: master sky130_ef_sc_hd__decap_12 has signal pins but no liberty cell
[INFO RCX-0431] Defined process_corner X with ext_model_index 0
[INFO RCX-0029] Defined extraction corner X
[INFO RCX-0435] Reading extraction model file /OpenROAD-flow-scripts/flow/platforms/sky130hd/rcx_patterns.rules ...
[INFO RCX-0436] RC segment generation similarity_asic_transfer_blocal (max_merge_res 50.0) ...
[INFO RCX-0040] Final 109142 rc segments
[INFO RCX-0439] Coupling Cap extraction similarity_asic_transfer_blocal ...
[INFO RCX-0440] Coupling threshhold is 0.1000 fF, coupling capacitance less than 0.1000 fF will be grounded.
[INFO RCX-0442] 28% of 226082 wires extracted
[INFO RCX-0442] 56% of 226082 wires extracted
[INFO RCX-0442] 80% of 226082 wires extracted
[INFO RCX-0442] 100% of 226082 wires extracted
[INFO RCX-0045] Extract 38753 nets, 147794 rsegs, 147794 caps, 226274 ccs
[INFO RCX-0443] 38753 nets finished
[INFO PSM-0040] All shapes on net VDD are connected.
########## IR report #################
Net              : VDD
Corner           : default
Total power      : 2.54e-02 W
Supply voltage   : 1.80e+00 V
Worstcase voltage: 1.80e+00 V
Average voltage  : 1.80e+00 V
Average IR drop  : 5.62e-06 V
Worstcase IR drop: 2.68e-04 V
Percentage drop  : 0.01 %
######################################
[INFO PSM-0040] All shapes on net VSS are connected.
########## IR report #################
Net              : VSS
Corner           : default
Total power      : 2.54e-02 W
Supply voltage   : 0.00e+00 V
Worstcase voltage: 2.85e-04 V
Average voltage  : 5.54e-06 V
Average IR drop  : 5.54e-06 V
Worstcase IR drop: 2.85e-04 V
Percentage drop  : 0.02 %
######################################
Cell type report:                        Count        Area
  Fill cell                              89205   572307.64
  Tap cell                               12460    15589.95
  Antenna cell                             356      890.85
  Clock buffer                             438     9585.44
  Timing Repair Buffer                     501     4504.32
  Inverter                                 282     1059.77
  Clock inverter                           185     2577.47
  Sequential cell                         2492    49889.10
  Multi-Input combinational cell         25164   274180.46
  Total                                 131083   930585.00
Report metrics stage 6, finish...

==========================================================================
finish report_design_area
--------------------------------------------------------------------------
Design area 358277 um^2 39% utilization.
Elapsed time: 2:45.75[h:]min:sec. CPU time: user 222.30 sys 1.16 (134%). Peak memory: 976948KB.
Log                       Ext     Elapsed/s Peak Memory/MB sha1sum result [0:20)
6_report                                165            954                  N/A
